172.20.0.1 - - [04/Feb/2026:13:54:39 +0530] "GET /api/auth/admin/fraud-logs/ HTTP/1.1" 200 5111 "http://localhost/" "Mozilla/5.0 (Windows NT 10.0; Win64; x64) AppleWebKit/537.36 (KHTML, like Gecko) Chrome/144.0.0.0 Safari/537.36"
172.20.0.1 - - [04/Feb/2026:13:54:39 +0530] "GET /api/auth/admin/operators/ HTTP/1.1" 200 2526 "http://localhost/" "Mozilla/5.0 (Windows NT 10.0; Win64; x64) AppleWebKit/537.36 (KHTML, like Gecko) Chrome/144.0.0.0 Safari/537.36"
172.20.0.1 - - [04/Feb/2026:13:54:39 +0530] "GET /api/auth/admin/stats/ HTTP/1.1" 200 153 "http://localhost/" "Mozilla/5.0 (Windows NT 10.0; Win64; x64) AppleWebKit/537.36 (KHTML, like Gecko) Chrome/144.0.0.0 Safari/537.36"
172.20.0.1 - - [04/Feb/2026:13:54:39 +0530] "GET /api/auth/admin/voter-stats-chart/?period=24h HTTP/1.1" 200 271 "http://localhost/" "Mozilla/5.0 (Windows NT 10.0; Win64; x64) AppleWebKit/537.36 (KHTML, like Gecko) Chrome/144.0.0.0 Safari/537.36"
127.0.0.1 - - [04/Feb/2026:13:54:40 +0530] "GET /api/health/ HTTP/1.1" 200 99 "-" "curl/8.14.1"
172.20.0.1 - - [04/Feb/2026:13:55:10 +0530] "GET /api/auth/admin/operators/ HTTP/1.1" 200 2526 "http://localhost/" "Mozilla/5.0 (Windows NT 10.0; Win64; x64) AppleWebKit/537.36 (KHTML, like Gecko) Chrome/144.0.0.0 Safari/537.36"
172.20.0.1 - - [04/Feb/2026:13:55:10 +0530] "GET /api/auth/admin/fraud-logs/ HTTP/1.1" 200 5111 "http://localhost/" "Mozilla/5.0 (Windows NT 10.0; Win64; x64) AppleWebKit/537.36 (KHTML, like Gecko) Chrome/144.0.0.0 Safari/537.36"
172.20.0.1 - - [04/Feb/2026:13:55:10 +0530] "GET /api/auth/admin/stats/ HTTP/1.1" 200 153 "http://localhost/" "Mozilla/5.0 (Windows NT 10.0; Win64; x64) AppleWebKit/537.36 (KHTML, like Gecko) Chrome/144.0.0.0 Safari/537.36"
172.20.0.1 - - [04/Feb/2026:13:55:10 +0530] "GET /api/auth/admin/voter-stats-chart/?period=24h HTTP/1.1" 200 271 "http://localhost/" "Mozilla/5.0 (Windows NT 10.0; Win64; x64) AppleWebKit/537.36 (KHTML, like Gecko) Chrome/144.0.0.0 Safari/537.36"
127.0.0.1 - - [04/Feb/2026:13:55:10 +0530] "GET /api/health/ HTTP/1.1" 200 99 "-" "curl/8.14.1"
172.20.0.1 - - [04/Feb/2026:13:55:40 +0530] "GET /api/auth/admin/fraud-logs/ HTTP/1.1" 200 5111 "http://localhost/" "Mozilla/5.0 (Windows NT 10.0; Win64; x64) AppleWebKit/537.36 (KHTML, like Gecko) Chrome/144.0.0.0 Safari/537.36"
172.20.0.1 - - [04/Feb/2026:13:55:40 +0530] "GET /api/auth/admin/operators/ HTTP/1.1" 200 2526 "http://localhost/" "Mozilla/5.0 (Windows NT 10.0; Win64; x64) AppleWebKit/537.36 (KHTML, like Gecko) Chrome/144.0.0.0 Safari/537.36"
172.20.0.1 - - [04/Feb/2026:13:55:40 +0530] "GET /api/auth/admin/stats/ HTTP/1.1" 200 153 "http://localhost/" "Mozilla/5.0 (Windows NT 10.0; Win64; x64) AppleWebKit/537.36 (KHTML, like Gecko) Chrome/144.0.0.0 Safari/537.36"
172.20.0.1 - - [04/Feb/2026:13:55:40 +0530] "GET /api/auth/admin/voter-stats-chart/?period=24h HTTP/1.1" 200 271 "http://localhost/" "Mozilla/5.0 (Windows NT 10.0; Win64; x64) AppleWebKit/537.36 (KHTML, like Gecko) Chrome/144.0.0.0 Safari/537.36"
127.0.0.1 - - [04/Feb/2026:13:55:40 +0530] "GET /api/health/ HTTP/1.1" 200 99 "-" "curl/8.14.1"
172.20.0.1 - - [04/Feb/2026:13:56:10 +0530] "GET /api/auth/admin/fraud-logs/ HTTP/1.1" 200 5111 "http://localhost/" "Mozilla/5.0 (Windows NT 10.0; Win64; x64) AppleWebKit/537.36 (KHTML, like Gecko) Chrome/144.0.0.0 Safari/537.36"
172.20.0.1 - - [04/Feb/2026:13:56:10 +0530] "GET /api/auth/admin/operators/ HTTP/1.1" 200 2526 "http://localhost/" "Mozilla/5.0 (Windows NT 10.0; Win64; x64) AppleWebKit/537.36 (KHTML, like Gecko) Chrome/144.0.0.0 Safari/537.36"
172.20.0.1 - - [04/Feb/2026:13:56:10 +0530] "GET /api/auth/admin/stats/ HTTP/1.1" 200 153 "http://localhost/" "Mozilla/5.0 (Windows NT 10.0; Win64; x64) AppleWebKit/537.36 (KHTML, like Gecko) Chrome/144.0.0.0 Safari/537.36"
172.20.0.1 - - [04/Feb/2026:13:56:10 +0530] "GET /api/auth/admin/voter-stats-chart/?period=24h HTTP/1.1" 200 271 "http://localhost/" "Mozilla/5.0 (Windows NT 10.0; Win64; x64) AppleWebKit/537.36 (KHTML, like Gecko) Chrome/144.0.0.0 Safari/537.36"
127.0.0.1 - - [04/Feb/2026:13:56:10 +0530] "GET /api/health/ HTTP/1.1" 200 99 "-" "curl/8.14.1"
172.20.0.1 - - [04/Feb/2026:13:56:40 +0530] "GET /api/auth/admin/fraud-logs/ HTTP/1.1" 200 5111 "http://localhost/" "Mozilla/5.0 (Windows NT 10.0; Win64; x64) AppleWebKit/537.36 (KHTML, like Gecko) Chrome/144.0.0.0 Safari/537.36"
172.20.0.1 - - [04/Feb/2026:13:56:40 +0530] "GET /api/auth/admin/operators/ HTTP/1.1" 200 2526 "http://localhost/" "Mozilla/5.0 (Windows NT 10.0; Win64; x64) AppleWebKit/537.36 (KHTML, like Gecko) Chrome/144.0.0.0 Safari/537.36"
172.20.0.1 - - [04/Feb/2026:13:56:40 +0530] "GET /api/auth/admin/stats/ HTTP/1.1" 200 153 "http://localhost/" "Mozilla/5.0 (Windows NT 10.0; Win64; x64) AppleWebKit/537.36 (KHTML, like Gecko) Chrome/144.0.0.0 Safari/537.36"
172.20.0.1 - - [04/Feb/2026:13:56:40 +0530] "GET /api/auth/admin/voter-stats-chart/?period=24h HTTP/1.1" 200 271 "http://localhost/" "Mozilla/5.0 (Windows NT 10.0; Win64; x64) AppleWebKit/537.36 (KHTML, like Gecko) Chrome/144.0.0.0 Safari/537.36"
127.0.0.1 - - [04/Feb/2026:13:56:40 +0530] "GET /api/health/ HTTP/1.1" 200 99 "-" "curl/8.14.1"
172.20.0.1 - - [04/Feb/2026:13:57:10 +0530] "GET /api/auth/admin/voter-stats-chart/?period=24h HTTP/1.1" 200 271 "http://localhost/" "Mozilla/5.0 (Windows NT 10.0; Win64; x64) AppleWebKit/537.36 (KHTML, like Gecko) Chrome/144.0.0.0 Safari/537.36"
172.20.0.1 - - [04/Feb/2026:13:57:10 +0530] "GET /api/auth/admin/fraud-logs/ HTTP/1.1" 200 5111 "http://localhost/" "Mozilla/5.0 (Windows NT 10.0; Win64; x64) AppleWebKit/537.36 (KHTML, like Gecko) Chrome/144.0.0.0 Safari/537.36"
172.20.0.1 - - [04/Feb/2026:13:57:10 +0530] "GET /api/auth/admin/stats/ HTTP/1.1" 200 153 "http://localhost/" "Mozilla/5.0 (Windows NT 10.0; Win64; x64) AppleWebKit/537.36 (KHTML, like Gecko) Chrome/144.0.0.0 Safari/537.36"
172.20.0.1 - - [04/Feb/2026:13:57:10 +0530] "GET /api/auth/admin/operators/ HTTP/1.1" 200 2526 "http://localhost/" "Mozilla/5.0 (Windows NT 10.0; Win64; x64) AppleWebKit/537.36 (KHTML, like Gecko) Chrome/144.0.0.0 Safari/537.36"
127.0.0.1 - - [04/Feb/2026:13:57:10 +0530] "GET /api/health/ HTTP/1.1" 200 99 "-" "curl/8.14.1"
172.20.0.1 - - [04/Feb/2026:13:57:18 +0530] "GET /api/auth/current-user/ HTTP/1.1" 200 277 "http://localhost/" "Mozilla/5.0 (Windows NT 10.0; Win64; x64) AppleWebKit/537.36 (KHTML, like Gecko) Chrome/144.0.0.0 Safari/537.36"
172.20.0.1 - - [04/Feb/2026:13:57:18 +0530] "GET /api/auth/admin/fraud-logs/ HTTP/1.1" 200 5111 "http://localhost/" "Mozilla/5.0 (Windows NT 10.0; Win64; x64) AppleWebKit/537.36 (KHTML, like Gecko) Chrome/144.0.0.0 Safari/537.36"
172.20.0.1 - - [04/Feb/2026:13:57:18 +0530] "GET /api/auth/admin/operators/ HTTP/1.1" 200 2526 "http://localhost/" "Mozilla/5.0 (Windows NT 10.0; Win64; x64) AppleWebKit/537.36 (KHTML, like Gecko) Chrome/144.0.0.0 Safari/537.36"
172.20.0.1 - - [04/Feb/2026:13:57:18 +0530] "GET /api/auth/admin/stats/ HTTP/1.1" 200 153 "http://localhost/" "Mozilla/5.0 (Windows NT 10.0; Win64; x64) AppleWebKit/537.36 (KHTML, like Gecko) Chrome/144.0.0.0 Safari/537.36"
172.20.0.1 - - [04/Feb/2026:13:57:18 +0530] "GET /api/auth/admin/voter-stats-chart/?period=24h HTTP/1.1" 200 271 "http://localhost/" "Mozilla/5.0 (Windows NT 10.0; Win64; x64) AppleWebKit/537.36 (KHTML, like Gecko) Chrome/144.0.0.0 Safari/537.36"
172.20.0.1 - - [04/Feb/2026:13:57:18 +0530] "GET /api/auth/current-user/ HTTP/1.1" 200 277 "http://localhost/" "Mozilla/5.0 (Windows NT 10.0; Win64; x64) AppleWebKit/537.36 (KHTML, like Gecko) Chrome/144.0.0.0 Safari/537.36"
172.20.0.1 - - [04/Feb/2026:13:57:18 +0530] "GET /api/auth/admin/fraud-logs/ HTTP/1.1" 200 5111 "http://localhost/" "Mozilla/5.0 (Windows NT 10.0; Win64; x64) AppleWebKit/537.36 (KHTML, like Gecko) Chrome/144.0.0.0 Safari/537.36"
172.20.0.1 - - [04/Feb/2026:13:57:18 +0530] "GET /api/auth/admin/operators/ HTTP/1.1" 200 2526 "http://localhost/" "Mozilla/5.0 (Windows NT 10.0; Win64; x64) AppleWebKit/537.36 (KHTML, like Gecko) Chrome/144.0.0.0 Safari/537.36"
172.20.0.1 - - [04/Feb/2026:13:57:18 +0530] "GET /api/auth/admin/stats/ HTTP/1.1" 200 153 "http://localhost/" "Mozilla/5.0 (Windows NT 10.0; Win64; x64) AppleWebKit/537.36 (KHTML, like Gecko) Chrome/144.0.0.0 Safari/537.36"
172.20.0.1 - - [04/Feb/2026:13:57:18 +0530] "GET /api/auth/admin/voter-stats-chart/?period=24h HTTP/1.1" 200 271 "http://localhost/" "Mozilla/5.0 (Windows NT 10.0; Win64; x64) AppleWebKit/537.36 (KHTML, like Gecko) Chrome/144.0.0.0 Safari/537.36"
172.20.0.1 - - [04/Feb/2026:13:57:19 +0530] "GET /api/auth/current-user/ HTTP/1.1" 200 277 "http://localhost/" "Mozilla/5.0 (Windows NT 10.0; Win64; x64) AppleWebKit/537.36 (KHTML, like Gecko) Chrome/144.0.0.0 Safari/537.36"
172.20.0.1 - - [04/Feb/2026:13:57:19 +0530] "GET /api/auth/admin/fraud-logs/ HTTP/1.1" 200 5111 "http://localhost/" "Mozilla/5.0 (Windows NT 10.0; Win64; x64) AppleWebKit/537.36 (KHTML, like Gecko) Chrome/144.0.0.0 Safari/537.36"
172.20.0.1 - - [04/Feb/2026:13:57:19 +0530] "GET /api/auth/admin/operators/ HTTP/1.1" 200 2526 "http://localhost/" "Mozilla/5.0 (Windows NT 10.0; Win64; x64) AppleWebKit/537.36 (KHTML, like Gecko) Chrome/144.0.0.0 Safari/537.36"
172.20.0.1 - - [04/Feb/2026:13:57:19 +0530] "GET /api/auth/admin/stats/ HTTP/1.1" 200 153 "http://localhost/" "Mozilla/5.0 (Windows NT 10.0; Win64; x64) AppleWebKit/537.36 (KHTML, like Gecko) Chrome/144.0.0.0 Safari/537.36"
172.20.0.1 - - [04/Feb/2026:13:57:19 +0530] "GET /api/auth/admin/voter-stats-chart/?period=24h HTTP/1.1" 200 271 "http://localhost/" "Mozilla/5.0 (Windows NT 10.0; Win64; x64) AppleWebKit/537.36 (KHTML, like Gecko) Chrome/144.0.0.0 Safari/537.36"
172.20.0.1 - - [04/Feb/2026:13:57:29 +0530] "GET /api/auth/admin/operators/ HTTP/1.1" 200 2526 "http://localhost/" "Mozilla/5.0 (Windows NT 10.0; Win64; x64) AppleWebKit/537.36 (KHTML, like Gecko) Chrome/144.0.0.0 Safari/537.36"
172.20.0.1 - - [04/Feb/2026:13:57:29 +0530] "GET /api/auth/admin/fraud-logs/?page=1&limit=10 HTTP/1.1" 200 2609 "http://localhost/" "Mozilla/5.0 (Windows NT 10.0; Win64; x64) AppleWebKit/537.36 (KHTML, like Gecko) Chrome/144.0.0.0 Safari/537.36"
172.20.0.1 - - [04/Feb/2026:13:57:30 +0530] "GET /api/auth/admin/fraud-logs/?page=1&limit=10 HTTP/1.1" 200 2609 "http://localhost/" "Mozilla/5.0 (Windows NT 10.0; Win64; x64) AppleWebKit/537.36 (KHTML, like Gecko) Chrome/144.0.0.0 Safari/537.36"
127.0.0.1 - - [04/Feb/2026:13:57:41 +0530] "GET /api/health/ HTTP/1.1" 200 99 "-" "curl/8.14.1"
127.0.0.1 - - [04/Feb/2026:13:58:11 +0530] "GET /api/health/ HTTP/1.1" 200 99 "-" "curl/8.14.1"
127.0.0.1 - - [04/Feb/2026:13:58:41 +0530] "GET /api/health/ HTTP/1.1" 200 99 "-" "curl/8.14.1"
127.0.0.1 - - [04/Feb/2026:13:59:11 +0530] "GET /api/health/ HTTP/1.1" 200 99 "-" "curl/8.14.1"
127.0.0.1 - - [04/Feb/2026:13:59:41 +0530] "GET /api/health/ HTTP/1.1" 200 99 "-" "curl/8.14.1"
172.20.0.1 - - [04/Feb/2026:13:59:58 +0530] "GET /api/auth/admin/audit-logs/?page=1&limit=15 HTTP/1.1" 200 4152 "http://localhost/" "Mozilla/5.0 (iPhone; CPU iPhone OS 18_5 like Mac OS X) AppleWebKit/605.1.15 (KHTML, like Gecko) Version/18.5 Mobile/15E148 Safari/604.1"
127.0.0.1 - - [04/Feb/2026:14:00:11 +0530] "GET /api/health/ HTTP/1.1" 200 99 "-" "curl/8.14.1"
127.0.0.1 - - [04/Feb/2026:14:00:41 +0530] "GET /api/health/ HTTP/1.1" 200 99 "-" "curl/8.14.1"
127.0.0.1 - - [04/Feb/2026:14:01:11 +0530] "GET /api/health/ HTTP/1.1" 200 99 "-" "curl/8.14.1"
172.20.0.1 - - [04/Feb/2026:14:01:16 +0530] "OPTIONS /api/auth/admin/audit-logs/?page=2&limit=15 HTTP/1.1" 200 0 "http://localhost/" "Mozilla/5.0 (iPhone; CPU iPhone OS 18_5 like Mac OS X) AppleWebKit/605.1.15 (KHTML, like Gecko) Version/18.5 Mobile/15E148 Safari/604.1"
172.20.0.1 - - [04/Feb/2026:14:01:16 +0530] "GET /api/auth/admin/audit-logs/?page=2&limit=15 HTTP/1.1" 200 1407 "http://localhost/" "Mozilla/5.0 (iPhone; CPU iPhone OS 18_5 like Mac OS X) AppleWebKit/605.1.15 (KHTML, like Gecko) Version/18.5 Mobile/15E148 Safari/604.1"
172.20.0.1 - - [04/Feb/2026:14:01:19 +0530] "GET /api/auth/admin/audit-logs/?page=1&limit=15 HTTP/1.1" 200 4152 "http://localhost/" "Mozilla/5.0 (iPhone; CPU iPhone OS 18_5 like Mac OS X) AppleWebKit/605.1.15 (KHTML, like Gecko) Version/18.5 Mobile/15E148 Safari/604.1"
172.20.0.1 - - [04/Feb/2026:14:01:21 +0530] "GET /api/auth/admin/audit-logs/?page=1&limit=15 HTTP/1.1" 200 4152 "http://localhost/" "Mozilla/5.0 (iPhone; CPU iPhone OS 18_5 like Mac OS X) AppleWebKit/605.1.15 (KHTML, like Gecko) Version/18.5 Mobile/15E148 Safari/604.1"
172.20.0.1 - - [04/Feb/2026:14:01:23 +0530] "GET /api/auth/admin/fraud-logs/?page=1&limit=10 HTTP/1.1" 200 2609 "http://localhost/" "Mozilla/5.0 (iPhone; CPU iPhone OS 18_5 like Mac OS X) AppleWebKit/605.1.15 (KHTML, like Gecko) Version/18.5 Mobile/15E148 Safari/604.1"
172.20.0.1 - - [04/Feb/2026:14:01:23 +0530] "GET /api/auth/admin/fraud-logs/?page=1&limit=10 HTTP/1.1" 200 2609 "http://localhost/" "Mozilla/5.0 (iPhone; CPU iPhone OS 18_5 like Mac OS X) AppleWebKit/605.1.15 (KHTML, like Gecko) Version/18.5 Mobile/15E148 Safari/604.1"
172.20.0.1 - - [04/Feb/2026:14:01:24 +0530] "OPTIONS /api/auth/admin/fraud-logs/f6b67d87-4840-4044-9b84-d12c20a843df/ HTTP/1.1" 200 0 "http://localhost/" "Mozilla/5.0 (iPhone; CPU iPhone OS 18_5 like Mac OS X) AppleWebKit/605.1.15 (KHTML, like Gecko) Version/18.5 Mobile/15E148 Safari/604.1"
172.20.0.1 - - [04/Feb/2026:14:01:24 +0530] "GET /api/auth/admin/fraud-logs/f6b67d87-4840-4044-9b84-d12c20a843df/ HTTP/1.1" 200 532 "http://localhost/" "Mozilla/5.0 (iPhone; CPU iPhone OS 18_5 like Mac OS X) AppleWebKit/605.1.15 (KHTML, like Gecko) Version/18.5 Mobile/15E148 Safari/604.1"
172.20.0.1 - - [04/Feb/2026:14:01:34 +0530] "OPTIONS /api/auth/admin/fraud-logs/?page=2&limit=10 HTTP/1.1" 200 0 "http://localhost/" "Mozilla/5.0 (iPhone; CPU iPhone OS 18_5 like Mac OS X) AppleWebKit/605.1.15 (KHTML, like Gecko) Version/18.5 Mobile/15E148 Safari/604.1"
172.20.0.1 - - [04/Feb/2026:14:01:34 +0530] "GET /api/auth/admin/fraud-logs/?page=2&limit=10 HTTP/1.1" 200 2578 "http://localhost/" "Mozilla/5.0 (iPhone; CPU iPhone OS 18_5 like Mac OS X) AppleWebKit/605.1.15 (KHTML, like Gecko) Version/18.5 Mobile/15E148 Safari/604.1"
172.20.0.1 - - [04/Feb/2026:14:01:36 +0530] "GET /api/auth/admin/fraud-logs/?page=1&limit=10 HTTP/1.1" 200 2609 "http://localhost/" "Mozilla/5.0 (iPhone; CPU iPhone OS 18_5 like Mac OS X) AppleWebKit/605.1.15 (KHTML, like Gecko) Version/18.5 Mobile/15E148 Safari/604.1"
127.0.0.1 - - [04/Feb/2026:14:01:41 +0530] "GET /api/health/ HTTP/1.1" 200 99 "-" "curl/8.14.1"
172.20.0.1 - - [04/Feb/2026:14:01:41 +0530] "OPTIONS /api/auth/admin/fraud-logs/?type=already_voted&page=1&limit=10 HTTP/1.1" 200 0 "http://localhost/" "Mozilla/5.0 (iPhone; CPU iPhone OS 18_5 like Mac OS X) AppleWebKit/605.1.15 (KHTML, like Gecko) Version/18.5 Mobile/15E148 Safari/604.1"
172.20.0.1 - - [04/Feb/2026:14:01:41 +0530] "GET /api/auth/admin/fraud-logs/?type=already_voted&page=1&limit=10 HTTP/1.1" 200 1546 "http://localhost/" "Mozilla/5.0 (iPhone; CPU iPhone OS 18_5 like Mac OS X) AppleWebKit/605.1.15 (KHTML, like Gecko) Version/18.5 Mobile/15E148 Safari/604.1"
172.20.0.1 - - [04/Feb/2026:14:01:43 +0530] "OPTIONS /api/auth/admin/fraud-logs/?type=already_voted&status=reviewed&page=1&limit=10 HTTP/1.1" 200 0 "http://localhost/" "Mozilla/5.0 (iPhone; CPU iPhone OS 18_5 like Mac OS X) AppleWebKit/605.1.15 (KHTML, like Gecko) Version/18.5 Mobile/15E148 Safari/604.1"
172.20.0.1 - - [04/Feb/2026:14:01:43 +0530] "GET /api/auth/admin/fraud-logs/?type=already_voted&status=reviewed&page=1&limit=10 HTTP/1.1" 200 321 "http://localhost/" "Mozilla/5.0 (iPhone; CPU iPhone OS 18_5 like Mac OS X) AppleWebKit/605.1.15 (KHTML, like Gecko) Version/18.5 Mobile/15E148 Safari/604.1"
172.20.0.1 - - [04/Feb/2026:14:01:49 +0530] "GET /api/auth/admin/fraud-logs/ HTTP/1.1" 200 5111 "http://localhost/" "Mozilla/5.0 (iPhone; CPU iPhone OS 18_5 like Mac OS X) AppleWebKit/605.1.15 (KHTML, like Gecko) Version/18.5 Mobile/15E148 Safari/604.1"
172.20.0.1 - - [04/Feb/2026:14:01:49 +0530] "GET /api/auth/admin/operators/ HTTP/1.1" 200 2526 "http://localhost/" "Mozilla/5.0 (iPhone; CPU iPhone OS 18_5 like Mac OS X) AppleWebKit/605.1.15 (KHTML, like Gecko) Version/18.5 Mobile/15E148 Safari/604.1"
172.20.0.1 - - [04/Feb/2026:14:01:49 +0530] "GET /api/auth/admin/stats/ HTTP/1.1" 200 153 "http://localhost/" "Mozilla/5.0 (iPhone; CPU iPhone OS 18_5 like Mac OS X) AppleWebKit/605.1.15 (KHTML, like Gecko) Version/18.5 Mobile/15E148 Safari/604.1"
172.20.0.1 - - [04/Feb/2026:14:01:49 +0530] "GET /api/auth/admin/voter-stats-chart/?period=24h HTTP/1.1" 200 271 "http://localhost/" "Mozilla/5.0 (iPhone; CPU iPhone OS 18_5 like Mac OS X) AppleWebKit/605.1.15 (KHTML, like Gecko) Version/18.5 Mobile/15E148 Safari/604.1"
172.20.0.1 - - [04/Feb/2026:14:01:53 +0530] "OPTIONS /api/auth/admin/voter-stats-chart/?period=7d HTTP/1.1" 200 0 "http://localhost/" "Mozilla/5.0 (iPhone; CPU iPhone OS 18_5 like Mac OS X) AppleWebKit/605.1.15 (KHTML, like Gecko) Version/18.5 Mobile/15E148 Safari/604.1"
172.20.0.1 - - [04/Feb/2026:14:01:53 +0530] "GET /api/auth/admin/voter-stats-chart/?period=7d HTTP/1.1" 200 141 "http://localhost/" "Mozilla/5.0 (iPhone; CPU iPhone OS 18_5 like Mac OS X) AppleWebKit/605.1.15 (KHTML, like Gecko) Version/18.5 Mobile/15E148 Safari/604.1"
172.20.0.1 - - [04/Feb/2026:14:01:55 +0530] "OPTIONS /api/auth/admin/voter-stats-chart/?period=30d HTTP/1.1" 200 0 "http://localhost/" "Mozilla/5.0 (iPhone; CPU iPhone OS 18_5 like Mac OS X) AppleWebKit/605.1.15 (KHTML, like Gecko) Version/18.5 Mobile/15E148 Safari/604.1"
172.20.0.1 - - [04/Feb/2026:14:01:55 +0530] "GET /api/auth/admin/voter-stats-chart/?period=30d HTTP/1.1" 200 486 "http://localhost/" "Mozilla/5.0 (iPhone; CPU iPhone OS 18_5 like Mac OS X) AppleWebKit/605.1.15 (KHTML, like Gecko) Version/18.5 Mobile/15E148 Safari/604.1"
172.20.0.1 - - [04/Feb/2026:14:01:57 +0530] "GET /api/auth/admin/voter-stats-chart/?period=7d HTTP/1.1" 200 141 "http://localhost/" "Mozilla/5.0 (iPhone; CPU iPhone OS 18_5 like Mac OS X) AppleWebKit/605.1.15 (KHTML, like Gecko) Version/18.5 Mobile/15E148 Safari/604.1"
127.0.0.1 - - [04/Feb/2026:14:02:11 +0530] "GET /api/health/ HTTP/1.1" 200 99 "-" "curl/8.14.1"
172.20.0.1 - - [04/Feb/2026:14:02:14 +0530] "GET /api/auth/admin/operators/ HTTP/1.1" 200 2526 "http://localhost/" "Mozilla/5.0 (iPhone; CPU iPhone OS 18_5 like Mac OS X) AppleWebKit/605.1.15 (KHTML, like Gecko) Version/18.5 Mobile/15E148 Safari/604.1"
127.0.0.1 - - [04/Feb/2026:14:02:41 +0530] "GET /api/health/ HTTP/1.1" 200 99 "-" "curl/8.14.1"
127.0.0.1 - - [04/Feb/2026:14:03:11 +0530] "GET /api/health/ HTTP/1.1" 200 99 "-" "curl/8.14.1"
172.20.0.1 - - [04/Feb/2026:14:03:26 +0530] "GET /api/auth/current-user/ HTTP/1.1" 200 277 "http://localhost/" "Mozilla/5.0 (iPhone; CPU iPhone OS 18_5 like Mac OS X) AppleWebKit/605.1.15 (KHTML, like Gecko) Version/18.5 Mobile/15E148 Safari/604.1"
172.20.0.1 - - [04/Feb/2026:14:03:26 +0530] "GET /api/auth/admin/operators/ HTTP/1.1" 200 2526 "http://localhost/" "Mozilla/5.0 (iPhone; CPU iPhone OS 18_5 like Mac OS X) AppleWebKit/605.1.15 (KHTML, like Gecko) Version/18.5 Mobile/15E148 Safari/604.1"
172.20.0.1 - - [04/Feb/2026:14:03:26 +0530] "GET /api/auth/current-user/ HTTP/1.1" 200 277 "http://localhost/" "Mozilla/5.0 (iPhone; CPU iPhone OS 18_5 like Mac OS X) AppleWebKit/605.1.15 (KHTML, like Gecko) Version/18.5 Mobile/15E148 Safari/604.1"
172.20.0.1 - - [04/Feb/2026:14:03:26 +0530] "GET /api/auth/admin/operators/ HTTP/1.1" 200 2526 "http://localhost/" "Mozilla/5.0 (iPhone; CPU iPhone OS 18_5 like Mac OS X) AppleWebKit/605.1.15 (KHTML, like Gecko) Version/18.5 Mobile/15E148 Safari/604.1"
172.20.0.1 - - [04/Feb/2026:14:03:27 +0530] "GET /api/auth/current-user/ HTTP/1.1" 200 277 "http://localhost/" "Mozilla/5.0 (iPhone; CPU iPhone OS 18_5 like Mac OS X) AppleWebKit/605.1.15 (KHTML, like Gecko) Version/18.5 Mobile/15E148 Safari/604.1"
172.20.0.1 - - [04/Feb/2026:14:03:27 +0530] "GET /api/auth/admin/operators/ HTTP/1.1" 200 2526 "http://localhost/" "Mozilla/5.0 (iPhone; CPU iPhone OS 18_5 like Mac OS X) AppleWebKit/605.1.15 (KHTML, like Gecko) Version/18.5 Mobile/15E148 Safari/604.1"
172.20.0.1 - - [04/Feb/2026:14:03:27 +0530] "GET /api/auth/current-user/ HTTP/1.1" 200 277 "http://localhost/" "Mozilla/5.0 (iPhone; CPU iPhone OS 18_5 like Mac OS X) AppleWebKit/605.1.15 (KHTML, like Gecko) Version/18.5 Mobile/15E148 Safari/604.1"
172.20.0.1 - - [04/Feb/2026:14:03:27 +0530] "GET /api/auth/admin/operators/ HTTP/1.1" 200 2526 "http://localhost/" "Mozilla/5.0 (iPhone; CPU iPhone OS 18_5 like Mac OS X) AppleWebKit/605.1.15 (KHTML, like Gecko) Version/18.5 Mobile/15E148 Safari/604.1"
172.20.0.1 - - [04/Feb/2026:14:03:27 +0530] "GET /api/auth/current-user/ HTTP/1.1" 200 277 "http://localhost/" "Mozilla/5.0 (iPhone; CPU iPhone OS 18_5 like Mac OS X) AppleWebKit/605.1.15 (KHTML, like Gecko) Version/18.5 Mobile/15E148 Safari/604.1"
172.20.0.1 - - [04/Feb/2026:14:03:27 +0530] "GET /api/auth/admin/operators/ HTTP/1.1" 200 2526 "http://localhost/" "Mozilla/5.0 (iPhone; CPU iPhone OS 18_5 like Mac OS X) AppleWebKit/605.1.15 (KHTML, like Gecko) Version/18.5 Mobile/15E148 Safari/604.1"
172.20.0.1 - - [04/Feb/2026:14:03:36 +0530] "GET /api/auth/admin/operators/ HTTP/1.1" 200 2526 "http://localhost/" "Mozilla/5.0 (iPhone; CPU iPhone OS 18_5 like Mac OS X) AppleWebKit/605.1.15 (KHTML, like Gecko) Version/18.5 Mobile/15E148 Safari/604.1"
172.20.0.1 - - [04/Feb/2026:14:03:36 +0530] "GET /api/auth/admin/fraud-logs/ HTTP/1.1" 200 5111 "http://localhost/" "Mozilla/5.0 (iPhone; CPU iPhone OS 18_5 like Mac OS X) AppleWebKit/605.1.15 (KHTML, like Gecko) Version/18.5 Mobile/15E148 Safari/604.1"
172.20.0.1 - - [04/Feb/2026:14:03:36 +0530] "GET /api/auth/admin/stats/ HTTP/1.1" 200 153 "http://localhost/" "Mozilla/5.0 (iPhone; CPU iPhone OS 18_5 like Mac OS X) AppleWebKit/605.1.15 (KHTML, like Gecko) Version/18.5 Mobile/15E148 Safari/604.1"
172.20.0.1 - - [04/Feb/2026:14:03:36 +0530] "GET /api/auth/admin/voter-stats-chart/?period=24h HTTP/1.1" 200 271 "http://localhost/" "Mozilla/5.0 (iPhone; CPU iPhone OS 18_5 like Mac OS X) AppleWebKit/605.1.15 (KHTML, like Gecko) Version/18.5 Mobile/15E148 Safari/604.1"
127.0.0.1 - - [04/Feb/2026:14:03:41 +0530] "GET /api/health/ HTTP/1.1" 200 99 "-" "curl/8.14.1"
172.20.0.1 - - [04/Feb/2026:14:03:43 +0530] "GET /api/auth/admin/fraud-logs/?page=1&limit=10 HTTP/1.1" 200 2609 "http://localhost/" "Mozilla/5.0 (iPhone; CPU iPhone OS 18_5 like Mac OS X) AppleWebKit/605.1.15 (KHTML, like Gecko) Version/18.5 Mobile/15E148 Safari/604.1"
172.20.0.1 - - [04/Feb/2026:14:03:44 +0530] "GET /api/auth/admin/fraud-logs/?page=1&limit=10 HTTP/1.1" 200 2609 "http://localhost/" "Mozilla/5.0 (iPhone; CPU iPhone OS 18_5 like Mac OS X) AppleWebKit/605.1.15 (KHTML, like Gecko) Version/18.5 Mobile/15E148 Safari/604.1"
172.20.0.1 - - [04/Feb/2026:14:03:49 +0530] "GET /api/auth/admin/fraud-logs/?page=2&limit=10 HTTP/1.1" 200 2578 "http://localhost/" "Mozilla/5.0 (iPhone; CPU iPhone OS 18_5 like Mac OS X) AppleWebKit/605.1.15 (KHTML, like Gecko) Version/18.5 Mobile/15E148 Safari/604.1"
172.20.0.1 - - [04/Feb/2026:14:03:51 +0530] "GET /api/auth/admin/fraud-logs/?page=1&limit=10 HTTP/1.1" 200 2609 "http://localhost/" "Mozilla/5.0 (iPhone; CPU iPhone OS 18_5 like Mac OS X) AppleWebKit/605.1.15 (KHTML, like Gecko) Version/18.5 Mobile/15E148 Safari/604.1"
172.20.0.1 - - [04/Feb/2026:14:03:55 +0530] "OPTIONS /api/auth/admin/fraud-logs/49260278-9bda-45d1-b6b4-4c0c98e6e1dd/ HTTP/1.1" 200 0 "http://localhost/" "Mozilla/5.0 (iPhone; CPU iPhone OS 18_5 like Mac OS X) AppleWebKit/605.1.15 (KHTML, like Gecko) Version/18.5 Mobile/15E148 Safari/604.1"
172.20.0.1 - - [04/Feb/2026:14:03:55 +0530] "GET /api/auth/admin/fraud-logs/49260278-9bda-45d1-b6b4-4c0c98e6e1dd/ HTTP/1.1" 200 530 "http://localhost/" "Mozilla/5.0 (iPhone; CPU iPhone OS 18_5 like Mac OS X) AppleWebKit/605.1.15 (KHTML, like Gecko) Version/18.5 Mobile/15E148 Safari/604.1"
172.20.0.1 - - [04/Feb/2026:14:04:01 +0530] "OPTIONS /api/auth/admin/export-report/ HTTP/1.1" 200 0 "http://localhost/" "Mozilla/5.0 (iPhone; CPU iPhone OS 18_5 like Mac OS X) AppleWebKit/605.1.15 (KHTML, like Gecko) Version/18.5 Mobile/15E148 Safari/604.1"
172.20.0.1 - - [04/Feb/2026:14:04:02 +0530] "GET /api/auth/admin/export-report/ HTTP/1.1" 200 543285 "http://localhost/" "Mozilla/5.0 (iPhone; CPU iPhone OS 18_5 like Mac OS X) AppleWebKit/605.1.15 (KHTML, like Gecko) Version/18.5 Mobile/15E148 Safari/604.1"
172.20.0.1 - - [04/Feb/2026:14:04:07 +0530] "GET /api/auth/admin/operators/ HTTP/1.1" 200 2526 "http://localhost/" "Mozilla/5.0 (Windows NT 10.0; Win64; x64) AppleWebKit/537.36 (KHTML, like Gecko) Chrome/144.0.0.0 Safari/537.36"
172.20.0.1 - - [04/Feb/2026:14:04:07 +0530] "GET /api/auth/admin/fraud-logs/ HTTP/1.1" 200 5110 "http://localhost/" "Mozilla/5.0 (Windows NT 10.0; Win64; x64) AppleWebKit/537.36 (KHTML, like Gecko) Chrome/144.0.0.0 Safari/537.36"
172.20.0.1 - - [04/Feb/2026:14:04:07 +0530] "GET /api/auth/admin/stats/ HTTP/1.1" 200 153 "http://localhost/" "Mozilla/5.0 (Windows NT 10.0; Win64; x64) AppleWebKit/537.36 (KHTML, like Gecko) Chrome/144.0.0.0 Safari/537.36"
172.20.0.1 - - [04/Feb/2026:14:04:07 +0530] "GET /api/auth/admin/voter-stats-chart/?period=24h HTTP/1.1" 200 271 "http://localhost/" "Mozilla/5.0 (Windows NT 10.0; Win64; x64) AppleWebKit/537.36 (KHTML, like Gecko) Chrome/144.0.0.0 Safari/537.36"
127.0.0.1 - - [04/Feb/2026:14:04:11 +0530] "GET /api/health/ HTTP/1.1" 200 99 "-" "curl/8.14.1"
172.20.0.1 - - [04/Feb/2026:14:04:38 +0530] "GET /api/auth/admin/operators/ HTTP/1.1" 200 2526 "http://localhost/" "Mozilla/5.0 (Windows NT 10.0; Win64; x64) AppleWebKit/537.36 (KHTML, like Gecko) Chrome/144.0.0.0 Safari/537.36"
172.20.0.1 - - [04/Feb/2026:14:04:38 +0530] "GET /api/auth/admin/fraud-logs/ HTTP/1.1" 200 5110 "http://localhost/" "Mozilla/5.0 (Windows NT 10.0; Win64; x64) AppleWebKit/537.36 (KHTML, like Gecko) Chrome/144.0.0.0 Safari/537.36"
172.20.0.1 - - [04/Feb/2026:14:04:38 +0530] "GET /api/auth/admin/stats/ HTTP/1.1" 200 153 "http://localhost/" "Mozilla/5.0 (Windows NT 10.0; Win64; x64) AppleWebKit/537.36 (KHTML, like Gecko) Chrome/144.0.0.0 Safari/537.36"
172.20.0.1 - - [04/Feb/2026:14:04:38 +0530] "GET /api/auth/admin/voter-stats-chart/?period=24h HTTP/1.1" 200 271 "http://localhost/" "Mozilla/5.0 (Windows NT 10.0; Win64; x64) AppleWebKit/537.36 (KHTML, like Gecko) Chrome/144.0.0.0 Safari/537.36"
127.0.0.1 - - [04/Feb/2026:14:04:41 +0530] "GET /api/health/ HTTP/1.1" 200 99 "-" "curl/8.14.1"
172.20.0.1 - - [04/Feb/2026:14:05:08 +0530] "GET /api/auth/admin/fraud-logs/ HTTP/1.1" 200 5110 "http://localhost/" "Mozilla/5.0 (Windows NT 10.0; Win64; x64) AppleWebKit/537.36 (KHTML, like Gecko) Chrome/144.0.0.0 Safari/537.36"
172.20.0.1 - - [04/Feb/2026:14:05:08 +0530] "GET /api/auth/admin/operators/ HTTP/1.1" 200 2526 "http://localhost/" "Mozilla/5.0 (Windows NT 10.0; Win64; x64) AppleWebKit/537.36 (KHTML, like Gecko) Chrome/144.0.0.0 Safari/537.36"
172.20.0.1 - - [04/Feb/2026:14:05:08 +0530] "GET /api/auth/admin/stats/ HTTP/1.1" 200 153 "http://localhost/" "Mozilla/5.0 (Windows NT 10.0; Win64; x64) AppleWebKit/537.36 (KHTML, like Gecko) Chrome/144.0.0.0 Safari/537.36"
172.20.0.1 - - [04/Feb/2026:14:05:08 +0530] "GET /api/auth/admin/voter-stats-chart/?period=24h HTTP/1.1" 200 271 "http://localhost/" "Mozilla/5.0 (Windows NT 10.0; Win64; x64) AppleWebKit/537.36 (KHTML, like Gecko) Chrome/144.0.0.0 Safari/537.36"
127.0.0.1 - - [04/Feb/2026:14:05:11 +0530] "GET /api/health/ HTTP/1.1" 200 99 "-" "curl/8.14.1"
172.20.0.1 - - [04/Feb/2026:14:05:38 +0530] "GET /api/auth/admin/fraud-logs/ HTTP/1.1" 200 5110 "http://localhost/" "Mozilla/5.0 (Windows NT 10.0; Win64; x64) AppleWebKit/537.36 (KHTML, like Gecko) Chrome/144.0.0.0 Safari/537.36"
172.20.0.1 - - [04/Feb/2026:14:05:38 +0530] "GET /api/auth/admin/operators/ HTTP/1.1" 200 2526 "http://localhost/" "Mozilla/5.0 (Windows NT 10.0; Win64; x64) AppleWebKit/537.36 (KHTML, like Gecko) Chrome/144.0.0.0 Safari/537.36"
172.20.0.1 - - [04/Feb/2026:14:05:38 +0530] "GET /api/auth/admin/stats/ HTTP/1.1" 200 153 "http://localhost/" "Mozilla/5.0 (Windows NT 10.0; Win64; x64) AppleWebKit/537.36 (KHTML, like Gecko) Chrome/144.0.0.0 Safari/537.36"
172.20.0.1 - - [04/Feb/2026:14:05:38 +0530] "GET /api/auth/admin/voter-stats-chart/?period=24h HTTP/1.1" 200 271 "http://localhost/" "Mozilla/5.0 (Windows NT 10.0; Win64; x64) AppleWebKit/537.36 (KHTML, like Gecko) Chrome/144.0.0.0 Safari/537.36"
127.0.0.1 - - [04/Feb/2026:14:05:41 +0530] "GET /api/health/ HTTP/1.1" 200 99 "-" "curl/8.14.1"
172.20.0.1 - - [04/Feb/2026:14:06:08 +0530] "GET /api/auth/admin/fraud-logs/ HTTP/1.1" 200 5110 "http://localhost/" "Mozilla/5.0 (Windows NT 10.0; Win64; x64) AppleWebKit/537.36 (KHTML, like Gecko) Chrome/144.0.0.0 Safari/537.36"
172.20.0.1 - - [04/Feb/2026:14:06:08 +0530] "GET /api/auth/admin/operators/ HTTP/1.1" 200 2526 "http://localhost/" "Mozilla/5.0 (Windows NT 10.0; Win64; x64) AppleWebKit/537.36 (KHTML, like Gecko) Chrome/144.0.0.0 Safari/537.36"
172.20.0.1 - - [04/Feb/2026:14:06:08 +0530] "GET /api/auth/admin/stats/ HTTP/1.1" 200 153 "http://localhost/" "Mozilla/5.0 (Windows NT 10.0; Win64; x64) AppleWebKit/537.36 (KHTML, like Gecko) Chrome/144.0.0.0 Safari/537.36"
172.20.0.1 - - [04/Feb/2026:14:06:08 +0530] "GET /api/auth/admin/voter-stats-chart/?period=24h HTTP/1.1" 200 271 "http://localhost/" "Mozilla/5.0 (Windows NT 10.0; Win64; x64) AppleWebKit/537.36 (KHTML, like Gecko) Chrome/144.0.0.0 Safari/537.36"
127.0.0.1 - - [04/Feb/2026:14:06:11 +0530] "GET /api/health/ HTTP/1.1" 200 99 "-" "curl/8.14.1"
172.20.0.1 - - [04/Feb/2026:14:06:38 +0530] "GET /api/auth/admin/fraud-logs/ HTTP/1.1" 200 5110 "http://localhost/" "Mozilla/5.0 (Windows NT 10.0; Win64; x64) AppleWebKit/537.36 (KHTML, like Gecko) Chrome/144.0.0.0 Safari/537.36"
172.20.0.1 - - [04/Feb/2026:14:06:38 +0530] "GET /api/auth/admin/operators/ HTTP/1.1" 200 2526 "http://localhost/" "Mozilla/5.0 (Windows NT 10.0; Win64; x64) AppleWebKit/537.36 (KHTML, like Gecko) Chrome/144.0.0.0 Safari/537.36"
172.20.0.1 - - [04/Feb/2026:14:06:38 +0530] "GET /api/auth/admin/stats/ HTTP/1.1" 200 153 "http://localhost/" "Mozilla/5.0 (Windows NT 10.0; Win64; x64) AppleWebKit/537.36 (KHTML, like Gecko) Chrome/144.0.0.0 Safari/537.36"
172.20.0.1 - - [04/Feb/2026:14:06:38 +0530] "GET /api/auth/admin/voter-stats-chart/?period=24h HTTP/1.1" 200 271 "http://localhost/" "Mozilla/5.0 (Windows NT 10.0; Win64; x64) AppleWebKit/537.36 (KHTML, like Gecko) Chrome/144.0.0.0 Safari/537.36"
127.0.0.1 - - [04/Feb/2026:14:06:41 +0530] "GET /api/health/ HTTP/1.1" 200 99 "-" "curl/8.14.1"
172.20.0.1 - - [04/Feb/2026:14:07:08 +0530] "GET /api/auth/admin/fraud-logs/ HTTP/1.1" 200 5110 "http://localhost/" "Mozilla/5.0 (Windows NT 10.0; Win64; x64) AppleWebKit/537.36 (KHTML, like Gecko) Chrome/144.0.0.0 Safari/537.36"
172.20.0.1 - - [04/Feb/2026:14:07:08 +0530] "GET /api/auth/admin/operators/ HTTP/1.1" 200 2526 "http://localhost/" "Mozilla/5.0 (Windows NT 10.0; Win64; x64) AppleWebKit/537.36 (KHTML, like Gecko) Chrome/144.0.0.0 Safari/537.36"
172.20.0.1 - - [04/Feb/2026:14:07:08 +0530] "GET /api/auth/admin/stats/ HTTP/1.1" 200 153 "http://localhost/" "Mozilla/5.0 (Windows NT 10.0; Win64; x64) AppleWebKit/537.36 (KHTML, like Gecko) Chrome/144.0.0.0 Safari/537.36"
172.20.0.1 - - [04/Feb/2026:14:07:08 +0530] "GET /api/auth/admin/voter-stats-chart/?period=24h HTTP/1.1" 200 271 "http://localhost/" "Mozilla/5.0 (Windows NT 10.0; Win64; x64) AppleWebKit/537.36 (KHTML, like Gecko) Chrome/144.0.0.0 Safari/537.36"
127.0.0.1 - - [04/Feb/2026:14:07:11 +0530] "GET /api/health/ HTTP/1.1" 200 99 "-" "curl/8.14.1"
172.20.0.1 - - [04/Feb/2026:14:07:38 +0530] "GET /api/auth/admin/fraud-logs/ HTTP/1.1" 200 5110 "http://localhost/" "Mozilla/5.0 (Windows NT 10.0; Win64; x64) AppleWebKit/537.36 (KHTML, like Gecko) Chrome/144.0.0.0 Safari/537.36"
172.20.0.1 - - [04/Feb/2026:14:07:38 +0530] "GET /api/auth/admin/stats/ HTTP/1.1" 200 153 "http://localhost/" "Mozilla/5.0 (Windows NT 10.0; Win64; x64) AppleWebKit/537.36 (KHTML, like Gecko) Chrome/144.0.0.0 Safari/537.36"
172.20.0.1 - - [04/Feb/2026:14:07:38 +0530] "GET /api/auth/admin/voter-stats-chart/?period=24h HTTP/1.1" 200 271 "http://localhost/" "Mozilla/5.0 (Windows NT 10.0; Win64; x64) AppleWebKit/537.36 (KHTML, like Gecko) Chrome/144.0.0.0 Safari/537.36"
172.20.0.1 - - [04/Feb/2026:14:07:38 +0530] "GET /api/auth/admin/operators/ HTTP/1.1" 200 2526 "http://localhost/" "Mozilla/5.0 (Windows NT 10.0; Win64; x64) AppleWebKit/537.36 (KHTML, like Gecko) Chrome/144.0.0.0 Safari/537.36"
127.0.0.1 - - [04/Feb/2026:14:07:41 +0530] "GET /api/health/ HTTP/1.1" 200 99 "-" "curl/8.14.1"
172.20.0.1 - - [04/Feb/2026:14:08:08 +0530] "GET /api/auth/admin/fraud-logs/ HTTP/1.1" 200 5110 "http://localhost/" "Mozilla/5.0 (Windows NT 10.0; Win64; x64) AppleWebKit/537.36 (KHTML, like Gecko) Chrome/144.0.0.0 Safari/537.36"
172.20.0.1 - - [04/Feb/2026:14:08:08 +0530] "GET /api/auth/admin/operators/ HTTP/1.1" 200 2526 "http://localhost/" "Mozilla/5.0 (Windows NT 10.0; Win64; x64) AppleWebKit/537.36 (KHTML, like Gecko) Chrome/144.0.0.0 Safari/537.36"
172.20.0.1 - - [04/Feb/2026:14:08:08 +0530] "GET /api/auth/admin/stats/ HTTP/1.1" 200 153 "http://localhost/" "Mozilla/5.0 (Windows NT 10.0; Win64; x64) AppleWebKit/537.36 (KHTML, like Gecko) Chrome/144.0.0.0 Safari/537.36"
172.20.0.1 - - [04/Feb/2026:14:08:08 +0530] "GET /api/auth/admin/voter-stats-chart/?period=24h HTTP/1.1" 200 271 "http://localhost/" "Mozilla/5.0 (Windows NT 10.0; Win64; x64) AppleWebKit/537.36 (KHTML, like Gecko) Chrome/144.0.0.0 Safari/537.36"
127.0.0.1 - - [04/Feb/2026:14:08:12 +0530] "GET /api/health/ HTTP/1.1" 200 99 "-" "curl/8.14.1"
127.0.0.1 - - [04/Feb/2026:14:08:42 +0530] "GET /api/health/ HTTP/1.1" 200 99 "-" "curl/8.14.1"
172.20.0.1 - - [04/Feb/2026:14:09:05 +0530] "GET /api/auth/admin/operators/ HTTP/1.1" 200 2526 "http://localhost/" "Mozilla/5.0 (Windows NT 10.0; Win64; x64) AppleWebKit/537.36 (KHTML, like Gecko) Chrome/144.0.0.0 Safari/537.36"
172.20.0.1 - - [04/Feb/2026:14:09:05 +0530] "GET /api/auth/admin/fraud-logs/ HTTP/1.1" 200 5110 "http://localhost/" "Mozilla/5.0 (Windows NT 10.0; Win64; x64) AppleWebKit/537.36 (KHTML, like Gecko) Chrome/144.0.0.0 Safari/537.36"
172.20.0.1 - - [04/Feb/2026:14:09:05 +0530] "GET /api/auth/admin/stats/ HTTP/1.1" 200 153 "http://localhost/" "Mozilla/5.0 (Windows NT 10.0; Win64; x64) AppleWebKit/537.36 (KHTML, like Gecko) Chrome/144.0.0.0 Safari/537.36"
172.20.0.1 - - [04/Feb/2026:14:09:05 +0530] "GET /api/auth/admin/voter-stats-chart/?period=24h HTTP/1.1" 200 271 "http://localhost/" "Mozilla/5.0 (Windows NT 10.0; Win64; x64) AppleWebKit/537.36 (KHTML, like Gecko) Chrome/144.0.0.0 Safari/537.36"
127.0.0.1 - - [04/Feb/2026:14:09:12 +0530] "GET /api/health/ HTTP/1.1" 200 99 "-" "curl/8.14.1"
127.0.0.1 - - [04/Feb/2026:14:09:42 +0530] "GET /api/health/ HTTP/1.1" 200 99 "-" "curl/8.14.1"
172.20.0.1 - - [04/Feb/2026:14:10:05 +0530] "GET /api/auth/admin/fraud-logs/ HTTP/1.1" 200 5110 "http://localhost/" "Mozilla/5.0 (Windows NT 10.0; Win64; x64) AppleWebKit/537.36 (KHTML, like Gecko) Chrome/144.0.0.0 Safari/537.36"
172.20.0.1 - - [04/Feb/2026:14:10:05 +0530] "GET /api/auth/admin/operators/ HTTP/1.1" 200 2526 "http://localhost/" "Mozilla/5.0 (Windows NT 10.0; Win64; x64) AppleWebKit/537.36 (KHTML, like Gecko) Chrome/144.0.0.0 Safari/537.36"
172.20.0.1 - - [04/Feb/2026:14:10:05 +0530] "GET /api/auth/admin/stats/ HTTP/1.1" 200 153 "http://localhost/" "Mozilla/5.0 (Windows NT 10.0; Win64; x64) AppleWebKit/537.36 (KHTML, like Gecko) Chrome/144.0.0.0 Safari/537.36"
172.20.0.1 - - [04/Feb/2026:14:10:05 +0530] "GET /api/auth/admin/voter-stats-chart/?period=24h HTTP/1.1" 200 271 "http://localhost/" "Mozilla/5.0 (Windows NT 10.0; Win64; x64) AppleWebKit/537.36 (KHTML, like Gecko) Chrome/144.0.0.0 Safari/537.36"
127.0.0.1 - - [04/Feb/2026:14:10:12 +0530] "GET /api/health/ HTTP/1.1" 200 99 "-" "curl/8.14.1"
127.0.0.1 - - [04/Feb/2026:14:10:42 +0530] "GET /api/health/ HTTP/1.1" 200 99 "-" "curl/8.14.1"
172.20.0.1 - - [04/Feb/2026:14:11:05 +0530] "GET /api/auth/admin/fraud-logs/ HTTP/1.1" 200 5110 "http://localhost/" "Mozilla/5.0 (Windows NT 10.0; Win64; x64) AppleWebKit/537.36 (KHTML, like Gecko) Chrome/144.0.0.0 Safari/537.36"
172.20.0.1 - - [04/Feb/2026:14:11:05 +0530] "GET /api/auth/admin/operators/ HTTP/1.1" 200 2526 "http://localhost/" "Mozilla/5.0 (Windows NT 10.0; Win64; x64) AppleWebKit/537.36 (KHTML, like Gecko) Chrome/144.0.0.0 Safari/537.36"
172.20.0.1 - - [04/Feb/2026:14:11:05 +0530] "GET /api/auth/admin/stats/ HTTP/1.1" 200 153 "http://localhost/" "Mozilla/5.0 (Windows NT 10.0; Win64; x64) AppleWebKit/537.36 (KHTML, like Gecko) Chrome/144.0.0.0 Safari/537.36"
172.20.0.1 - - [04/Feb/2026:14:11:05 +0530] "GET /api/auth/admin/voter-stats-chart/?period=24h HTTP/1.1" 200 271 "http://localhost/" "Mozilla/5.0 (Windows NT 10.0; Win64; x64) AppleWebKit/537.36 (KHTML, like Gecko) Chrome/144.0.0.0 Safari/537.36"
127.0.0.1 - - [04/Feb/2026:14:11:12 +0530] "GET /api/health/ HTTP/1.1" 200 99 "-" "curl/8.14.1"
127.0.0.1 - - [04/Feb/2026:14:11:42 +0530] "GET /api/health/ HTTP/1.1" 200 99 "-" "curl/8.14.1"
127.0.0.1 - - [04/Feb/2026:14:12:00 +0530] "GET /api/health/ HTTP/1.1" 200 99 "-" "curl/8.14.1"
172.20.0.1 - - [04/Feb/2026:14:12:05 +0530] "GET /api/auth/admin/fraud-logs/ HTTP/1.1" 200 5110 "http://localhost/" "Mozilla/5.0 (Windows NT 10.0; Win64; x64) AppleWebKit/537.36 (KHTML, like Gecko) Chrome/144.0.0.0 Safari/537.36"
172.20.0.1 - - [04/Feb/2026:14:12:05 +0530] "GET /api/auth/admin/voter-stats-chart/?period=24h HTTP/1.1" 200 271 "http://localhost/" "Mozilla/5.0 (Windows NT 10.0; Win64; x64) AppleWebKit/537.36 (KHTML, like Gecko) Chrome/144.0.0.0 Safari/537.36"
172.20.0.1 - - [04/Feb/2026:14:12:05 +0530] "GET /api/auth/admin/operators/ HTTP/1.1" 200 2526 "http://localhost/" "Mozilla/5.0 (Windows NT 10.0; Win64; x64) AppleWebKit/537.36 (KHTML, like Gecko) Chrome/144.0.0.0 Safari/537.36"
172.20.0.1 - - [04/Feb/2026:14:12:05 +0530] "GET /api/auth/admin/stats/ HTTP/1.1" 200 153 "http://localhost/" "Mozilla/5.0 (Windows NT 10.0; Win64; x64) AppleWebKit/537.36 (KHTML, like Gecko) Chrome/144.0.0.0 Safari/537.36"
172.20.0.1 - - [04/Feb/2026:14:12:07 +0530] "GET /api/auth/admin/fraud-logs/ HTTP/1.1" 200 5110 "http://localhost/" "Mozilla/5.0 (Windows NT 10.0; Win64; x64) AppleWebKit/537.36 (KHTML, like Gecko) Chrome/144.0.0.0 Safari/537.36"
172.20.0.1 - - [04/Feb/2026:14:12:07 +0530] "GET /api/auth/admin/operators/ HTTP/1.1" 200 2526 "http://localhost/" "Mozilla/5.0 (Windows NT 10.0; Win64; x64) AppleWebKit/537.36 (KHTML, like Gecko) Chrome/144.0.0.0 Safari/537.36"
172.20.0.1 - - [04/Feb/2026:14:12:07 +0530] "GET /api/auth/admin/stats/ HTTP/1.1" 200 153 "http://localhost/" "Mozilla/5.0 (Windows NT 10.0; Win64; x64) AppleWebKit/537.36 (KHTML, like Gecko) Chrome/144.0.0.0 Safari/537.36"
172.20.0.1 - - [04/Feb/2026:14:12:07 +0530] "GET /api/auth/admin/voter-stats-chart/?period=24h HTTP/1.1" 200 271 "http://localhost/" "Mozilla/5.0 (Windows NT 10.0; Win64; x64) AppleWebKit/537.36 (KHTML, like Gecko) Chrome/144.0.0.0 Safari/537.36"
172.20.0.1 - - [04/Feb/2026:14:12:08 +0530] "GET /api/auth/current-user/ HTTP/1.1" 200 277 "http://localhost/" "Mozilla/5.0 (Windows NT 10.0; Win64; x64) AppleWebKit/537.36 (KHTML, like Gecko) Chrome/144.0.0.0 Safari/537.36"
172.20.0.1 - - [04/Feb/2026:14:12:08 +0530] "GET /api/auth/admin/fraud-logs/ HTTP/1.1" 200 5110 "http://localhost/" "Mozilla/5.0 (Windows NT 10.0; Win64; x64) AppleWebKit/537.36 (KHTML, like Gecko) Chrome/144.0.0.0 Safari/537.36"
172.20.0.1 - - [04/Feb/2026:14:12:08 +0530] "GET /api/auth/admin/operators/ HTTP/1.1" 200 2526 "http://localhost/" "Mozilla/5.0 (Windows NT 10.0; Win64; x64) AppleWebKit/537.36 (KHTML, like Gecko) Chrome/144.0.0.0 Safari/537.36"
172.20.0.1 - - [04/Feb/2026:14:12:08 +0530] "GET /api/auth/admin/stats/ HTTP/1.1" 200 153 "http://localhost/" "Mozilla/5.0 (Windows NT 10.0; Win64; x64) AppleWebKit/537.36 (KHTML, like Gecko) Chrome/144.0.0.0 Safari/537.36"
172.20.0.1 - - [04/Feb/2026:14:12:08 +0530] "GET /api/auth/admin/voter-stats-chart/?period=24h HTTP/1.1" 200 271 "http://localhost/" "Mozilla/5.0 (Windows NT 10.0; Win64; x64) AppleWebKit/537.36 (KHTML, like Gecko) Chrome/144.0.0.0 Safari/537.36"
172.20.0.1 - - [04/Feb/2026:14:12:08 +0530] "GET /api/auth/current-user/ HTTP/1.1" 200 277 "http://localhost/" "Mozilla/5.0 (Windows NT 10.0; Win64; x64) AppleWebKit/537.36 (KHTML, like Gecko) Chrome/144.0.0.0 Safari/537.36"
172.20.0.1 - - [04/Feb/2026:14:12:08 +0530] "GET /api/auth/admin/fraud-logs/ HTTP/1.1" 200 5110 "http://localhost/" "Mozilla/5.0 (Windows NT 10.0; Win64; x64) AppleWebKit/537.36 (KHTML, like Gecko) Chrome/144.0.0.0 Safari/537.36"
172.20.0.1 - - [04/Feb/2026:14:12:08 +0530] "GET /api/auth/admin/operators/ HTTP/1.1" 200 2526 "http://localhost/" "Mozilla/5.0 (Windows NT 10.0; Win64; x64) AppleWebKit/537.36 (KHTML, like Gecko) Chrome/144.0.0.0 Safari/537.36"
172.20.0.1 - - [04/Feb/2026:14:12:08 +0530] "GET /api/auth/admin/stats/ HTTP/1.1" 200 153 "http://localhost/" "Mozilla/5.0 (Windows NT 10.0; Win64; x64) AppleWebKit/537.36 (KHTML, like Gecko) Chrome/144.0.0.0 Safari/537.36"
172.20.0.1 - - [04/Feb/2026:14:12:08 +0530] "GET /api/auth/admin/voter-stats-chart/?period=24h HTTP/1.1" 200 271 "http://localhost/" "Mozilla/5.0 (Windows NT 10.0; Win64; x64) AppleWebKit/537.36 (KHTML, like Gecko) Chrome/144.0.0.0 Safari/537.36"
172.20.0.1 - - [04/Feb/2026:14:12:08 +0530] "GET /api/auth/current-user/ HTTP/1.1" 200 277 "http://localhost/" "Mozilla/5.0 (Windows NT 10.0; Win64; x64) AppleWebKit/537.36 (KHTML, like Gecko) Chrome/144.0.0.0 Safari/537.36"
172.20.0.1 - - [04/Feb/2026:14:12:08 +0530] "GET /api/auth/admin/fraud-logs/ HTTP/1.1" 200 5110 "http://localhost/" "Mozilla/5.0 (Windows NT 10.0; Win64; x64) AppleWebKit/537.36 (KHTML, like Gecko) Chrome/144.0.0.0 Safari/537.36"
172.20.0.1 - - [04/Feb/2026:14:12:08 +0530] "GET /api/auth/admin/operators/ HTTP/1.1" 200 2526 "http://localhost/" "Mozilla/5.0 (Windows NT 10.0; Win64; x64) AppleWebKit/537.36 (KHTML, like Gecko) Chrome/144.0.0.0 Safari/537.36"
172.20.0.1 - - [04/Feb/2026:14:12:08 +0530] "GET /api/auth/admin/stats/ HTTP/1.1" 200 153 "http://localhost/" "Mozilla/5.0 (Windows NT 10.0; Win64; x64) AppleWebKit/537.36 (KHTML, like Gecko) Chrome/144.0.0.0 Safari/537.36"
172.20.0.1 - - [04/Feb/2026:14:12:08 +0530] "GET /api/auth/admin/voter-stats-chart/?period=24h HTTP/1.1" 200 271 "http://localhost/" "Mozilla/5.0 (Windows NT 10.0; Win64; x64) AppleWebKit/537.36 (KHTML, like Gecko) Chrome/144.0.0.0 Safari/537.36"
172.20.0.1 - - [04/Feb/2026:14:12:16 +0530] "GET /api/auth/admin/fraud-logs/?page=1&limit=10 HTTP/1.1" 200 2608 "http://localhost/" "Mozilla/5.0 (Windows NT 10.0; Win64; x64) AppleWebKit/537.36 (KHTML, like Gecko) Chrome/144.0.0.0 Safari/537.36"
172.20.0.1 - - [04/Feb/2026:14:12:17 +0530] "GET /api/auth/admin/fraud-logs/?page=1&limit=10 HTTP/1.1" 200 2608 "http://localhost/" "Mozilla/5.0 (Windows NT 10.0; Win64; x64) AppleWebKit/537.36 (KHTML, like Gecko) Chrome/144.0.0.0 Safari/537.36"
172.20.0.1 - - [04/Feb/2026:14:12:17 +0530] "OPTIONS /api/auth/admin/fraud-logs/56523e2b-3254-4cd0-954e-f14e9a2e08e3/ HTTP/1.1" 200 0 "http://localhost/" "Mozilla/5.0 (Windows NT 10.0; Win64; x64) AppleWebKit/537.36 (KHTML, like Gecko) Chrome/144.0.0.0 Safari/537.36"
172.20.0.1 - - [04/Feb/2026:14:12:17 +0530] "GET /api/auth/admin/fraud-logs/56523e2b-3254-4cd0-954e-f14e9a2e08e3/ HTTP/1.1" 200 534 "http://localhost/" "Mozilla/5.0 (Windows NT 10.0; Win64; x64) AppleWebKit/537.36 (KHTML, like Gecko) Chrome/144.0.0.0 Safari/537.36"
172.20.0.1 - - [04/Feb/2026:14:12:20 +0530] "GET /api/auth/admin/operators/ HTTP/1.1" 200 2526 "http://localhost/" "Mozilla/5.0 (Windows NT 10.0; Win64; x64) AppleWebKit/537.36 (KHTML, like Gecko) Chrome/144.0.0.0 Safari/537.36"
172.20.0.1 - - [04/Feb/2026:14:12:20 +0530] "GET /api/auth/admin/fraud-logs/ HTTP/1.1" 200 5109 "http://localhost/" "Mozilla/5.0 (Windows NT 10.0; Win64; x64) AppleWebKit/537.36 (KHTML, like Gecko) Chrome/144.0.0.0 Safari/537.36"
172.20.0.1 - - [04/Feb/2026:14:12:20 +0530] "GET /api/auth/admin/stats/ HTTP/1.1" 200 153 "http://localhost/" "Mozilla/5.0 (Windows NT 10.0; Win64; x64) AppleWebKit/537.36 (KHTML, like Gecko) Chrome/144.0.0.0 Safari/537.36"
172.20.0.1 - - [04/Feb/2026:14:12:20 +0530] "GET /api/auth/admin/voter-stats-chart/?period=24h HTTP/1.1" 200 271 "http://localhost/" "Mozilla/5.0 (Windows NT 10.0; Win64; x64) AppleWebKit/537.36 (KHTML, like Gecko) Chrome/144.0.0.0 Safari/537.36"
127.0.0.1 - - [04/Feb/2026:14:12:30 +0530] "GET /api/health/ HTTP/1.1" 200 99 "-" "curl/8.14.1"
172.20.0.1 - - [04/Feb/2026:14:12:41 +0530] "GET /api/auth/admin/operators/ HTTP/1.1" 200 2526 "http://localhost/" "Mozilla/5.0 (iPhone; CPU iPhone OS 18_5 like Mac OS X) AppleWebKit/605.1.15 (KHTML, like Gecko) Version/18.5 Mobile/15E148 Safari/604.1"
172.20.0.1 - - [04/Feb/2026:14:12:43 +0530] "GET /api/auth/admin/fraud-logs/?page=1&limit=10 HTTP/1.1" 200 2607 "http://localhost/" "Mozilla/5.0 (iPhone; CPU iPhone OS 18_5 like Mac OS X) AppleWebKit/605.1.15 (KHTML, like Gecko) Version/18.5 Mobile/15E148 Safari/604.1"
172.20.0.1 - - [04/Feb/2026:14:12:43 +0530] "GET /api/auth/admin/fraud-logs/?page=1&limit=10 HTTP/1.1" 200 2607 "http://localhost/" "Mozilla/5.0 (iPhone; CPU iPhone OS 18_5 like Mac OS X) AppleWebKit/605.1.15 (KHTML, like Gecko) Version/18.5 Mobile/15E148 Safari/604.1"
172.20.0.1 - - [04/Feb/2026:14:12:45 +0530] "GET /api/auth/admin/audit-logs/?page=1&limit=15 HTTP/1.1" 200 4152 "http://localhost/" "Mozilla/5.0 (iPhone; CPU iPhone OS 18_5 like Mac OS X) AppleWebKit/605.1.15 (KHTML, like Gecko) Version/18.5 Mobile/15E148 Safari/604.1"
127.0.0.1 - - [04/Feb/2026:14:13:01 +0530] "GET /api/health/ HTTP/1.1" 200 99 "-" "curl/8.14.1"
127.0.0.1 - - [04/Feb/2026:14:13:31 +0530] "GET /api/health/ HTTP/1.1" 200 99 "-" "curl/8.14.1"
127.0.0.1 - - [04/Feb/2026:14:14:01 +0530] "GET /api/health/ HTTP/1.1" 200 99 "-" "curl/8.14.1"
127.0.0.1 - - [04/Feb/2026:14:14:31 +0530] "GET /api/health/ HTTP/1.1" 200 99 "-" "curl/8.14.1"
127.0.0.1 - - [04/Feb/2026:14:15:01 +0530] "GET /api/health/ HTTP/1.1" 200 99 "-" "curl/8.14.1"
172.20.0.1 - - [04/Feb/2026:14:15:01 +0530] "GET /api/auth/current-user/ HTTP/1.1" 200 277 "http://localhost/" "Mozilla/5.0 (iPhone; CPU iPhone OS 18_5 like Mac OS X) AppleWebKit/605.1.15 (KHTML, like Gecko) Version/18.5 Mobile/15E148 Safari/604.1"
172.20.0.1 - - [04/Feb/2026:14:15:02 +0530] "GET /api/auth/current-user/ HTTP/1.1" 200 277 "http://localhost/" "Mozilla/5.0 (iPhone; CPU iPhone OS 18_5 like Mac OS X) AppleWebKit/605.1.15 (KHTML, like Gecko) Version/18.5 Mobile/15E148 Safari/604.1"
172.20.0.1 - - [04/Feb/2026:14:15:02 +0530] "GET /api/auth/current-user/ HTTP/1.1" 200 277 "http://localhost/" "Mozilla/5.0 (iPhone; CPU iPhone OS 18_5 like Mac OS X) AppleWebKit/605.1.15 (KHTML, like Gecko) Version/18.5 Mobile/15E148 Safari/604.1"
172.20.0.1 - - [04/Feb/2026:14:15:02 +0530] "GET /api/auth/current-user/ HTTP/1.1" 200 277 "http://localhost/" "Mozilla/5.0 (iPhone; CPU iPhone OS 18_5 like Mac OS X) AppleWebKit/605.1.15 (KHTML, like Gecko) Version/18.5 Mobile/15E148 Safari/604.1"
127.0.0.1 - - [04/Feb/2026:14:15:31 +0530] "GET /api/health/ HTTP/1.1" 200 99 "-" "curl/8.14.1"
127.0.0.1 - - [04/Feb/2026:14:16:01 +0530] "GET /api/health/ HTTP/1.1" 200 99 "-" "curl/8.14.1"
127.0.0.1 - - [04/Feb/2026:14:16:31 +0530] "GET /api/health/ HTTP/1.1" 200 99 "-" "curl/8.14.1"
127.0.0.1 - - [04/Feb/2026:14:17:01 +0530] "GET /api/health/ HTTP/1.1" 200 99 "-" "curl/8.14.1"
172.20.0.1 - - [04/Feb/2026:14:17:02 +0530] "GET /api/auth/current-user/ HTTP/1.1" 200 277 "http://localhost/" "Mozilla/5.0 (Windows NT 10.0; Win64; x64) AppleWebKit/537.36 (KHTML, like Gecko) Chrome/144.0.0.0 Safari/537.36"
172.20.0.1 - - [04/Feb/2026:14:17:03 +0530] "GET /api/auth/current-user/ HTTP/1.1" 200 277 "http://localhost/" "Mozilla/5.0 (Windows NT 10.0; Win64; x64) AppleWebKit/537.36 (KHTML, like Gecko) Chrome/144.0.0.0 Safari/537.36"
172.20.0.1 - - [04/Feb/2026:14:17:30 +0530] "POST /api/auth/admin/login/ HTTP/1.1" 200 1051 "http://localhost/" "Mozilla/5.0 (iPhone; CPU iPhone OS 18_5 like Mac OS X) AppleWebKit/605.1.15 (KHTML, like Gecko) Version/18.5 Mobile/15E148 Safari/604.1"
172.20.0.1 - - [04/Feb/2026:14:17:30 +0530] "GET /api/auth/admin/fraud-logs/ HTTP/1.1" 200 5109 "http://localhost/" "Mozilla/5.0 (iPhone; CPU iPhone OS 18_5 like Mac OS X) AppleWebKit/605.1.15 (KHTML, like Gecko) Version/18.5 Mobile/15E148 Safari/604.1"
172.20.0.1 - - [04/Feb/2026:14:17:30 +0530] "GET /api/auth/admin/operators/ HTTP/1.1" 200 2526 "http://localhost/" "Mozilla/5.0 (iPhone; CPU iPhone OS 18_5 like Mac OS X) AppleWebKit/605.1.15 (KHTML, like Gecko) Version/18.5 Mobile/15E148 Safari/604.1"
172.20.0.1 - - [04/Feb/2026:14:17:30 +0530] "GET /api/auth/admin/stats/ HTTP/1.1" 200 153 "http://localhost/" "Mozilla/5.0 (iPhone; CPU iPhone OS 18_5 like Mac OS X) AppleWebKit/605.1.15 (KHTML, like Gecko) Version/18.5 Mobile/15E148 Safari/604.1"
172.20.0.1 - - [04/Feb/2026:14:17:30 +0530] "GET /api/auth/admin/voter-stats-chart/?period=24h HTTP/1.1" 200 271 "http://localhost/" "Mozilla/5.0 (iPhone; CPU iPhone OS 18_5 like Mac OS X) AppleWebKit/605.1.15 (KHTML, like Gecko) Version/18.5 Mobile/15E148 Safari/604.1"
127.0.0.1 - - [04/Feb/2026:14:17:31 +0530] "GET /api/health/ HTTP/1.1" 200 99 "-" "curl/8.14.1"
172.20.0.1 - - [04/Feb/2026:14:17:39 +0530] "GET /api/auth/admin/voter-stats-chart/?period=7d HTTP/1.1" 200 141 "http://localhost/" "Mozilla/5.0 (Windows NT 10.0; Win64; x64) AppleWebKit/537.36 (KHTML, like Gecko) Chrome/144.0.0.0 Safari/537.36"
172.20.0.1 - - [04/Feb/2026:14:17:40 +0530] "GET /api/auth/admin/voter-stats-chart/?period=30d HTTP/1.1" 200 486 "http://localhost/" "Mozilla/5.0 (Windows NT 10.0; Win64; x64) AppleWebKit/537.36 (KHTML, like Gecko) Chrome/144.0.0.0 Safari/537.36"
