127.0.0.1 - - [08/Apr/2026:00:56:48 +0530] "GET /api/health/ HTTP/1.1" 200 99 "-" "curl/8.14.1"
127.0.0.1 - - [08/Apr/2026:00:57:19 +0530] "GET /api/health/ HTTP/1.1" 200 99 "-" "curl/8.14.1"
127.0.0.1 - - [08/Apr/2026:00:57:50 +0530] "GET /api/health/ HTTP/1.1" 200 99 "-" "curl/8.14.1"
127.0.0.1 - - [08/Apr/2026:00:58:20 +0530] "GET /api/health/ HTTP/1.1" 200 99 "-" "curl/8.14.1"
127.0.0.1 - - [08/Apr/2026:00:58:50 +0530] "GET /api/health/ HTTP/1.1" 200 99 "-" "curl/8.14.1"
127.0.0.1 - - [08/Apr/2026:00:59:20 +0530] "GET /api/health/ HTTP/1.1" 200 99 "-" "curl/8.14.1"
127.0.0.1 - - [08/Apr/2026:00:59:50 +0530] "GET /api/health/ HTTP/1.1" 200 99 "-" "curl/8.14.1"
127.0.0.1 - - [08/Apr/2026:01:00:20 +0530] "GET /api/health/ HTTP/1.1" 200 99 "-" "curl/8.14.1"
127.0.0.1 - - [08/Apr/2026:01:00:50 +0530] "GET /api/health/ HTTP/1.1" 200 99 "-" "curl/8.14.1"
127.0.0.1 - - [08/Apr/2026:01:01:20 +0530] "GET /api/health/ HTTP/1.1" 200 99 "-" "curl/8.14.1"
127.0.0.1 - - [08/Apr/2026:01:01:50 +0530] "GET /api/health/ HTTP/1.1" 200 99 "-" "curl/8.14.1"
127.0.0.1 - - [08/Apr/2026:01:02:20 +0530] "GET /api/health/ HTTP/1.1" 200 99 "-" "curl/8.14.1"
127.0.0.1 - - [08/Apr/2026:01:02:50 +0530] "GET /api/health/ HTTP/1.1" 200 99 "-" "curl/8.14.1"
127.0.0.1 - - [08/Apr/2026:01:03:21 +0530] "GET /api/health/ HTTP/1.1" 200 99 "-" "curl/8.14.1"
127.0.0.1 - - [08/Apr/2026:01:03:51 +0530] "GET /api/health/ HTTP/1.1" 200 99 "-" "curl/8.14.1"
172.20.0.1 - - [08/Apr/2026:01:04:04 +0530] "GET /janmat-superadmin/ HTTP/1.1" 302 0 "-" "Mozilla/5.0 (Windows NT 10.0; Win64; x64) AppleWebKit/537.36 (KHTML, like Gecko) Chrome/146.0.0.0 Safari/537.36"
172.20.0.1 - - [08/Apr/2026:01:04:04 +0530] "GET /janmat-superadmin/login/?next=/janmat-superadmin/ HTTP/1.1" 200 4323 "-" "Mozilla/5.0 (Windows NT 10.0; Win64; x64) AppleWebKit/537.36 (KHTML, like Gecko) Chrome/146.0.0.0 Safari/537.36"
172.20.0.1 - - [08/Apr/2026:01:04:04 +0530] "GET /favicon.ico HTTP/1.1" 404 2110 "http://localhost:8000/janmat-superadmin/login/?next=/janmat-superadmin/" "Mozilla/5.0 (Windows NT 10.0; Win64; x64) AppleWebKit/537.36 (KHTML, like Gecko) Chrome/146.0.0.0 Safari/537.36"
172.20.0.1 - - [08/Apr/2026:01:04:18 +0530] "POST /janmat-superadmin/login/?next=/janmat-superadmin/ HTTP/1.1" 302 0 "http://localhost:8000/janmat-superadmin/login/?next=/janmat-superadmin/" "Mozilla/5.0 (Windows NT 10.0; Win64; x64) AppleWebKit/537.36 (KHTML, like Gecko) Chrome/146.0.0.0 Safari/537.36"
172.20.0.1 - - [08/Apr/2026:01:04:18 +0530] "GET /janmat-superadmin/ HTTP/1.1" 200 9876 "http://localhost:8000/janmat-superadmin/login/?next=/janmat-superadmin/" "Mozilla/5.0 (Windows NT 10.0; Win64; x64) AppleWebKit/537.36 (KHTML, like Gecko) Chrome/146.0.0.0 Safari/537.36"
172.20.0.1 - - [08/Apr/2026:01:04:18 +0530] "GET /static/admin/css/dashboard.e90f2068217b.css HTTP/1.1" 200 0 "http://localhost:8000/janmat-superadmin/" "Mozilla/5.0 (Windows NT 10.0; Win64; x64) AppleWebKit/537.36 (KHTML, like Gecko) Chrome/146.0.0.0 Safari/537.36"
172.20.0.1 - - [08/Apr/2026:01:04:18 +0530] "GET /static/admin/img/icon-addlink.d519b3bab011.svg HTTP/1.1" 200 0 "http://localhost:8000/static/admin/css/base.64976e0f7339.css" "Mozilla/5.0 (Windows NT 10.0; Win64; x64) AppleWebKit/537.36 (KHTML, like Gecko) Chrome/146.0.0.0 Safari/537.36"
172.20.0.1 - - [08/Apr/2026:01:04:18 +0530] "GET /static/admin/img/icon-changelink.18d2fd706348.svg HTTP/1.1" 200 0 "http://localhost:8000/static/admin/css/base.64976e0f7339.css" "Mozilla/5.0 (Windows NT 10.0; Win64; x64) AppleWebKit/537.36 (KHTML, like Gecko) Chrome/146.0.0.0 Safari/537.36"
172.20.0.1 - - [08/Apr/2026:01:04:20 +0530] "GET /janmat-superadmin/accounts/admin/add/ HTTP/1.1" 200 16208 "http://localhost:8000/janmat-superadmin/" "Mozilla/5.0 (Windows NT 10.0; Win64; x64) AppleWebKit/537.36 (KHTML, like Gecko) Chrome/146.0.0.0 Safari/537.36"
172.20.0.1 - - [08/Apr/2026:01:04:20 +0530] "GET /static/admin/css/forms.3b181cba6653.css HTTP/1.1" 200 0 "http://localhost:8000/janmat-superadmin/accounts/admin/add/" "Mozilla/5.0 (Windows NT 10.0; Win64; x64) AppleWebKit/537.36 (KHTML, like Gecko) Chrome/146.0.0.0 Safari/537.36"
172.20.0.1 - - [08/Apr/2026:01:04:20 +0530] "GET /static/admin/css/widgets.0a3765e806b3.css HTTP/1.1" 200 0 "http://localhost:8000/static/admin/css/forms.3b181cba6653.css" "Mozilla/5.0 (Windows NT 10.0; Win64; x64) AppleWebKit/537.36 (KHTML, like Gecko) Chrome/146.0.0.0 Safari/537.36"
172.20.0.1 - - [08/Apr/2026:01:04:20 +0530] "GET /static/admin/js/vendor/jquery/jquery.min.641dd1437010.js HTTP/1.1" 200 0 "http://localhost:8000/janmat-superadmin/accounts/admin/add/" "Mozilla/5.0 (Windows NT 10.0; Win64; x64) AppleWebKit/537.36 (KHTML, like Gecko) Chrome/146.0.0.0 Safari/537.36"
172.20.0.1 - - [08/Apr/2026:01:04:20 +0530] "GET /static/accounts/js/admin_geo.2594c4fce407.js HTTP/1.1" 200 0 "http://localhost:8000/janmat-superadmin/accounts/admin/add/" "Mozilla/5.0 (Windows NT 10.0; Win64; x64) AppleWebKit/537.36 (KHTML, like Gecko) Chrome/146.0.0.0 Safari/537.36"
172.20.0.1 - - [08/Apr/2026:01:04:20 +0530] "GET /static/admin/js/jquery.init.b7781a0897fc.js HTTP/1.1" 200 0 "http://localhost:8000/janmat-superadmin/accounts/admin/add/" "Mozilla/5.0 (Windows NT 10.0; Win64; x64) AppleWebKit/537.36 (KHTML, like Gecko) Chrome/146.0.0.0 Safari/537.36"
172.20.0.1 - - [08/Apr/2026:01:04:20 +0530] "GET /static/admin/js/calendar.f8a5d055eb33.js HTTP/1.1" 200 0 "http://localhost:8000/janmat-superadmin/accounts/admin/add/" "Mozilla/5.0 (Windows NT 10.0; Win64; x64) AppleWebKit/537.36 (KHTML, like Gecko) Chrome/146.0.0.0 Safari/537.36"
172.20.0.1 - - [08/Apr/2026:01:04:20 +0530] "GET /janmat-superadmin/jsi18n/ HTTP/1.1" 200 3343 "http://localhost:8000/janmat-superadmin/accounts/admin/add/" "Mozilla/5.0 (Windows NT 10.0; Win64; x64) AppleWebKit/537.36 (KHTML, like Gecko) Chrome/146.0.0.0 Safari/537.36"
172.20.0.1 - - [08/Apr/2026:01:04:21 +0530] "GET /static/admin/js/admin/DateTimeShortcuts.9f6e209cebca.js HTTP/1.1" 200 0 "http://localhost:8000/janmat-superadmin/accounts/admin/add/" "Mozilla/5.0 (Windows NT 10.0; Win64; x64) AppleWebKit/537.36 (KHTML, like Gecko) Chrome/146.0.0.0 Safari/537.36"
127.0.0.1 - - [08/Apr/2026:01:04:21 +0530] "GET /api/health/ HTTP/1.1" 200 99 "-" "curl/8.14.1"
172.20.0.1 - - [08/Apr/2026:01:04:21 +0530] "GET /static/admin/js/core.cf103cd04ebf.js HTTP/1.1" 200 0 "http://localhost:8000/janmat-superadmin/accounts/admin/add/" "Mozilla/5.0 (Windows NT 10.0; Win64; x64) AppleWebKit/537.36 (KHTML, like Gecko) Chrome/146.0.0.0 Safari/537.36"
172.20.0.1 - - [08/Apr/2026:01:04:21 +0530] "GET /static/admin/js/actions.eac7e3441574.js HTTP/1.1" 200 0 "http://localhost:8000/janmat-superadmin/accounts/admin/add/" "Mozilla/5.0 (Windows NT 10.0; Win64; x64) AppleWebKit/537.36 (KHTML, like Gecko) Chrome/146.0.0.0 Safari/537.36"
172.20.0.1 - - [08/Apr/2026:01:04:21 +0530] "GET /static/admin/js/admin/RelatedObjectLookups.8609f99b9ab2.js HTTP/1.1" 200 0 "http://localhost:8000/janmat-superadmin/accounts/admin/add/" "Mozilla/5.0 (Windows NT 10.0; Win64; x64) AppleWebKit/537.36 (KHTML, like Gecko) Chrome/146.0.0.0 Safari/537.36"
172.20.0.1 - - [08/Apr/2026:01:04:21 +0530] "GET /static/admin/js/urlify.ae970a820212.js HTTP/1.1" 200 0 "http://localhost:8000/janmat-superadmin/accounts/admin/add/" "Mozilla/5.0 (Windows NT 10.0; Win64; x64) AppleWebKit/537.36 (KHTML, like Gecko) Chrome/146.0.0.0 Safari/537.36"
172.20.0.1 - - [08/Apr/2026:01:04:21 +0530] "GET /static/admin/js/prepopulate.bd2361dfd64d.js HTTP/1.1" 200 0 "http://localhost:8000/janmat-superadmin/accounts/admin/add/" "Mozilla/5.0 (Windows NT 10.0; Win64; x64) AppleWebKit/537.36 (KHTML, like Gecko) Chrome/146.0.0.0 Safari/537.36"
172.20.0.1 - - [08/Apr/2026:01:04:21 +0530] "GET /static/admin/js/vendor/xregexp/xregexp.min.b0439563a5d3.js HTTP/1.1" 200 0 "http://localhost:8000/janmat-superadmin/accounts/admin/add/" "Mozilla/5.0 (Windows NT 10.0; Win64; x64) AppleWebKit/537.36 (KHTML, like Gecko) Chrome/146.0.0.0 Safari/537.36"
172.20.0.1 - - [08/Apr/2026:01:04:21 +0530] "GET /static/admin/js/prepopulate_init.6cac7f3105b8.js HTTP/1.1" 200 0 "http://localhost:8000/janmat-superadmin/accounts/admin/add/" "Mozilla/5.0 (Windows NT 10.0; Win64; x64) AppleWebKit/537.36 (KHTML, like Gecko) Chrome/146.0.0.0 Safari/537.36"
172.20.0.1 - - [08/Apr/2026:01:04:21 +0530] "GET /static/admin/js/change_form.9d8ca4f96b75.js HTTP/1.1" 200 0 "http://localhost:8000/janmat-superadmin/accounts/admin/add/" "Mozilla/5.0 (Windows NT 10.0; Win64; x64) AppleWebKit/537.36 (KHTML, like Gecko) Chrome/146.0.0.0 Safari/537.36"
172.20.0.1 - - [08/Apr/2026:01:04:22 +0530] "GET /static/admin/img/icon-clock.e1d4dfac3f2b.svg HTTP/1.1" 200 0 "http://localhost:8000/static/admin/css/widgets.0a3765e806b3.css" "Mozilla/5.0 (Windows NT 10.0; Win64; x64) AppleWebKit/537.36 (KHTML, like Gecko) Chrome/146.0.0.0 Safari/537.36"
172.20.0.1 - - [08/Apr/2026:01:04:22 +0530] "GET /static/admin/img/icon-calendar.ac7aea671bea.svg HTTP/1.1" 200 0 "http://localhost:8000/static/admin/css/widgets.0a3765e806b3.css" "Mozilla/5.0 (Windows NT 10.0; Win64; x64) AppleWebKit/537.36 (KHTML, like Gecko) Chrome/146.0.0.0 Safari/537.36"
172.20.0.1 - - [08/Apr/2026:01:04:30 +0530] "POST /janmat-superadmin/accounts/admin/add/ HTTP/1.1" 302 0 "http://localhost:8000/janmat-superadmin/accounts/admin/add/" "Mozilla/5.0 (Windows NT 10.0; Win64; x64) AppleWebKit/537.36 (KHTML, like Gecko) Chrome/146.0.0.0 Safari/537.36"
172.20.0.1 - - [08/Apr/2026:01:04:30 +0530] "GET /janmat-superadmin/accounts/admin/ HTTP/1.1" 200 15340 "http://localhost:8000/janmat-superadmin/accounts/admin/add/" "Mozilla/5.0 (Windows NT 10.0; Win64; x64) AppleWebKit/537.36 (KHTML, like Gecko) Chrome/146.0.0.0 Safari/537.36"
172.20.0.1 - - [08/Apr/2026:01:04:31 +0530] "GET /static/admin/css/changelists.9237a1ac391b.css HTTP/1.1" 200 0 "http://localhost:8000/janmat-superadmin/accounts/admin/" "Mozilla/5.0 (Windows NT 10.0; Win64; x64) AppleWebKit/537.36 (KHTML, like Gecko) Chrome/146.0.0.0 Safari/537.36"
172.20.0.1 - - [08/Apr/2026:01:04:31 +0530] "GET /static/admin/img/search.7cf54ff789c6.svg HTTP/1.1" 200 0 "http://localhost:8000/janmat-superadmin/accounts/admin/" "Mozilla/5.0 (Windows NT 10.0; Win64; x64) AppleWebKit/537.36 (KHTML, like Gecko) Chrome/146.0.0.0 Safari/537.36"
172.20.0.1 - - [08/Apr/2026:01:04:31 +0530] "GET /static/admin/img/icon-yes.d2f9f035226a.svg HTTP/1.1" 200 0 "http://localhost:8000/janmat-superadmin/accounts/admin/" "Mozilla/5.0 (Windows NT 10.0; Win64; x64) AppleWebKit/537.36 (KHTML, like Gecko) Chrome/146.0.0.0 Safari/537.36"
172.20.0.1 - - [08/Apr/2026:01:04:31 +0530] "GET /janmat-superadmin/jsi18n/ HTTP/1.1" 200 3343 "http://localhost:8000/janmat-superadmin/accounts/admin/" "Mozilla/5.0 (Windows NT 10.0; Win64; x64) AppleWebKit/537.36 (KHTML, like Gecko) Chrome/146.0.0.0 Safari/537.36"
172.20.0.1 - - [08/Apr/2026:01:04:31 +0530] "GET /static/admin/js/filters.0e360b7a9f80.js HTTP/1.1" 200 0 "http://localhost:8000/janmat-superadmin/accounts/admin/" "Mozilla/5.0 (Windows NT 10.0; Win64; x64) AppleWebKit/537.36 (KHTML, like Gecko) Chrome/146.0.0.0 Safari/537.36"
172.20.0.1 - - [08/Apr/2026:01:04:31 +0530] "GET /static/admin/img/tooltag-add.e59d620a9742.svg HTTP/1.1" 200 0 "http://localhost:8000/static/admin/css/base.64976e0f7339.css" "Mozilla/5.0 (Windows NT 10.0; Win64; x64) AppleWebKit/537.36 (KHTML, like Gecko) Chrome/146.0.0.0 Safari/537.36"
172.20.0.1 - - [08/Apr/2026:01:04:34 +0530] "GET /janmat-superadmin/accounts/admin/e0e07f9d-92cc-43d0-b9d0-7db2fbbd9b00/send-email/ HTTP/1.1" 302 0 "http://localhost:8000/janmat-superadmin/accounts/admin/" "Mozilla/5.0 (Windows NT 10.0; Win64; x64) AppleWebKit/537.36 (KHTML, like Gecko) Chrome/146.0.0.0 Safari/537.36"
172.20.0.1 - - [08/Apr/2026:01:04:34 +0530] "GET /janmat-superadmin/accounts/admin/ HTTP/1.1" 200 15222 "http://localhost:8000/janmat-superadmin/accounts/admin/" "Mozilla/5.0 (Windows NT 10.0; Win64; x64) AppleWebKit/537.36 (KHTML, like Gecko) Chrome/146.0.0.0 Safari/537.36"
172.20.0.1 - - [08/Apr/2026:01:04:34 +0530] "GET /janmat-superadmin/jsi18n/ HTTP/1.1" 200 3343 "http://localhost:8000/janmat-superadmin/accounts/admin/" "Mozilla/5.0 (Windows NT 10.0; Win64; x64) AppleWebKit/537.36 (KHTML, like Gecko) Chrome/146.0.0.0 Safari/537.36"
127.0.0.1 - - [08/Apr/2026:01:04:51 +0530] "GET /api/health/ HTTP/1.1" 200 99 "-" "curl/8.14.1"
127.0.0.1 - - [08/Apr/2026:01:05:21 +0530] "GET /api/health/ HTTP/1.1" 200 99 "-" "curl/8.14.1"
172.20.0.4 - - [08/Apr/2026:01:05:40 +0530] "POST /api/auth/admin/login/ HTTP/1.0" 200 1244 "http://localhost:3000/login?role=admin" "Mozilla/5.0 (Windows NT 10.0; Win64; x64) AppleWebKit/537.36 (KHTML, like Gecko) Chrome/146.0.0.0 Safari/537.36"
172.20.0.4 - - [08/Apr/2026:01:05:47 +0530] "POST /api/auth/setup-password/ HTTP/1.0" 401 31 "http://localhost:3000/setup-password" "Mozilla/5.0 (Windows NT 10.0; Win64; x64) AppleWebKit/537.36 (KHTML, like Gecko) Chrome/146.0.0.0 Safari/537.36"
127.0.0.1 - - [08/Apr/2026:01:05:51 +0530] "GET /api/health/ HTTP/1.1" 200 99 "-" "curl/8.14.1"
172.20.0.4 - - [08/Apr/2026:01:05:51 +0530] "POST /api/auth/admin/login/ HTTP/1.0" 400 42 "http://localhost:3000/login?role=admin" "Mozilla/5.0 (Windows NT 10.0; Win64; x64) AppleWebKit/537.36 (KHTML, like Gecko) Chrome/146.0.0.0 Safari/537.36"
172.20.0.4 - - [08/Apr/2026:01:06:02 +0530] "POST /api/auth/admin/login/ HTTP/1.0" 401 31 "http://localhost:3000/login?role=admin" "Mozilla/5.0 (Windows NT 10.0; Win64; x64) AppleWebKit/537.36 (KHTML, like Gecko) Chrome/146.0.0.0 Safari/537.36"
172.20.0.4 - - [08/Apr/2026:01:06:06 +0530] "POST /api/auth/admin/login/ HTTP/1.0" 200 1244 "http://localhost:3000/login?role=admin" "Mozilla/5.0 (Windows NT 10.0; Win64; x64) AppleWebKit/537.36 (KHTML, like Gecko) Chrome/146.0.0.0 Safari/537.36"
172.20.0.4 - - [08/Apr/2026:01:06:15 +0530] "POST /api/auth/setup-password/ HTTP/1.0" 401 31 "http://localhost:3000/setup-password" "Mozilla/5.0 (Windows NT 10.0; Win64; x64) AppleWebKit/537.36 (KHTML, like Gecko) Chrome/146.0.0.0 Safari/537.36"
127.0.0.1 - - [08/Apr/2026:01:06:21 +0530] "GET /api/health/ HTTP/1.1" 200 99 "-" "curl/8.14.1"
172.20.0.4 - - [08/Apr/2026:01:06:24 +0530] "POST /api/auth/admin/login/ HTTP/1.0" 401 31 "http://localhost:3000/login?role=admin" "Mozilla/5.0 (Windows NT 10.0; Win64; x64) AppleWebKit/537.36 (KHTML, like Gecko) Chrome/146.0.0.0 Safari/537.36"
127.0.0.1 - - [08/Apr/2026:01:06:51 +0530] "GET /api/health/ HTTP/1.1" 200 99 "-" "curl/8.14.1"
172.20.0.1 - - [08/Apr/2026:01:06:52 +0530] "GET /janmat-superadmin/accounts/admin/add/ HTTP/1.1" 200 16208 "http://localhost:8000/janmat-superadmin/accounts/admin/" "Mozilla/5.0 (Windows NT 10.0; Win64; x64) AppleWebKit/537.36 (KHTML, like Gecko) Chrome/146.0.0.0 Safari/537.36"
172.20.0.1 - - [08/Apr/2026:01:06:52 +0530] "GET /janmat-superadmin/jsi18n/ HTTP/1.1" 200 3343 "http://localhost:8000/janmat-superadmin/accounts/admin/add/" "Mozilla/5.0 (Windows NT 10.0; Win64; x64) AppleWebKit/537.36 (KHTML, like Gecko) Chrome/146.0.0.0 Safari/537.36"
172.20.0.1 - - [08/Apr/2026:01:06:52 +0530] "GET /favicon.ico HTTP/1.1" 404 2110 "http://localhost:8000/janmat-superadmin/accounts/admin/add/" "Mozilla/5.0 (Windows NT 10.0; Win64; x64) AppleWebKit/537.36 (KHTML, like Gecko) Chrome/146.0.0.0 Safari/537.36"
172.20.0.1 - - [08/Apr/2026:01:06:54 +0530] "GET /janmat-superadmin/accounts/admin/ HTTP/1.1" 200 15055 "http://localhost:8000/janmat-superadmin/accounts/admin/add/" "Mozilla/5.0 (Windows NT 10.0; Win64; x64) AppleWebKit/537.36 (KHTML, like Gecko) Chrome/146.0.0.0 Safari/537.36"
172.20.0.1 - - [08/Apr/2026:01:06:54 +0530] "GET /janmat-superadmin/jsi18n/ HTTP/1.1" 200 3343 "http://localhost:8000/janmat-superadmin/accounts/admin/" "Mozilla/5.0 (Windows NT 10.0; Win64; x64) AppleWebKit/537.36 (KHTML, like Gecko) Chrome/146.0.0.0 Safari/537.36"
172.20.0.1 - - [08/Apr/2026:01:06:59 +0530] "POST /janmat-superadmin/accounts/admin/ HTTP/1.1" 200 10557 "http://localhost:8000/janmat-superadmin/accounts/admin/" "Mozilla/5.0 (Windows NT 10.0; Win64; x64) AppleWebKit/537.36 (KHTML, like Gecko) Chrome/146.0.0.0 Safari/537.36"
172.20.0.1 - - [08/Apr/2026:01:06:59 +0530] "GET /static/admin/js/cancel.ecc4c5ca7b32.js HTTP/1.1" 200 0 "http://localhost:8000/janmat-superadmin/accounts/admin/" "Mozilla/5.0 (Windows NT 10.0; Win64; x64) AppleWebKit/537.36 (KHTML, like Gecko) Chrome/146.0.0.0 Safari/537.36"
172.20.0.1 - - [08/Apr/2026:01:07:00 +0530] "POST /janmat-superadmin/accounts/admin/ HTTP/1.1" 302 0 "http://localhost:8000/janmat-superadmin/accounts/admin/" "Mozilla/5.0 (Windows NT 10.0; Win64; x64) AppleWebKit/537.36 (KHTML, like Gecko) Chrome/146.0.0.0 Safari/537.36"
172.20.0.1 - - [08/Apr/2026:01:07:00 +0530] "GET /janmat-superadmin/accounts/admin/ HTTP/1.1" 200 11696 "http://localhost:8000/janmat-superadmin/accounts/admin/" "Mozilla/5.0 (Windows NT 10.0; Win64; x64) AppleWebKit/537.36 (KHTML, like Gecko) Chrome/146.0.0.0 Safari/537.36"
172.20.0.1 - - [08/Apr/2026:01:07:01 +0530] "GET /janmat-superadmin/jsi18n/ HTTP/1.1" 200 3343 "http://localhost:8000/janmat-superadmin/accounts/admin/" "Mozilla/5.0 (Windows NT 10.0; Win64; x64) AppleWebKit/537.36 (KHTML, like Gecko) Chrome/146.0.0.0 Safari/537.36"
172.20.0.1 - - [08/Apr/2026:01:07:18 +0530] "POST /janmat-superadmin/logout/ HTTP/1.1" 200 3696 "http://localhost:8000/janmat-superadmin/accounts/admin/" "Mozilla/5.0 (Windows NT 10.0; Win64; x64) AppleWebKit/537.36 (KHTML, like Gecko) Chrome/146.0.0.0 Safari/537.36"
172.20.0.1 - - [08/Apr/2026:01:07:20 +0530] "GET /janmat-superadmin/ HTTP/1.1" 302 0 "http://localhost:8000/janmat-superadmin/logout/" "Mozilla/5.0 (Windows NT 10.0; Win64; x64) AppleWebKit/537.36 (KHTML, like Gecko) Chrome/146.0.0.0 Safari/537.36"
172.20.0.1 - - [08/Apr/2026:01:07:20 +0530] "GET /janmat-superadmin/login/?next=/janmat-superadmin/ HTTP/1.1" 200 4323 "http://localhost:8000/janmat-superadmin/logout/" "Mozilla/5.0 (Windows NT 10.0; Win64; x64) AppleWebKit/537.36 (KHTML, like Gecko) Chrome/146.0.0.0 Safari/537.36"
127.0.0.1 - - [08/Apr/2026:01:07:21 +0530] "GET /api/health/ HTTP/1.1" 200 99 "-" "curl/8.14.1"
172.20.0.1 - - [08/Apr/2026:01:07:28 +0530] "POST /janmat-superadmin/login/?next=/janmat-superadmin/ HTTP/1.1" 302 0 "http://localhost:8000/janmat-superadmin/login/?next=/janmat-superadmin/" "Mozilla/5.0 (Windows NT 10.0; Win64; x64) AppleWebKit/537.36 (KHTML, like Gecko) Chrome/146.0.0.0 Safari/537.36"
172.20.0.1 - - [08/Apr/2026:01:07:28 +0530] "GET /janmat-superadmin/ HTTP/1.1" 200 10561 "http://localhost:8000/janmat-superadmin/login/?next=/janmat-superadmin/" "Mozilla/5.0 (Windows NT 10.0; Win64; x64) AppleWebKit/537.36 (KHTML, like Gecko) Chrome/146.0.0.0 Safari/537.36"
172.20.0.1 - - [08/Apr/2026:01:07:28 +0530] "GET /static/admin/img/icon-deletelink.564ef9dc3854.svg HTTP/1.1" 200 0 "http://localhost:8000/static/admin/css/base.64976e0f7339.css" "Mozilla/5.0 (Windows NT 10.0; Win64; x64) AppleWebKit/537.36 (KHTML, like Gecko) Chrome/146.0.0.0 Safari/537.36"
172.20.0.1 - - [08/Apr/2026:01:07:40 +0530] "GET /janmat-superadmin/accounts/admin/ HTTP/1.1" 200 11561 "http://localhost:8000/janmat-superadmin/" "Mozilla/5.0 (Windows NT 10.0; Win64; x64) AppleWebKit/537.36 (KHTML, like Gecko) Chrome/146.0.0.0 Safari/537.36"
172.20.0.1 - - [08/Apr/2026:01:07:40 +0530] "GET /janmat-superadmin/jsi18n/ HTTP/1.1" 200 3343 "http://localhost:8000/janmat-superadmin/accounts/admin/" "Mozilla/5.0 (Windows NT 10.0; Win64; x64) AppleWebKit/537.36 (KHTML, like Gecko) Chrome/146.0.0.0 Safari/537.36"
172.20.0.1 - - [08/Apr/2026:01:07:41 +0530] "GET /janmat-superadmin/accounts/admin/add/ HTTP/1.1" 200 16208 "http://localhost:8000/janmat-superadmin/accounts/admin/" "Mozilla/5.0 (Windows NT 10.0; Win64; x64) AppleWebKit/537.36 (KHTML, like Gecko) Chrome/146.0.0.0 Safari/537.36"
172.20.0.1 - - [08/Apr/2026:01:07:42 +0530] "GET /janmat-superadmin/jsi18n/ HTTP/1.1" 200 3343 "http://localhost:8000/janmat-superadmin/accounts/admin/add/" "Mozilla/5.0 (Windows NT 10.0; Win64; x64) AppleWebKit/537.36 (KHTML, like Gecko) Chrome/146.0.0.0 Safari/537.36"
127.0.0.1 - - [08/Apr/2026:01:07:51 +0530] "GET /api/health/ HTTP/1.1" 200 99 "-" "curl/8.14.1"
172.20.0.1 - - [08/Apr/2026:01:07:52 +0530] "POST /janmat-superadmin/accounts/admin/add/ HTTP/1.1" 302 0 "http://localhost:8000/janmat-superadmin/accounts/admin/add/" "Mozilla/5.0 (Windows NT 10.0; Win64; x64) AppleWebKit/537.36 (KHTML, like Gecko) Chrome/146.0.0.0 Safari/537.36"
172.20.0.1 - - [08/Apr/2026:01:07:52 +0530] "GET /janmat-superadmin/accounts/admin/ HTTP/1.1" 200 15328 "http://localhost:8000/janmat-superadmin/accounts/admin/add/" "Mozilla/5.0 (Windows NT 10.0; Win64; x64) AppleWebKit/537.36 (KHTML, like Gecko) Chrome/146.0.0.0 Safari/537.36"
172.20.0.1 - - [08/Apr/2026:01:07:52 +0530] "GET /janmat-superadmin/jsi18n/ HTTP/1.1" 200 3343 "http://localhost:8000/janmat-superadmin/accounts/admin/" "Mozilla/5.0 (Windows NT 10.0; Win64; x64) AppleWebKit/537.36 (KHTML, like Gecko) Chrome/146.0.0.0 Safari/537.36"
172.20.0.1 - - [08/Apr/2026:01:07:57 +0530] "GET /janmat-superadmin/accounts/admin/b115f5d0-9712-4118-95bc-450d1a617265/send-email/ HTTP/1.1" 302 0 "http://localhost:8000/janmat-superadmin/accounts/admin/" "Mozilla/5.0 (Windows NT 10.0; Win64; x64) AppleWebKit/537.36 (KHTML, like Gecko) Chrome/146.0.0.0 Safari/537.36"
172.20.0.1 - - [08/Apr/2026:01:07:57 +0530] "GET /janmat-superadmin/accounts/admin/ HTTP/1.1" 200 15210 "http://localhost:8000/janmat-superadmin/accounts/admin/" "Mozilla/5.0 (Windows NT 10.0; Win64; x64) AppleWebKit/537.36 (KHTML, like Gecko) Chrome/146.0.0.0 Safari/537.36"
172.20.0.1 - - [08/Apr/2026:01:07:57 +0530] "GET /janmat-superadmin/jsi18n/ HTTP/1.1" 200 3343 "http://localhost:8000/janmat-superadmin/accounts/admin/" "Mozilla/5.0 (Windows NT 10.0; Win64; x64) AppleWebKit/537.36 (KHTML, like Gecko) Chrome/146.0.0.0 Safari/537.36"
127.0.0.1 - - [08/Apr/2026:01:08:21 +0530] "GET /api/health/ HTTP/1.1" 200 99 "-" "curl/8.14.1"
172.20.0.4 - - [08/Apr/2026:01:08:36 +0530] "POST /api/auth/admin/login/ HTTP/1.0" 200 1238 "http://localhost:3000/login?role=admin" "Mozilla/5.0 (Windows NT 10.0; Win64; x64) AppleWebKit/537.36 (KHTML, like Gecko) Chrome/146.0.0.0 Safari/537.36"
172.20.0.4 - - [08/Apr/2026:01:08:45 +0530] "POST /api/auth/setup-password/ HTTP/1.0" 200 1210 "http://localhost:3000/setup-password" "Mozilla/5.0 (Windows NT 10.0; Win64; x64) AppleWebKit/537.36 (KHTML, like Gecko) Chrome/146.0.0.0 Safari/537.36"
172.20.0.4 - - [08/Apr/2026:01:08:45 +0530] "GET /api/auth/current-user/ HTTP/1.0" 200 404 "http://localhost:3000/admin-dashboard" "Mozilla/5.0 (Windows NT 10.0; Win64; x64) AppleWebKit/537.36 (KHTML, like Gecko) Chrome/146.0.0.0 Safari/537.36"
172.20.0.4 - - [08/Apr/2026:01:08:45 +0530] "GET /api/auth/admin/operators/ HTTP/1.0" 200 2 "http://localhost:3000/admin-dashboard" "Mozilla/5.0 (Windows NT 10.0; Win64; x64) AppleWebKit/537.36 (KHTML, like Gecko) Chrome/146.0.0.0 Safari/537.36"
172.20.0.4 - - [08/Apr/2026:01:08:45 +0530] "GET /api/auth/admin/stats/ HTTP/1.0" 200 169 "http://localhost:3000/admin-dashboard" "Mozilla/5.0 (Windows NT 10.0; Win64; x64) AppleWebKit/537.36 (KHTML, like Gecko) Chrome/146.0.0.0 Safari/537.36"
172.20.0.4 - - [08/Apr/2026:01:08:45 +0530] "GET /api/auth/admin/voter-stats-chart/?period=24h HTTP/1.0" 200 336 "http://localhost:3000/admin-dashboard" "Mozilla/5.0 (Windows NT 10.0; Win64; x64) AppleWebKit/537.36 (KHTML, like Gecko) Chrome/146.0.0.0 Safari/537.36"
172.20.0.4 - - [08/Apr/2026:01:08:45 +0530] "GET /api/auth/admin/notifications/unread-count/ HTTP/1.0" 200 18 "http://localhost:3000/admin-dashboard" "Mozilla/5.0 (Windows NT 10.0; Win64; x64) AppleWebKit/537.36 (KHTML, like Gecko) Chrome/146.0.0.0 Safari/537.36"
172.20.0.4 - - [08/Apr/2026:01:08:46 +0530] "GET /api/auth/admin/fraud-logs/ HTTP/1.0" 200 78 "http://localhost:3000/admin-dashboard" "Mozilla/5.0 (Windows NT 10.0; Win64; x64) AppleWebKit/537.36 (KHTML, like Gecko) Chrome/146.0.0.0 Safari/537.36"
172.20.0.4 - - [08/Apr/2026:01:08:48 +0530] "GET /api/auth/admin/operators/ HTTP/1.0" 200 2 "http://localhost:3000/admin-dashboard?tab=operators" "Mozilla/5.0 (Windows NT 10.0; Win64; x64) AppleWebKit/537.36 (KHTML, like Gecko) Chrome/146.0.0.0 Safari/537.36"
127.0.0.1 - - [08/Apr/2026:01:08:51 +0530] "GET /api/health/ HTTP/1.1" 200 99 "-" "curl/8.14.1"
172.20.0.4 - - [08/Apr/2026:01:08:54 +0530] "GET /api/auth/admin/fraud-logs/?page=1&limit=10 HTTP/1.0" 200 78 "http://localhost:3000/admin-dashboard?tab=fraud" "Mozilla/5.0 (Windows NT 10.0; Win64; x64) AppleWebKit/537.36 (KHTML, like Gecko) Chrome/146.0.0.0 Safari/537.36"
172.20.0.4 - - [08/Apr/2026:01:08:55 +0530] "GET /api/auth/admin/fraud-logs/?page=1&limit=10 HTTP/1.0" 200 78 "http://localhost:3000/admin-dashboard?tab=fraud" "Mozilla/5.0 (Windows NT 10.0; Win64; x64) AppleWebKit/537.36 (KHTML, like Gecko) Chrome/146.0.0.0 Safari/537.36"
172.20.0.4 - - [08/Apr/2026:01:08:55 +0530] "GET /api/auth/admin/operators/ HTTP/1.0" 200 2 "http://localhost:3000/admin-dashboard?tab=operators" "Mozilla/5.0 (Windows NT 10.0; Win64; x64) AppleWebKit/537.36 (KHTML, like Gecko) Chrome/146.0.0.0 Safari/537.36"
172.20.0.4 - - [08/Apr/2026:01:09:02 +0530] "POST /api/auth/admin/create-operator/ HTTP/1.0" 201 382 "http://localhost:3000/admin-dashboard?tab=operators" "Mozilla/5.0 (Windows NT 10.0; Win64; x64) AppleWebKit/537.36 (KHTML, like Gecko) Chrome/146.0.0.0 Safari/537.36"
172.20.0.4 - - [08/Apr/2026:01:09:02 +0530] "GET /api/auth/admin/operators/ HTTP/1.0" 200 373 "http://localhost:3000/admin-dashboard?tab=operators" "Mozilla/5.0 (Windows NT 10.0; Win64; x64) AppleWebKit/537.36 (KHTML, like Gecko) Chrome/146.0.0.0 Safari/537.36"
172.20.0.4 - - [08/Apr/2026:01:09:06 +0530] "POST /api/auth/admin/operators/1e002785-20f9-4141-a510-67d4a15ef203/send-credentials/ HTTP/1.0" 200 59 "http://localhost:3000/admin-dashboard?tab=operators" "Mozilla/5.0 (Windows NT 10.0; Win64; x64) AppleWebKit/537.36 (KHTML, like Gecko) Chrome/146.0.0.0 Safari/537.36"
172.20.0.4 - - [08/Apr/2026:01:09:16 +0530] "GET /api/auth/admin/notifications/unread-count/ HTTP/1.0" 200 18 "http://localhost:3000/admin-dashboard?tab=operators" "Mozilla/5.0 (Windows NT 10.0; Win64; x64) AppleWebKit/537.36 (KHTML, like Gecko) Chrome/146.0.0.0 Safari/537.36"
127.0.0.1 - - [08/Apr/2026:01:09:22 +0530] "GET /api/health/ HTTP/1.1" 200 99 "-" "curl/8.14.1"
172.20.0.4 - - [08/Apr/2026:01:09:46 +0530] "GET /api/auth/admin/notifications/unread-count/ HTTP/1.0" 200 18 "http://localhost:3000/admin-dashboard?tab=operators" "Mozilla/5.0 (Windows NT 10.0; Win64; x64) AppleWebKit/537.36 (KHTML, like Gecko) Chrome/146.0.0.0 Safari/537.36"
127.0.0.1 - - [08/Apr/2026:01:09:52 +0530] "GET /api/health/ HTTP/1.1" 200 99 "-" "curl/8.14.1"
172.20.0.4 - - [08/Apr/2026:01:09:58 +0530] "POST /api/auth/operator/login/ HTTP/1.0" 200 1481 "http://localhost:3000/login?role=operator" "Mozilla/5.0 (Windows NT 10.0; Win64; x64) AppleWebKit/537.36 (KHTML, like Gecko) Chrome/146.0.0.0 Safari/537.36"
172.20.0.4 - - [08/Apr/2026:01:10:07 +0530] "POST /api/auth/setup-password/ HTTP/1.0" 200 1454 "http://localhost:3000/setup-password" "Mozilla/5.0 (Windows NT 10.0; Win64; x64) AppleWebKit/537.36 (KHTML, like Gecko) Chrome/146.0.0.0 Safari/537.36"
172.20.0.4 - - [08/Apr/2026:01:10:07 +0530] "GET /api/auth/current-user/ HTTP/1.0" 200 433 "http://localhost:3000/operator-dashboard" "Mozilla/5.0 (Windows NT 10.0; Win64; x64) AppleWebKit/537.36 (KHTML, like Gecko) Chrome/146.0.0.0 Safari/537.36"
172.20.0.4 - - [08/Apr/2026:01:10:07 +0530] "GET /api/auth/operator/stats/ HTTP/1.0" 200 149 "http://localhost:3000/operator-dashboard" "Mozilla/5.0 (Windows NT 10.0; Win64; x64) AppleWebKit/537.36 (KHTML, like Gecko) Chrome/146.0.0.0 Safari/537.36"
172.20.0.4 - - [08/Apr/2026:01:10:16 +0530] "GET /api/auth/admin/notifications/unread-count/ HTTP/1.0" 200 18 "http://localhost:3000/admin-dashboard?tab=operators" "Mozilla/5.0 (Windows NT 10.0; Win64; x64) AppleWebKit/537.36 (KHTML, like Gecko) Chrome/146.0.0.0 Safari/537.36"
127.0.0.1 - - [08/Apr/2026:01:10:22 +0530] "GET /api/health/ HTTP/1.1" 200 99 "-" "curl/8.14.1"
172.20.0.4 - - [08/Apr/2026:01:10:46 +0530] "GET /api/auth/admin/notifications/unread-count/ HTTP/1.0" 200 18 "http://localhost:3000/admin-dashboard?tab=operators" "Mozilla/5.0 (Windows NT 10.0; Win64; x64) AppleWebKit/537.36 (KHTML, like Gecko) Chrome/146.0.0.0 Safari/537.36"
127.0.0.1 - - [08/Apr/2026:01:10:52 +0530] "GET /api/health/ HTTP/1.1" 200 99 "-" "curl/8.14.1"
172.20.0.4 - - [08/Apr/2026:01:11:16 +0530] "GET /api/auth/admin/notifications/unread-count/ HTTP/1.0" 200 18 "http://localhost:3000/admin-dashboard?tab=operators" "Mozilla/5.0 (Windows NT 10.0; Win64; x64) AppleWebKit/537.36 (KHTML, like Gecko) Chrome/146.0.0.0 Safari/537.36"
127.0.0.1 - - [08/Apr/2026:01:11:22 +0530] "GET /api/health/ HTTP/1.1" 200 99 "-" "curl/8.14.1"
172.20.0.4 - - [08/Apr/2026:01:11:46 +0530] "GET /api/auth/admin/notifications/unread-count/ HTTP/1.0" 200 18 "http://localhost:3000/admin-dashboard?tab=operators" "Mozilla/5.0 (Windows NT 10.0; Win64; x64) AppleWebKit/537.36 (KHTML, like Gecko) Chrome/146.0.0.0 Safari/537.36"
127.0.0.1 - - [08/Apr/2026:01:11:52 +0530] "GET /api/health/ HTTP/1.1" 200 99 "-" "curl/8.14.1"
172.20.0.4 - - [08/Apr/2026:01:12:16 +0530] "GET /api/auth/admin/notifications/unread-count/ HTTP/1.0" 200 18 "http://localhost:3000/admin-dashboard?tab=operators" "Mozilla/5.0 (Windows NT 10.0; Win64; x64) AppleWebKit/537.36 (KHTML, like Gecko) Chrome/146.0.0.0 Safari/537.36"
127.0.0.1 - - [08/Apr/2026:01:12:22 +0530] "GET /api/health/ HTTP/1.1" 200 99 "-" "curl/8.14.1"
127.0.0.1 - - [08/Apr/2026:01:12:52 +0530] "GET /api/health/ HTTP/1.1" 200 99 "-" "curl/8.14.1"
172.20.0.4 - - [08/Apr/2026:01:13:16 +0530] "GET /api/auth/admin/notifications/unread-count/ HTTP/1.0" 200 18 "http://localhost:3000/admin-dashboard?tab=operators" "Mozilla/5.0 (Windows NT 10.0; Win64; x64) AppleWebKit/537.36 (KHTML, like Gecko) Chrome/146.0.0.0 Safari/537.36"
127.0.0.1 - - [08/Apr/2026:01:13:22 +0530] "GET /api/health/ HTTP/1.1" 200 99 "-" "curl/8.14.1"
127.0.0.1 - - [08/Apr/2026:01:13:52 +0530] "GET /api/health/ HTTP/1.1" 200 99 "-" "curl/8.14.1"
172.20.0.4 - - [08/Apr/2026:01:14:16 +0530] "GET /api/auth/admin/notifications/unread-count/ HTTP/1.0" 200 18 "http://localhost:3000/admin-dashboard?tab=operators" "Mozilla/5.0 (Windows NT 10.0; Win64; x64) AppleWebKit/537.36 (KHTML, like Gecko) Chrome/146.0.0.0 Safari/537.36"
127.0.0.1 - - [08/Apr/2026:01:14:22 +0530] "GET /api/health/ HTTP/1.1" 200 99 "-" "curl/8.14.1"
127.0.0.1 - - [08/Apr/2026:01:14:52 +0530] "GET /api/health/ HTTP/1.1" 200 99 "-" "curl/8.14.1"
172.20.0.4 - - [08/Apr/2026:01:15:16 +0530] "GET /api/auth/admin/notifications/unread-count/ HTTP/1.0" 200 18 "http://localhost:3000/admin-dashboard?tab=operators" "Mozilla/5.0 (Windows NT 10.0; Win64; x64) AppleWebKit/537.36 (KHTML, like Gecko) Chrome/146.0.0.0 Safari/537.36"
127.0.0.1 - - [08/Apr/2026:01:15:23 +0530] "GET /api/health/ HTTP/1.1" 200 99 "-" "curl/8.14.1"
127.0.0.1 - - [08/Apr/2026:01:15:53 +0530] "GET /api/health/ HTTP/1.1" 200 99 "-" "curl/8.14.1"
172.20.0.4 - - [08/Apr/2026:01:16:16 +0530] "GET /api/auth/admin/notifications/unread-count/ HTTP/1.0" 200 18 "http://localhost:3000/admin-dashboard?tab=operators" "Mozilla/5.0 (Windows NT 10.0; Win64; x64) AppleWebKit/537.36 (KHTML, like Gecko) Chrome/146.0.0.0 Safari/537.36"
127.0.0.1 - - [08/Apr/2026:01:16:23 +0530] "GET /api/health/ HTTP/1.1" 200 99 "-" "curl/8.14.1"
127.0.0.1 - - [08/Apr/2026:01:16:53 +0530] "GET /api/health/ HTTP/1.1" 200 99 "-" "curl/8.14.1"
172.20.0.4 - - [08/Apr/2026:01:17:16 +0530] "GET /api/auth/admin/notifications/unread-count/ HTTP/1.0" 200 18 "http://localhost:3000/admin-dashboard?tab=operators" "Mozilla/5.0 (Windows NT 10.0; Win64; x64) AppleWebKit/537.36 (KHTML, like Gecko) Chrome/146.0.0.0 Safari/537.36"
127.0.0.1 - - [08/Apr/2026:01:17:23 +0530] "GET /api/health/ HTTP/1.1" 200 99 "-" "curl/8.14.1"
127.0.0.1 - - [08/Apr/2026:01:17:53 +0530] "GET /api/health/ HTTP/1.1" 200 99 "-" "curl/8.14.1"
172.20.0.4 - - [08/Apr/2026:01:18:16 +0530] "GET /api/auth/admin/notifications/unread-count/ HTTP/1.0" 200 18 "http://localhost:3000/admin-dashboard?tab=operators" "Mozilla/5.0 (Windows NT 10.0; Win64; x64) AppleWebKit/537.36 (KHTML, like Gecko) Chrome/146.0.0.0 Safari/537.36"
127.0.0.1 - - [08/Apr/2026:01:18:23 +0530] "GET /api/health/ HTTP/1.1" 200 99 "-" "curl/8.14.1"
127.0.0.1 - - [08/Apr/2026:01:18:53 +0530] "GET /api/health/ HTTP/1.1" 200 99 "-" "curl/8.14.1"
172.20.0.4 - - [08/Apr/2026:01:19:16 +0530] "GET /api/auth/admin/notifications/unread-count/ HTTP/1.0" 200 18 "http://localhost:3000/admin-dashboard?tab=operators" "Mozilla/5.0 (Windows NT 10.0; Win64; x64) AppleWebKit/537.36 (KHTML, like Gecko) Chrome/146.0.0.0 Safari/537.36"
127.0.0.1 - - [08/Apr/2026:01:19:23 +0530] "GET /api/health/ HTTP/1.1" 200 99 "-" "curl/8.14.1"
172.20.0.4 - - [08/Apr/2026:01:19:27 +0530] "GET /api/auth/current-user/ HTTP/1.0" 200 404 "http://localhost:3000/admin-dashboard?tab=operators" "Mozilla/5.0 (Windows NT 10.0; Win64; x64) AppleWebKit/537.36 (KHTML, like Gecko) Chrome/146.0.0.0 Safari/537.36"
172.20.0.4 - - [08/Apr/2026:01:19:27 +0530] "GET /api/auth/admin/operators/ HTTP/1.0" 200 404 "http://localhost:3000/admin-dashboard?tab=operators" "Mozilla/5.0 (Windows NT 10.0; Win64; x64) AppleWebKit/537.36 (KHTML, like Gecko) Chrome/146.0.0.0 Safari/537.36"
172.20.0.4 - - [08/Apr/2026:01:19:27 +0530] "GET /api/auth/admin/notifications/unread-count/ HTTP/1.0" 200 18 "http://localhost:3000/admin-dashboard?tab=operators" "Mozilla/5.0 (Windows NT 10.0; Win64; x64) AppleWebKit/537.36 (KHTML, like Gecko) Chrome/146.0.0.0 Safari/537.36"
172.20.0.4 - - [08/Apr/2026:01:19:28 +0530] "GET /api/auth/admin/fraud-logs/ HTTP/1.0" 200 78 "http://localhost:3000/admin-dashboard?tab=dashboard" "Mozilla/5.0 (Windows NT 10.0; Win64; x64) AppleWebKit/537.36 (KHTML, like Gecko) Chrome/146.0.0.0 Safari/537.36"
172.20.0.4 - - [08/Apr/2026:01:19:28 +0530] "GET /api/auth/admin/stats/ HTTP/1.0" 200 169 "http://localhost:3000/admin-dashboard?tab=dashboard" "Mozilla/5.0 (Windows NT 10.0; Win64; x64) AppleWebKit/537.36 (KHTML, like Gecko) Chrome/146.0.0.0 Safari/537.36"
172.20.0.4 - - [08/Apr/2026:01:19:28 +0530] "GET /api/auth/admin/operators/ HTTP/1.0" 200 404 "http://localhost:3000/admin-dashboard?tab=dashboard" "Mozilla/5.0 (Windows NT 10.0; Win64; x64) AppleWebKit/537.36 (KHTML, like Gecko) Chrome/146.0.0.0 Safari/537.36"
172.20.0.4 - - [08/Apr/2026:01:19:28 +0530] "GET /api/auth/admin/voter-stats-chart/?period=24h HTTP/1.0" 200 336 "http://localhost:3000/admin-dashboard?tab=dashboard" "Mozilla/5.0 (Windows NT 10.0; Win64; x64) AppleWebKit/537.36 (KHTML, like Gecko) Chrome/146.0.0.0 Safari/537.36"
172.20.0.4 - - [08/Apr/2026:01:19:35 +0530] "GET /api/auth/admin/audit-logs/?page=1&limit=15 HTTP/1.0" 200 970 "http://localhost:3000/admin-dashboard?tab=audit" "Mozilla/5.0 (Windows NT 10.0; Win64; x64) AppleWebKit/537.36 (KHTML, like Gecko) Chrome/146.0.0.0 Safari/537.36"
172.20.0.4 - - [08/Apr/2026:01:19:35 +0530] "GET /api/auth/admin/fraud-logs/?page=1&limit=10 HTTP/1.0" 200 78 "http://localhost:3000/admin-dashboard?tab=fraud" "Mozilla/5.0 (Windows NT 10.0; Win64; x64) AppleWebKit/537.36 (KHTML, like Gecko) Chrome/146.0.0.0 Safari/537.36"
172.20.0.4 - - [08/Apr/2026:01:19:36 +0530] "GET /api/auth/admin/operators/ HTTP/1.0" 200 404 "http://localhost:3000/admin-dashboard?tab=operators" "Mozilla/5.0 (Windows NT 10.0; Win64; x64) AppleWebKit/537.36 (KHTML, like Gecko) Chrome/146.0.0.0 Safari/537.36"
127.0.0.1 - - [08/Apr/2026:01:19:53 +0530] "GET /api/health/ HTTP/1.1" 200 99 "-" "curl/8.14.1"
172.20.0.4 - - [08/Apr/2026:01:19:58 +0530] "GET /api/auth/admin/notifications/unread-count/ HTTP/1.0" 200 18 "http://localhost:3000/admin-dashboard?tab=operators" "Mozilla/5.0 (Windows NT 10.0; Win64; x64) AppleWebKit/537.36 (KHTML, like Gecko) Chrome/146.0.0.0 Safari/537.36"
127.0.0.1 - - [08/Apr/2026:01:20:23 +0530] "GET /api/health/ HTTP/1.1" 200 99 "-" "curl/8.14.1"
172.20.0.4 - - [08/Apr/2026:01:20:28 +0530] "GET /api/auth/admin/notifications/unread-count/ HTTP/1.0" 200 18 "http://localhost:3000/admin-dashboard?tab=operators" "Mozilla/5.0 (Windows NT 10.0; Win64; x64) AppleWebKit/537.36 (KHTML, like Gecko) Chrome/146.0.0.0 Safari/537.36"
127.0.0.1 - - [08/Apr/2026:01:20:53 +0530] "GET /api/health/ HTTP/1.1" 200 99 "-" "curl/8.14.1"
172.20.0.4 - - [08/Apr/2026:01:20:58 +0530] "GET /api/auth/admin/notifications/unread-count/ HTTP/1.0" 200 18 "http://localhost:3000/admin-dashboard?tab=operators" "Mozilla/5.0 (Windows NT 10.0; Win64; x64) AppleWebKit/537.36 (KHTML, like Gecko) Chrome/146.0.0.0 Safari/537.36"
127.0.0.1 - - [08/Apr/2026:01:21:24 +0530] "GET /api/health/ HTTP/1.1" 200 99 "-" "curl/8.14.1"
172.20.0.4 - - [08/Apr/2026:01:21:28 +0530] "GET /api/auth/admin/notifications/unread-count/ HTTP/1.0" 200 18 "http://localhost:3000/admin-dashboard?tab=operators" "Mozilla/5.0 (Windows NT 10.0; Win64; x64) AppleWebKit/537.36 (KHTML, like Gecko) Chrome/146.0.0.0 Safari/537.36"
127.0.0.1 - - [08/Apr/2026:01:21:54 +0530] "GET /api/health/ HTTP/1.1" 200 99 "-" "curl/8.14.1"
172.20.0.4 - - [08/Apr/2026:01:21:58 +0530] "GET /api/auth/admin/notifications/unread-count/ HTTP/1.0" 200 18 "http://localhost:3000/admin-dashboard?tab=operators" "Mozilla/5.0 (Windows NT 10.0; Win64; x64) AppleWebKit/537.36 (KHTML, like Gecko) Chrome/146.0.0.0 Safari/537.36"
127.0.0.1 - - [08/Apr/2026:01:22:24 +0530] "GET /api/health/ HTTP/1.1" 200 99 "-" "curl/8.14.1"
172.20.0.4 - - [08/Apr/2026:01:22:28 +0530] "GET /api/auth/admin/notifications/unread-count/ HTTP/1.0" 200 18 "http://localhost:3000/admin-dashboard?tab=operators" "Mozilla/5.0 (Windows NT 10.0; Win64; x64) AppleWebKit/537.36 (KHTML, like Gecko) Chrome/146.0.0.0 Safari/537.36"
127.0.0.1 - - [08/Apr/2026:01:22:54 +0530] "GET /api/health/ HTTP/1.1" 200 99 "-" "curl/8.14.1"
172.20.0.4 - - [08/Apr/2026:01:23:16 +0530] "GET /api/auth/admin/notifications/unread-count/ HTTP/1.0" 200 18 "http://localhost:3000/admin-dashboard?tab=operators" "Mozilla/5.0 (Windows NT 10.0; Win64; x64) AppleWebKit/537.36 (KHTML, like Gecko) Chrome/146.0.0.0 Safari/537.36"
127.0.0.1 - - [08/Apr/2026:01:23:24 +0530] "GET /api/health/ HTTP/1.1" 200 99 "-" "curl/8.14.1"
127.0.0.1 - - [08/Apr/2026:01:23:54 +0530] "GET /api/health/ HTTP/1.1" 200 99 "-" "curl/8.14.1"
172.20.0.4 - - [08/Apr/2026:01:24:14 +0530] "GET /api/auth/admin/notifications/unread-count/ HTTP/1.0" 200 18 "http://localhost:3000/admin-dashboard?tab=operators" "Mozilla/5.0 (Windows NT 10.0; Win64; x64) AppleWebKit/537.36 (KHTML, like Gecko) Chrome/146.0.0.0 Safari/537.36"
127.0.0.1 - - [08/Apr/2026:01:24:24 +0530] "GET /api/health/ HTTP/1.1" 200 99 "-" "curl/8.14.1"
172.20.0.4 - - [08/Apr/2026:01:24:28 +0530] "GET /api/auth/admin/notifications/unread-count/ HTTP/1.0" 200 18 "http://localhost:3000/admin-dashboard?tab=operators" "Mozilla/5.0 (Windows NT 10.0; Win64; x64) AppleWebKit/537.36 (KHTML, like Gecko) Chrome/146.0.0.0 Safari/537.36"
127.0.0.1 - - [08/Apr/2026:01:24:54 +0530] "GET /api/health/ HTTP/1.1" 200 99 "-" "curl/8.14.1"
172.20.0.4 - - [08/Apr/2026:01:24:58 +0530] "GET /api/auth/admin/notifications/unread-count/ HTTP/1.0" 200 18 "http://localhost:3000/admin-dashboard?tab=operators" "Mozilla/5.0 (Windows NT 10.0; Win64; x64) AppleWebKit/537.36 (KHTML, like Gecko) Chrome/146.0.0.0 Safari/537.36"
127.0.0.1 - - [08/Apr/2026:01:25:24 +0530] "GET /api/health/ HTTP/1.1" 200 99 "-" "curl/8.14.1"
172.20.0.4 - - [08/Apr/2026:01:25:28 +0530] "GET /api/auth/admin/notifications/unread-count/ HTTP/1.0" 200 18 "http://localhost:3000/admin-dashboard?tab=operators" "Mozilla/5.0 (Windows NT 10.0; Win64; x64) AppleWebKit/537.36 (KHTML, like Gecko) Chrome/146.0.0.0 Safari/537.36"
127.0.0.1 - - [08/Apr/2026:01:25:54 +0530] "GET /api/health/ HTTP/1.1" 200 99 "-" "curl/8.14.1"
172.20.0.4 - - [08/Apr/2026:01:25:58 +0530] "GET /api/auth/admin/notifications/unread-count/ HTTP/1.0" 200 18 "http://localhost:3000/admin-dashboard?tab=operators" "Mozilla/5.0 (Windows NT 10.0; Win64; x64) AppleWebKit/537.36 (KHTML, like Gecko) Chrome/146.0.0.0 Safari/537.36"
127.0.0.1 - - [08/Apr/2026:01:26:24 +0530] "GET /api/health/ HTTP/1.1" 200 99 "-" "curl/8.14.1"
172.20.0.4 - - [08/Apr/2026:01:26:28 +0530] "GET /api/auth/admin/notifications/unread-count/ HTTP/1.0" 200 18 "http://localhost:3000/admin-dashboard?tab=operators" "Mozilla/5.0 (Windows NT 10.0; Win64; x64) AppleWebKit/537.36 (KHTML, like Gecko) Chrome/146.0.0.0 Safari/537.36"
127.0.0.1 - - [08/Apr/2026:01:26:55 +0530] "GET /api/health/ HTTP/1.1" 200 99 "-" "curl/8.14.1"
172.20.0.4 - - [08/Apr/2026:01:27:16 +0530] "GET /api/auth/admin/notifications/unread-count/ HTTP/1.0" 200 18 "http://localhost:3000/admin-dashboard?tab=operators" "Mozilla/5.0 (Windows NT 10.0; Win64; x64) AppleWebKit/537.36 (KHTML, like Gecko) Chrome/146.0.0.0 Safari/537.36"
127.0.0.1 - - [08/Apr/2026:01:27:25 +0530] "GET /api/health/ HTTP/1.1" 200 99 "-" "curl/8.14.1"
172.20.0.4 - - [08/Apr/2026:01:27:47 +0530] "GET /api/auth/admin/notifications/unread-count/ HTTP/1.0" 200 18 "http://localhost:3000/admin-dashboard?tab=operators" "Mozilla/5.0 (Windows NT 10.0; Win64; x64) AppleWebKit/537.36 (KHTML, like Gecko) Chrome/146.0.0.0 Safari/537.36"
127.0.0.1 - - [08/Apr/2026:01:27:55 +0530] "GET /api/health/ HTTP/1.1" 200 99 "-" "curl/8.14.1"
172.20.0.4 - - [08/Apr/2026:01:27:58 +0530] "GET /api/auth/admin/notifications/unread-count/ HTTP/1.0" 200 18 "http://localhost:3000/admin-dashboard?tab=operators" "Mozilla/5.0 (Windows NT 10.0; Win64; x64) AppleWebKit/537.36 (KHTML, like Gecko) Chrome/146.0.0.0 Safari/537.36"
127.0.0.1 - - [08/Apr/2026:01:28:25 +0530] "GET /api/health/ HTTP/1.1" 200 99 "-" "curl/8.14.1"
172.20.0.4 - - [08/Apr/2026:01:28:28 +0530] "GET /api/auth/admin/notifications/unread-count/ HTTP/1.0" 200 18 "http://localhost:3000/admin-dashboard?tab=operators" "Mozilla/5.0 (Windows NT 10.0; Win64; x64) AppleWebKit/537.36 (KHTML, like Gecko) Chrome/146.0.0.0 Safari/537.36"
127.0.0.1 - - [08/Apr/2026:01:28:55 +0530] "GET /api/health/ HTTP/1.1" 200 99 "-" "curl/8.14.1"
172.20.0.4 - - [08/Apr/2026:01:28:58 +0530] "GET /api/auth/admin/notifications/unread-count/ HTTP/1.0" 200 18 "http://localhost:3000/admin-dashboard?tab=operators" "Mozilla/5.0 (Windows NT 10.0; Win64; x64) AppleWebKit/537.36 (KHTML, like Gecko) Chrome/146.0.0.0 Safari/537.36"
127.0.0.1 - - [08/Apr/2026:01:29:25 +0530] "GET /api/health/ HTTP/1.1" 200 99 "-" "curl/8.14.1"
127.0.0.1 - - [08/Apr/2026:01:29:55 +0530] "GET /api/health/ HTTP/1.1" 200 99 "-" "curl/8.14.1"
172.20.0.4 - - [08/Apr/2026:01:29:56 +0530] "GET /api/auth/admin/notifications/unread-count/ HTTP/1.0" 200 18 "http://localhost:3000/admin-dashboard?tab=operators" "Mozilla/5.0 (Windows NT 10.0; Win64; x64) AppleWebKit/537.36 (KHTML, like Gecko) Chrome/146.0.0.0 Safari/537.36"
127.0.0.1 - - [08/Apr/2026:01:30:25 +0530] "GET /api/health/ HTTP/1.1" 200 99 "-" "curl/8.14.1"
172.20.0.4 - - [08/Apr/2026:01:30:28 +0530] "GET /api/auth/admin/notifications/unread-count/ HTTP/1.0" 200 18 "http://localhost:3000/admin-dashboard?tab=operators" "Mozilla/5.0 (Windows NT 10.0; Win64; x64) AppleWebKit/537.36 (KHTML, like Gecko) Chrome/146.0.0.0 Safari/537.36"
127.0.0.1 - - [08/Apr/2026:01:30:55 +0530] "GET /api/health/ HTTP/1.1" 200 99 "-" "curl/8.14.1"
172.20.0.4 - - [08/Apr/2026:01:30:58 +0530] "GET /api/auth/admin/notifications/unread-count/ HTTP/1.0" 200 18 "http://localhost:3000/admin-dashboard?tab=operators" "Mozilla/5.0 (Windows NT 10.0; Win64; x64) AppleWebKit/537.36 (KHTML, like Gecko) Chrome/146.0.0.0 Safari/537.36"
127.0.0.1 - - [08/Apr/2026:01:31:17 +0530] "GET /api/health/ HTTP/1.1" 200 99 "-" "curl/8.14.1"
172.20.0.4 - - [08/Apr/2026:01:31:29 +0530] "GET /api/auth/admin/notifications/unread-count/ HTTP/1.0" 200 18 "http://localhost:3000/admin-dashboard?tab=operators" "Mozilla/5.0 (Windows NT 10.0; Win64; x64) AppleWebKit/537.36 (KHTML, like Gecko) Chrome/146.0.0.0 Safari/537.36"
172.20.0.4 - - [08/Apr/2026:01:31:42 +0530] "GET /api/auth/current-user/ HTTP/1.0" 200 433 "http://localhost:3000/operator/verify" "Mozilla/5.0 (Windows NT 10.0; Win64; x64) AppleWebKit/537.36 (KHTML, like Gecko) Chrome/146.0.0.0 Safari/537.36"
127.0.0.1 - - [08/Apr/2026:01:31:47 +0530] "GET /api/health/ HTTP/1.1" 200 99 "-" "curl/8.14.1"
172.20.0.4 - - [08/Apr/2026:01:31:47 +0530] "GET /api/auth/current-user/ HTTP/1.0" 200 404 "http://localhost:3000/admin-dashboard?tab=operators" "Mozilla/5.0 (Windows NT 10.0; Win64; x64) AppleWebKit/537.36 (KHTML, like Gecko) Chrome/146.0.0.0 Safari/537.36"
172.20.0.4 - - [08/Apr/2026:01:31:47 +0530] "GET /api/auth/admin/notifications/unread-count/ HTTP/1.0" 200 18 "http://localhost:3000/admin-dashboard?tab=operators" "Mozilla/5.0 (Windows NT 10.0; Win64; x64) AppleWebKit/537.36 (KHTML, like Gecko) Chrome/146.0.0.0 Safari/537.36"
172.20.0.4 - - [08/Apr/2026:01:31:47 +0530] "GET /api/auth/admin/operators/ HTTP/1.0" 200 404 "http://localhost:3000/admin-dashboard?tab=operators" "Mozilla/5.0 (Windows NT 10.0; Win64; x64) AppleWebKit/537.36 (KHTML, like Gecko) Chrome/146.0.0.0 Safari/537.36"
172.20.0.1 - - [08/Apr/2026:01:31:49 +0530] "GET /janmat-superadmin/accounts/admin/ HTTP/1.1" 200 15043 "http://localhost:8000/janmat-superadmin/accounts/admin/" "Mozilla/5.0 (Windows NT 10.0; Win64; x64) AppleWebKit/537.36 (KHTML, like Gecko) Chrome/146.0.0.0 Safari/537.36"
172.20.0.1 - - [08/Apr/2026:01:31:49 +0530] "GET /static/admin/css/base.64976e0f7339.css HTTP/1.1" 200 0 "http://localhost:8000/janmat-superadmin/accounts/admin/" "Mozilla/5.0 (Windows NT 10.0; Win64; x64) AppleWebKit/537.36 (KHTML, like Gecko) Chrome/146.0.0.0 Safari/537.36"
172.20.0.1 - - [08/Apr/2026:01:31:49 +0530] "GET /static/admin/css/dark_mode.ef27a31af300.css HTTP/1.1" 200 0 "http://localhost:8000/janmat-superadmin/accounts/admin/" "Mozilla/5.0 (Windows NT 10.0; Win64; x64) AppleWebKit/537.36 (KHTML, like Gecko) Chrome/146.0.0.0 Safari/537.36"
172.20.0.1 - - [08/Apr/2026:01:31:49 +0530] "GET /static/admin/css/nav_sidebar.269a1bd44627.css HTTP/1.1" 200 0 "http://localhost:8000/janmat-superadmin/accounts/admin/" "Mozilla/5.0 (Windows NT 10.0; Win64; x64) AppleWebKit/537.36 (KHTML, like Gecko) Chrome/146.0.0.0 Safari/537.36"
172.20.0.1 - - [08/Apr/2026:01:31:49 +0530] "GET /static/admin/css/changelists.9237a1ac391b.css HTTP/1.1" 200 0 "http://localhost:8000/janmat-superadmin/accounts/admin/" "Mozilla/5.0 (Windows NT 10.0; Win64; x64) AppleWebKit/537.36 (KHTML, like Gecko) Chrome/146.0.0.0 Safari/537.36"
172.20.0.1 - - [08/Apr/2026:01:31:49 +0530] "GET /static/admin/css/responsive.107cd2690311.css HTTP/1.1" 200 0 "http://localhost:8000/janmat-superadmin/accounts/admin/" "Mozilla/5.0 (Windows NT 10.0; Win64; x64) AppleWebKit/537.36 (KHTML, like Gecko) Chrome/146.0.0.0 Safari/537.36"
172.20.0.1 - - [08/Apr/2026:01:31:49 +0530] "GET /static/admin/js/vendor/jquery/jquery.min.641dd1437010.js HTTP/1.1" 200 0 "http://localhost:8000/janmat-superadmin/accounts/admin/" "Mozilla/5.0 (Windows NT 10.0; Win64; x64) AppleWebKit/537.36 (KHTML, like Gecko) Chrome/146.0.0.0 Safari/537.36"
172.20.0.1 - - [08/Apr/2026:01:31:49 +0530] "GET /janmat-superadmin/jsi18n/ HTTP/1.1" 200 3343 "http://localhost:8000/janmat-superadmin/accounts/admin/" "Mozilla/5.0 (Windows NT 10.0; Win64; x64) AppleWebKit/537.36 (KHTML, like Gecko) Chrome/146.0.0.0 Safari/537.36"
172.20.0.1 - - [08/Apr/2026:01:31:49 +0530] "GET /static/accounts/js/admin_geo.2594c4fce407.js HTTP/1.1" 200 0 "http://localhost:8000/janmat-superadmin/accounts/admin/" "Mozilla/5.0 (Windows NT 10.0; Win64; x64) AppleWebKit/537.36 (KHTML, like Gecko) Chrome/146.0.0.0 Safari/537.36"
172.20.0.1 - - [08/Apr/2026:01:31:49 +0530] "GET /static/admin/js/jquery.init.b7781a0897fc.js HTTP/1.1" 200 0 "http://localhost:8000/janmat-superadmin/accounts/admin/" "Mozilla/5.0 (Windows NT 10.0; Win64; x64) AppleWebKit/537.36 (KHTML, like Gecko) Chrome/146.0.0.0 Safari/537.36"
172.20.0.1 - - [08/Apr/2026:01:31:49 +0530] "GET /static/admin/js/core.cf103cd04ebf.js HTTP/1.1" 200 0 "http://localhost:8000/janmat-superadmin/accounts/admin/" "Mozilla/5.0 (Windows NT 10.0; Win64; x64) AppleWebKit/537.36 (KHTML, like Gecko) Chrome/146.0.0.0 Safari/537.36"
172.20.0.1 - - [08/Apr/2026:01:31:49 +0530] "GET /static/admin/js/admin/RelatedObjectLookups.8609f99b9ab2.js HTTP/1.1" 200 0 "http://localhost:8000/janmat-superadmin/accounts/admin/" "Mozilla/5.0 (Windows NT 10.0; Win64; x64) AppleWebKit/537.36 (KHTML, like Gecko) Chrome/146.0.0.0 Safari/537.36"
172.20.0.1 - - [08/Apr/2026:01:31:49 +0530] "GET /static/admin/js/actions.eac7e3441574.js HTTP/1.1" 200 0 "http://localhost:8000/janmat-superadmin/accounts/admin/" "Mozilla/5.0 (Windows NT 10.0; Win64; x64) AppleWebKit/537.36 (KHTML, like Gecko) Chrome/146.0.0.0 Safari/537.36"
172.20.0.1 - - [08/Apr/2026:01:31:49 +0530] "GET /static/admin/js/urlify.ae970a820212.js HTTP/1.1" 200 0 "http://localhost:8000/janmat-superadmin/accounts/admin/" "Mozilla/5.0 (Windows NT 10.0; Win64; x64) AppleWebKit/537.36 (KHTML, like Gecko) Chrome/146.0.0.0 Safari/537.36"
172.20.0.1 - - [08/Apr/2026:01:31:49 +0530] "GET /static/admin/js/prepopulate.bd2361dfd64d.js HTTP/1.1" 200 0 "http://localhost:8000/janmat-superadmin/accounts/admin/" "Mozilla/5.0 (Windows NT 10.0; Win64; x64) AppleWebKit/537.36 (KHTML, like Gecko) Chrome/146.0.0.0 Safari/537.36"
172.20.0.1 - - [08/Apr/2026:01:31:50 +0530] "GET /static/admin/js/vendor/xregexp/xregexp.min.b0439563a5d3.js HTTP/1.1" 200 0 "http://localhost:8000/janmat-superadmin/accounts/admin/" "Mozilla/5.0 (Windows NT 10.0; Win64; x64) AppleWebKit/537.36 (KHTML, like Gecko) Chrome/146.0.0.0 Safari/537.36"
172.20.0.1 - - [08/Apr/2026:01:31:50 +0530] "GET /static/admin/img/search.7cf54ff789c6.svg HTTP/1.1" 200 0 "http://localhost:8000/janmat-superadmin/accounts/admin/" "Mozilla/5.0 (Windows NT 10.0; Win64; x64) AppleWebKit/537.36 (KHTML, like Gecko) Chrome/146.0.0.0 Safari/537.36"
