127.0.0.1 - - [23/Feb/2026:23:50:24 +0530] "GET /api/health/ HTTP/1.1" 200 99 "-" "curl/8.14.1"
127.0.0.1 - - [23/Feb/2026:23:50:54 +0530] "GET /api/health/ HTTP/1.1" 200 99 "-" "curl/8.14.1"
127.0.0.1 - - [23/Feb/2026:23:51:25 +0530] "GET /api/health/ HTTP/1.1" 200 99 "-" "curl/8.14.1"
172.20.0.1 - - [23/Feb/2026:23:51:42 +0530] "GET /admin/ HTTP/1.1" 302 0 "-" "Mozilla/5.0 (Windows NT 10.0; Win64; x64) AppleWebKit/537.36 (KHTML, like Gecko) Chrome/145.0.0.0 Safari/537.36"
172.20.0.1 - - [23/Feb/2026:23:51:42 +0530] "GET /admin/login/?next=/admin/ HTTP/1.1" 200 4275 "-" "Mozilla/5.0 (Windows NT 10.0; Win64; x64) AppleWebKit/537.36 (KHTML, like Gecko) Chrome/145.0.0.0 Safari/537.36"
172.20.0.1 - - [23/Feb/2026:23:51:42 +0530] "GET /static/admin/css/base.64976e0f7339.css HTTP/1.1" 200 0 "http://localhost:8000/admin/login/?next=/admin/" "Mozilla/5.0 (Windows NT 10.0; Win64; x64) AppleWebKit/537.36 (KHTML, like Gecko) Chrome/145.0.0.0 Safari/537.36"
172.20.0.1 - - [23/Feb/2026:23:51:42 +0530] "GET /static/admin/css/dark_mode.ef27a31af300.css HTTP/1.1" 200 0 "http://localhost:8000/admin/login/?next=/admin/" "Mozilla/5.0 (Windows NT 10.0; Win64; x64) AppleWebKit/537.36 (KHTML, like Gecko) Chrome/145.0.0.0 Safari/537.36"
172.20.0.1 - - [23/Feb/2026:23:51:42 +0530] "GET /static/admin/css/nav_sidebar.269a1bd44627.css HTTP/1.1" 200 0 "http://localhost:8000/admin/login/?next=/admin/" "Mozilla/5.0 (Windows NT 10.0; Win64; x64) AppleWebKit/537.36 (KHTML, like Gecko) Chrome/145.0.0.0 Safari/537.36"
172.20.0.1 - - [23/Feb/2026:23:51:42 +0530] "GET /static/admin/css/login.586129c60a93.css HTTP/1.1" 200 0 "http://localhost:8000/admin/login/?next=/admin/" "Mozilla/5.0 (Windows NT 10.0; Win64; x64) AppleWebKit/537.36 (KHTML, like Gecko) Chrome/145.0.0.0 Safari/537.36"
172.20.0.1 - - [23/Feb/2026:23:51:42 +0530] "GET /static/admin/css/responsive.107cd2690311.css HTTP/1.1" 200 0 "http://localhost:8000/admin/login/?next=/admin/" "Mozilla/5.0 (Windows NT 10.0; Win64; x64) AppleWebKit/537.36 (KHTML, like Gecko) Chrome/145.0.0.0 Safari/537.36"
172.20.0.1 - - [23/Feb/2026:23:51:42 +0530] "GET /static/admin/js/theme.ab270f56bb9c.js HTTP/1.1" 200 0 "http://localhost:8000/admin/login/?next=/admin/" "Mozilla/5.0 (Windows NT 10.0; Win64; x64) AppleWebKit/537.36 (KHTML, like Gecko) Chrome/145.0.0.0 Safari/537.36"
172.20.0.1 - - [23/Feb/2026:23:51:42 +0530] "GET /static/admin/js/nav_sidebar.3b9190d420b1.js HTTP/1.1" 200 0 "http://localhost:8000/admin/login/?next=/admin/" "Mozilla/5.0 (Windows NT 10.0; Win64; x64) AppleWebKit/537.36 (KHTML, like Gecko) Chrome/145.0.0.0 Safari/537.36"
172.20.0.1 - - [23/Feb/2026:23:51:42 +0530] "GET /favicon.ico HTTP/1.1" 404 2110 "http://localhost:8000/admin/login/?next=/admin/" "Mozilla/5.0 (Windows NT 10.0; Win64; x64) AppleWebKit/537.36 (KHTML, like Gecko) Chrome/145.0.0.0 Safari/537.36"
172.20.0.1 - - [23/Feb/2026:23:51:45 +0530] "POST /admin/login/?next=/admin/ HTTP/1.1" 302 0 "http://localhost:8000/admin/login/?next=/admin/" "Mozilla/5.0 (Windows NT 10.0; Win64; x64) AppleWebKit/537.36 (KHTML, like Gecko) Chrome/145.0.0.0 Safari/537.36"
172.20.0.1 - - [23/Feb/2026:23:51:45 +0530] "GET /admin/ HTTP/1.1" 200 9463 "http://localhost:8000/admin/login/?next=/admin/" "Mozilla/5.0 (Windows NT 10.0; Win64; x64) AppleWebKit/537.36 (KHTML, like Gecko) Chrome/145.0.0.0 Safari/537.36"
172.20.0.1 - - [23/Feb/2026:23:51:45 +0530] "GET /static/admin/css/dashboard.e90f2068217b.css HTTP/1.1" 200 0 "http://localhost:8000/admin/" "Mozilla/5.0 (Windows NT 10.0; Win64; x64) AppleWebKit/537.36 (KHTML, like Gecko) Chrome/145.0.0.0 Safari/537.36"
172.20.0.1 - - [23/Feb/2026:23:51:45 +0530] "GET /static/admin/img/icon-addlink.d519b3bab011.svg HTTP/1.1" 200 0 "http://localhost:8000/static/admin/css/base.64976e0f7339.css" "Mozilla/5.0 (Windows NT 10.0; Win64; x64) AppleWebKit/537.36 (KHTML, like Gecko) Chrome/145.0.0.0 Safari/537.36"
172.20.0.1 - - [23/Feb/2026:23:51:45 +0530] "GET /static/admin/img/icon-changelink.18d2fd706348.svg HTTP/1.1" 200 0 "http://localhost:8000/static/admin/css/base.64976e0f7339.css" "Mozilla/5.0 (Windows NT 10.0; Win64; x64) AppleWebKit/537.36 (KHTML, like Gecko) Chrome/145.0.0.0 Safari/537.36"
172.20.0.1 - - [23/Feb/2026:23:51:47 +0530] "GET /admin/accounts/admin/ HTTP/1.1" 200 10785 "http://localhost:8000/admin/" "Mozilla/5.0 (Windows NT 10.0; Win64; x64) AppleWebKit/537.36 (KHTML, like Gecko) Chrome/145.0.0.0 Safari/537.36"
172.20.0.1 - - [23/Feb/2026:23:51:47 +0530] "GET /static/admin/css/changelists.9237a1ac391b.css HTTP/1.1" 200 0 "http://localhost:8000/admin/accounts/admin/" "Mozilla/5.0 (Windows NT 10.0; Win64; x64) AppleWebKit/537.36 (KHTML, like Gecko) Chrome/145.0.0.0 Safari/537.36"
172.20.0.1 - - [23/Feb/2026:23:51:47 +0530] "GET /static/admin/js/vendor/jquery/jquery.min.641dd1437010.js HTTP/1.1" 200 0 "http://localhost:8000/admin/accounts/admin/" "Mozilla/5.0 (Windows NT 10.0; Win64; x64) AppleWebKit/537.36 (KHTML, like Gecko) Chrome/145.0.0.0 Safari/537.36"
172.20.0.1 - - [23/Feb/2026:23:51:47 +0530] "GET /static/admin/js/jquery.init.b7781a0897fc.js HTTP/1.1" 200 0 "http://localhost:8000/admin/accounts/admin/" "Mozilla/5.0 (Windows NT 10.0; Win64; x64) AppleWebKit/537.36 (KHTML, like Gecko) Chrome/145.0.0.0 Safari/537.36"
172.20.0.1 - - [23/Feb/2026:23:51:47 +0530] "GET /static/admin/js/core.cf103cd04ebf.js HTTP/1.1" 200 0 "http://localhost:8000/admin/accounts/admin/" "Mozilla/5.0 (Windows NT 10.0; Win64; x64) AppleWebKit/537.36 (KHTML, like Gecko) Chrome/145.0.0.0 Safari/537.36"
172.20.0.1 - - [23/Feb/2026:23:51:47 +0530] "GET /static/admin/js/admin/RelatedObjectLookups.8609f99b9ab2.js HTTP/1.1" 200 0 "http://localhost:8000/admin/accounts/admin/" "Mozilla/5.0 (Windows NT 10.0; Win64; x64) AppleWebKit/537.36 (KHTML, like Gecko) Chrome/145.0.0.0 Safari/537.36"
172.20.0.1 - - [23/Feb/2026:23:51:47 +0530] "GET /static/admin/js/actions.eac7e3441574.js HTTP/1.1" 200 0 "http://localhost:8000/admin/accounts/admin/" "Mozilla/5.0 (Windows NT 10.0; Win64; x64) AppleWebKit/537.36 (KHTML, like Gecko) Chrome/145.0.0.0 Safari/537.36"
172.20.0.1 - - [23/Feb/2026:23:51:47 +0530] "GET /static/admin/js/urlify.ae970a820212.js HTTP/1.1" 200 0 "http://localhost:8000/admin/accounts/admin/" "Mozilla/5.0 (Windows NT 10.0; Win64; x64) AppleWebKit/537.36 (KHTML, like Gecko) Chrome/145.0.0.0 Safari/537.36"
172.20.0.1 - - [23/Feb/2026:23:51:47 +0530] "GET /static/admin/js/prepopulate.bd2361dfd64d.js HTTP/1.1" 200 0 "http://localhost:8000/admin/accounts/admin/" "Mozilla/5.0 (Windows NT 10.0; Win64; x64) AppleWebKit/537.36 (KHTML, like Gecko) Chrome/145.0.0.0 Safari/537.36"
172.20.0.1 - - [23/Feb/2026:23:51:47 +0530] "GET /static/admin/js/vendor/xregexp/xregexp.min.b0439563a5d3.js HTTP/1.1" 200 0 "http://localhost:8000/admin/accounts/admin/" "Mozilla/5.0 (Windows NT 10.0; Win64; x64) AppleWebKit/537.36 (KHTML, like Gecko) Chrome/145.0.0.0 Safari/537.36"
172.20.0.1 - - [23/Feb/2026:23:51:47 +0530] "GET /static/admin/img/search.7cf54ff789c6.svg HTTP/1.1" 200 0 "http://localhost:8000/admin/accounts/admin/" "Mozilla/5.0 (Windows NT 10.0; Win64; x64) AppleWebKit/537.36 (KHTML, like Gecko) Chrome/145.0.0.0 Safari/537.36"
172.20.0.1 - - [23/Feb/2026:23:51:47 +0530] "GET /static/admin/js/filters.0e360b7a9f80.js HTTP/1.1" 200 0 "http://localhost:8000/admin/accounts/admin/" "Mozilla/5.0 (Windows NT 10.0; Win64; x64) AppleWebKit/537.36 (KHTML, like Gecko) Chrome/145.0.0.0 Safari/537.36"
172.20.0.1 - - [23/Feb/2026:23:51:47 +0530] "GET /admin/jsi18n/ HTTP/1.1" 200 3343 "http://localhost:8000/admin/accounts/admin/" "Mozilla/5.0 (Windows NT 10.0; Win64; x64) AppleWebKit/537.36 (KHTML, like Gecko) Chrome/145.0.0.0 Safari/537.36"
172.20.0.1 - - [23/Feb/2026:23:51:47 +0530] "GET /static/admin/img/tooltag-add.e59d620a9742.svg HTTP/1.1" 200 0 "http://localhost:8000/static/admin/css/base.64976e0f7339.css" "Mozilla/5.0 (Windows NT 10.0; Win64; x64) AppleWebKit/537.36 (KHTML, like Gecko) Chrome/145.0.0.0 Safari/537.36"
172.20.0.1 - - [23/Feb/2026:23:51:49 +0530] "GET /admin/accounts/admin/add/ HTTP/1.1" 200 15716 "http://localhost:8000/admin/accounts/admin/" "Mozilla/5.0 (Windows NT 10.0; Win64; x64) AppleWebKit/537.36 (KHTML, like Gecko) Chrome/145.0.0.0 Safari/537.36"
172.20.0.1 - - [23/Feb/2026:23:51:49 +0530] "GET /static/admin/css/forms.3b181cba6653.css HTTP/1.1" 200 0 "http://localhost:8000/admin/accounts/admin/add/" "Mozilla/5.0 (Windows NT 10.0; Win64; x64) AppleWebKit/537.36 (KHTML, like Gecko) Chrome/145.0.0.0 Safari/537.36"
172.20.0.1 - - [23/Feb/2026:23:51:49 +0530] "GET /static/admin/js/admin/DateTimeShortcuts.9f6e209cebca.js HTTP/1.1" 200 0 "http://localhost:8000/admin/accounts/admin/add/" "Mozilla/5.0 (Windows NT 10.0; Win64; x64) AppleWebKit/537.36 (KHTML, like Gecko) Chrome/145.0.0.0 Safari/537.36"
172.20.0.1 - - [23/Feb/2026:23:51:49 +0530] "GET /static/admin/js/calendar.f8a5d055eb33.js HTTP/1.1" 200 0 "http://localhost:8000/admin/accounts/admin/add/" "Mozilla/5.0 (Windows NT 10.0; Win64; x64) AppleWebKit/537.36 (KHTML, like Gecko) Chrome/145.0.0.0 Safari/537.36"
172.20.0.1 - - [23/Feb/2026:23:51:49 +0530] "GET /static/admin/img/icon-viewlink.41eb31f7826e.svg HTTP/1.1" 200 0 "http://localhost:8000/admin/accounts/admin/add/" "Mozilla/5.0 (Windows NT 10.0; Win64; x64) AppleWebKit/537.36 (KHTML, like Gecko) Chrome/145.0.0.0 Safari/537.36"
172.20.0.1 - - [23/Feb/2026:23:51:49 +0530] "GET /static/admin/js/prepopulate_init.6cac7f3105b8.js HTTP/1.1" 200 0 "http://localhost:8000/admin/accounts/admin/add/" "Mozilla/5.0 (Windows NT 10.0; Win64; x64) AppleWebKit/537.36 (KHTML, like Gecko) Chrome/145.0.0.0 Safari/537.36"
172.20.0.1 - - [23/Feb/2026:23:51:49 +0530] "GET /static/admin/css/widgets.0a3765e806b3.css HTTP/1.1" 200 0 "http://localhost:8000/static/admin/css/forms.3b181cba6653.css" "Mozilla/5.0 (Windows NT 10.0; Win64; x64) AppleWebKit/537.36 (KHTML, like Gecko) Chrome/145.0.0.0 Safari/537.36"
172.20.0.1 - - [23/Feb/2026:23:51:49 +0530] "GET /static/admin/js/change_form.9d8ca4f96b75.js HTTP/1.1" 200 0 "http://localhost:8000/admin/accounts/admin/add/" "Mozilla/5.0 (Windows NT 10.0; Win64; x64) AppleWebKit/537.36 (KHTML, like Gecko) Chrome/145.0.0.0 Safari/537.36"
172.20.0.1 - - [23/Feb/2026:23:51:49 +0530] "GET /admin/jsi18n/ HTTP/1.1" 200 3343 "http://localhost:8000/admin/accounts/admin/add/" "Mozilla/5.0 (Windows NT 10.0; Win64; x64) AppleWebKit/537.36 (KHTML, like Gecko) Chrome/145.0.0.0 Safari/537.36"
172.20.0.1 - - [23/Feb/2026:23:51:49 +0530] "GET /static/admin/img/icon-calendar.ac7aea671bea.svg HTTP/1.1" 200 0 "http://localhost:8000/static/admin/css/widgets.0a3765e806b3.css" "Mozilla/5.0 (Windows NT 10.0; Win64; x64) AppleWebKit/537.36 (KHTML, like Gecko) Chrome/145.0.0.0 Safari/537.36"
172.20.0.1 - - [23/Feb/2026:23:51:49 +0530] "GET /static/admin/img/icon-clock.e1d4dfac3f2b.svg HTTP/1.1" 200 0 "http://localhost:8000/static/admin/css/widgets.0a3765e806b3.css" "Mozilla/5.0 (Windows NT 10.0; Win64; x64) AppleWebKit/537.36 (KHTML, like Gecko) Chrome/145.0.0.0 Safari/537.36"
127.0.0.1 - - [23/Feb/2026:23:51:55 +0530] "GET /api/health/ HTTP/1.1" 200 99 "-" "curl/8.14.1"
172.20.0.1 - - [23/Feb/2026:23:52:08 +0530] "POST /admin/accounts/admin/add/ HTTP/1.1" 302 0 "http://localhost:8000/admin/accounts/admin/add/" "Mozilla/5.0 (Windows NT 10.0; Win64; x64) AppleWebKit/537.36 (KHTML, like Gecko) Chrome/145.0.0.0 Safari/537.36"
172.20.0.1 - - [23/Feb/2026:23:52:08 +0530] "GET /admin/accounts/admin/ HTTP/1.1" 200 12913 "http://localhost:8000/admin/accounts/admin/add/" "Mozilla/5.0 (Windows NT 10.0; Win64; x64) AppleWebKit/537.36 (KHTML, like Gecko) Chrome/145.0.0.0 Safari/537.36"
172.20.0.1 - - [23/Feb/2026:23:52:08 +0530] "GET /static/admin/img/icon-yes.d2f9f035226a.svg HTTP/1.1" 200 0 "http://localhost:8000/admin/accounts/admin/" "Mozilla/5.0 (Windows NT 10.0; Win64; x64) AppleWebKit/537.36 (KHTML, like Gecko) Chrome/145.0.0.0 Safari/537.36"
172.20.0.1 - - [23/Feb/2026:23:52:08 +0530] "GET /admin/jsi18n/ HTTP/1.1" 200 3343 "http://localhost:8000/admin/accounts/admin/" "Mozilla/5.0 (Windows NT 10.0; Win64; x64) AppleWebKit/537.36 (KHTML, like Gecko) Chrome/145.0.0.0 Safari/537.36"
127.0.0.1 - - [23/Feb/2026:23:52:25 +0530] "GET /api/health/ HTTP/1.1" 200 99 "-" "curl/8.14.1"
172.20.0.1 - - [23/Feb/2026:23:52:52 +0530] "GET /admin/accounts/operator/add/ HTTP/1.1" 200 16354 "http://localhost:8000/admin/accounts/admin/" "Mozilla/5.0 (Windows NT 10.0; Win64; x64) AppleWebKit/537.36 (KHTML, like Gecko) Chrome/145.0.0.0 Safari/537.36"
172.20.0.1 - - [23/Feb/2026:23:52:52 +0530] "GET /admin/jsi18n/ HTTP/1.1" 200 3343 "http://localhost:8000/admin/accounts/operator/add/" "Mozilla/5.0 (Windows NT 10.0; Win64; x64) AppleWebKit/537.36 (KHTML, like Gecko) Chrome/145.0.0.0 Safari/537.36"
127.0.0.1 - - [23/Feb/2026:23:52:55 +0530] "GET /api/health/ HTTP/1.1" 200 99 "-" "curl/8.14.1"
172.20.0.1 - - [23/Feb/2026:23:53:09 +0530] "POST /admin/accounts/operator/add/ HTTP/1.1" 302 0 "http://localhost:8000/admin/accounts/operator/add/" "Mozilla/5.0 (Windows NT 10.0; Win64; x64) AppleWebKit/537.36 (KHTML, like Gecko) Chrome/145.0.0.0 Safari/537.36"
172.20.0.1 - - [23/Feb/2026:23:53:09 +0530] "GET /admin/accounts/operator/ HTTP/1.1" 200 13032 "http://localhost:8000/admin/accounts/operator/add/" "Mozilla/5.0 (Windows NT 10.0; Win64; x64) AppleWebKit/537.36 (KHTML, like Gecko) Chrome/145.0.0.0 Safari/537.36"
172.20.0.1 - - [23/Feb/2026:23:53:09 +0530] "GET /admin/jsi18n/ HTTP/1.1" 200 3343 "http://localhost:8000/admin/accounts/operator/" "Mozilla/5.0 (Windows NT 10.0; Win64; x64) AppleWebKit/537.36 (KHTML, like Gecko) Chrome/145.0.0.0 Safari/537.36"
172.20.0.1 - - [23/Feb/2026:23:53:20 +0530] "POST /admin/accounts/operator/ HTTP/1.1" 200 10139 "http://localhost:8000/admin/accounts/operator/" "Mozilla/5.0 (Windows NT 10.0; Win64; x64) AppleWebKit/537.36 (KHTML, like Gecko) Chrome/145.0.0.0 Safari/537.36"
172.20.0.1 - - [23/Feb/2026:23:53:20 +0530] "GET /static/admin/js/cancel.ecc4c5ca7b32.js HTTP/1.1" 200 0 "http://localhost:8000/admin/accounts/operator/" "Mozilla/5.0 (Windows NT 10.0; Win64; x64) AppleWebKit/537.36 (KHTML, like Gecko) Chrome/145.0.0.0 Safari/537.36"
172.20.0.1 - - [23/Feb/2026:23:53:21 +0530] "POST /admin/accounts/operator/ HTTP/1.1" 302 0 "http://localhost:8000/admin/accounts/operator/" "Mozilla/5.0 (Windows NT 10.0; Win64; x64) AppleWebKit/537.36 (KHTML, like Gecko) Chrome/145.0.0.0 Safari/537.36"
172.20.0.1 - - [23/Feb/2026:23:53:21 +0530] "GET /admin/accounts/operator/ HTTP/1.1" 200 10764 "http://localhost:8000/admin/accounts/operator/" "Mozilla/5.0 (Windows NT 10.0; Win64; x64) AppleWebKit/537.36 (KHTML, like Gecko) Chrome/145.0.0.0 Safari/537.36"
172.20.0.1 - - [23/Feb/2026:23:53:21 +0530] "GET /admin/jsi18n/ HTTP/1.1" 200 3343 "http://localhost:8000/admin/accounts/operator/" "Mozilla/5.0 (Windows NT 10.0; Win64; x64) AppleWebKit/537.36 (KHTML, like Gecko) Chrome/145.0.0.0 Safari/537.36"
172.20.0.1 - - [23/Feb/2026:23:53:23 +0530] "GET /admin/accounts/operator/add/ HTTP/1.1" 200 16354 "http://localhost:8000/admin/accounts/operator/" "Mozilla/5.0 (Windows NT 10.0; Win64; x64) AppleWebKit/537.36 (KHTML, like Gecko) Chrome/145.0.0.0 Safari/537.36"
172.20.0.1 - - [23/Feb/2026:23:53:23 +0530] "GET /admin/jsi18n/ HTTP/1.1" 200 3343 "http://localhost:8000/admin/accounts/operator/add/" "Mozilla/5.0 (Windows NT 10.0; Win64; x64) AppleWebKit/537.36 (KHTML, like Gecko) Chrome/145.0.0.0 Safari/537.36"
127.0.0.1 - - [23/Feb/2026:23:53:25 +0530] "GET /api/health/ HTTP/1.1" 200 99 "-" "curl/8.14.1"
172.20.0.1 - - [23/Feb/2026:23:53:42 +0530] "POST /admin/accounts/operator/add/ HTTP/1.1" 302 0 "http://localhost:8000/admin/accounts/operator/add/" "Mozilla/5.0 (Windows NT 10.0; Win64; x64) AppleWebKit/537.36 (KHTML, like Gecko) Chrome/145.0.0.0 Safari/537.36"
172.20.0.1 - - [23/Feb/2026:23:53:42 +0530] "GET /admin/accounts/operator/ HTTP/1.1" 200 13024 "http://localhost:8000/admin/accounts/operator/add/" "Mozilla/5.0 (Windows NT 10.0; Win64; x64) AppleWebKit/537.36 (KHTML, like Gecko) Chrome/145.0.0.0 Safari/537.36"
172.20.0.1 - - [23/Feb/2026:23:53:42 +0530] "GET /admin/jsi18n/ HTTP/1.1" 200 3343 "http://localhost:8000/admin/accounts/operator/" "Mozilla/5.0 (Windows NT 10.0; Win64; x64) AppleWebKit/537.36 (KHTML, like Gecko) Chrome/145.0.0.0 Safari/537.36"
127.0.0.1 - - [23/Feb/2026:23:53:55 +0530] "GET /api/health/ HTTP/1.1" 200 99 "-" "curl/8.14.1"
127.0.0.1 - - [23/Feb/2026:23:54:25 +0530] "GET /api/health/ HTTP/1.1" 200 99 "-" "curl/8.14.1"
172.20.0.1 - - [23/Feb/2026:23:54:38 +0530] "OPTIONS /api/auth/admin/login/ HTTP/1.1" 200 0 "http://localhost/" "Mozilla/5.0 (Windows NT 10.0; Win64; x64) AppleWebKit/537.36 (KHTML, like Gecko) Chrome/145.0.0.0 Safari/537.36"
172.20.0.1 - - [23/Feb/2026:23:54:38 +0530] "POST /api/auth/admin/login/ HTTP/1.1" 200 1125 "http://localhost/" "Mozilla/5.0 (Windows NT 10.0; Win64; x64) AppleWebKit/537.36 (KHTML, like Gecko) Chrome/145.0.0.0 Safari/537.36"
172.20.0.1 - - [23/Feb/2026:23:54:52 +0530] "OPTIONS /api/auth/setup-password/ HTTP/1.1" 200 0 "http://localhost/" "Mozilla/5.0 (Windows NT 10.0; Win64; x64) AppleWebKit/537.36 (KHTML, like Gecko) Chrome/145.0.0.0 Safari/537.36"
172.20.0.1 - - [23/Feb/2026:23:54:52 +0530] "POST /api/auth/setup-password/ HTTP/1.1" 200 1097 "http://localhost/" "Mozilla/5.0 (Windows NT 10.0; Win64; x64) AppleWebKit/537.36 (KHTML, like Gecko) Chrome/145.0.0.0 Safari/537.36"
172.20.0.1 - - [23/Feb/2026:23:54:52 +0530] "OPTIONS /api/auth/current-user/ HTTP/1.1" 200 0 "http://localhost/" "Mozilla/5.0 (Windows NT 10.0; Win64; x64) AppleWebKit/537.36 (KHTML, like Gecko) Chrome/145.0.0.0 Safari/537.36"
172.20.0.1 - - [23/Feb/2026:23:54:52 +0530] "GET /api/auth/current-user/ HTTP/1.1" 200 302 "http://localhost/" "Mozilla/5.0 (Windows NT 10.0; Win64; x64) AppleWebKit/537.36 (KHTML, like Gecko) Chrome/145.0.0.0 Safari/537.36"
172.20.0.1 - - [23/Feb/2026:23:54:52 +0530] "OPTIONS /api/auth/admin/stats/ HTTP/1.1" 200 0 "http://localhost/" "Mozilla/5.0 (Windows NT 10.0; Win64; x64) AppleWebKit/537.36 (KHTML, like Gecko) Chrome/145.0.0.0 Safari/537.36"
172.20.0.1 - - [23/Feb/2026:23:54:52 +0530] "OPTIONS /api/auth/admin/fraud-logs/ HTTP/1.1" 200 0 "http://localhost/" "Mozilla/5.0 (Windows NT 10.0; Win64; x64) AppleWebKit/537.36 (KHTML, like Gecko) Chrome/145.0.0.0 Safari/537.36"
172.20.0.1 - - [23/Feb/2026:23:54:52 +0530] "OPTIONS /api/auth/admin/operators/ HTTP/1.1" 200 0 "http://localhost/" "Mozilla/5.0 (Windows NT 10.0; Win64; x64) AppleWebKit/537.36 (KHTML, like Gecko) Chrome/145.0.0.0 Safari/537.36"
172.20.0.1 - - [23/Feb/2026:23:54:52 +0530] "OPTIONS /api/auth/admin/voter-stats-chart/?period=24h HTTP/1.1" 200 0 "http://localhost/" "Mozilla/5.0 (Windows NT 10.0; Win64; x64) AppleWebKit/537.36 (KHTML, like Gecko) Chrome/145.0.0.0 Safari/537.36"
172.20.0.1 - - [23/Feb/2026:23:54:52 +0530] "OPTIONS /api/auth/admin/notifications/unread-count/ HTTP/1.1" 200 0 "http://localhost/" "Mozilla/5.0 (Windows NT 10.0; Win64; x64) AppleWebKit/537.36 (KHTML, like Gecko) Chrome/145.0.0.0 Safari/537.36"
172.20.0.1 - - [23/Feb/2026:23:54:52 +0530] "GET /api/auth/admin/fraud-logs/ HTTP/1.1" 200 78 "http://localhost/" "Mozilla/5.0 (Windows NT 10.0; Win64; x64) AppleWebKit/537.36 (KHTML, like Gecko) Chrome/145.0.0.0 Safari/537.36"
172.20.0.1 - - [23/Feb/2026:23:54:52 +0530] "GET /api/auth/admin/stats/ HTTP/1.1" 200 169 "http://localhost/" "Mozilla/5.0 (Windows NT 10.0; Win64; x64) AppleWebKit/537.36 (KHTML, like Gecko) Chrome/145.0.0.0 Safari/537.36"
172.20.0.1 - - [23/Feb/2026:23:54:52 +0530] "GET /api/auth/admin/voter-stats-chart/?period=24h HTTP/1.1" 200 336 "http://localhost/" "Mozilla/5.0 (Windows NT 10.0; Win64; x64) AppleWebKit/537.36 (KHTML, like Gecko) Chrome/145.0.0.0 Safari/537.36"
172.20.0.1 - - [23/Feb/2026:23:54:52 +0530] "GET /api/auth/admin/operators/ HTTP/1.1" 200 318 "http://localhost/" "Mozilla/5.0 (Windows NT 10.0; Win64; x64) AppleWebKit/537.36 (KHTML, like Gecko) Chrome/145.0.0.0 Safari/537.36"
172.20.0.1 - - [23/Feb/2026:23:54:53 +0530] "GET /api/auth/admin/notifications/unread-count/ HTTP/1.1" 200 18 "http://localhost/" "Mozilla/5.0 (Windows NT 10.0; Win64; x64) AppleWebKit/537.36 (KHTML, like Gecko) Chrome/145.0.0.0 Safari/537.36"
127.0.0.1 - - [23/Feb/2026:23:54:55 +0530] "GET /api/health/ HTTP/1.1" 200 99 "-" "curl/8.14.1"
172.20.0.1 - - [23/Feb/2026:23:54:55 +0530] "GET /api/auth/admin/operators/ HTTP/1.1" 200 318 "http://localhost/" "Mozilla/5.0 (Windows NT 10.0; Win64; x64) AppleWebKit/537.36 (KHTML, like Gecko) Chrome/145.0.0.0 Safari/537.36"
172.20.0.1 - - [23/Feb/2026:23:54:59 +0530] "OPTIONS /api/auth/admin/fraud-logs/?page=1&limit=10 HTTP/1.1" 200 0 "http://localhost/" "Mozilla/5.0 (Windows NT 10.0; Win64; x64) AppleWebKit/537.36 (KHTML, like Gecko) Chrome/145.0.0.0 Safari/537.36"
172.20.0.1 - - [23/Feb/2026:23:54:59 +0530] "GET /api/auth/admin/fraud-logs/?page=1&limit=10 HTTP/1.1" 200 78 "http://localhost/" "Mozilla/5.0 (Windows NT 10.0; Win64; x64) AppleWebKit/537.36 (KHTML, like Gecko) Chrome/145.0.0.0 Safari/537.36"
172.20.0.1 - - [23/Feb/2026:23:54:59 +0530] "GET /api/auth/admin/fraud-logs/?page=1&limit=10 HTTP/1.1" 200 78 "http://localhost/" "Mozilla/5.0 (Windows NT 10.0; Win64; x64) AppleWebKit/537.36 (KHTML, like Gecko) Chrome/145.0.0.0 Safari/537.36"
172.20.0.1 - - [23/Feb/2026:23:55:02 +0530] "OPTIONS /api/auth/admin/audit-logs/?page=1&limit=15 HTTP/1.1" 200 0 "http://localhost/" "Mozilla/5.0 (Windows NT 10.0; Win64; x64) AppleWebKit/537.36 (KHTML, like Gecko) Chrome/145.0.0.0 Safari/537.36"
172.20.0.1 - - [23/Feb/2026:23:55:02 +0530] "GET /api/auth/admin/audit-logs/?page=1&limit=15 HTTP/1.1" 200 78 "http://localhost/" "Mozilla/5.0 (Windows NT 10.0; Win64; x64) AppleWebKit/537.36 (KHTML, like Gecko) Chrome/145.0.0.0 Safari/537.36"
172.20.0.1 - - [23/Feb/2026:23:55:04 +0530] "GET /api/auth/current-user/ HTTP/1.1" 200 302 "http://localhost/" "Mozilla/5.0 (Windows NT 10.0; Win64; x64) AppleWebKit/537.36 (KHTML, like Gecko) Chrome/145.0.0.0 Safari/537.36"
172.20.0.1 - - [23/Feb/2026:23:55:04 +0530] "GET /api/auth/admin/notifications/unread-count/ HTTP/1.1" 200 18 "http://localhost/" "Mozilla/5.0 (Windows NT 10.0; Win64; x64) AppleWebKit/537.36 (KHTML, like Gecko) Chrome/145.0.0.0 Safari/537.36"
172.20.0.1 - - [23/Feb/2026:23:55:04 +0530] "GET /api/auth/admin/audit-logs/?page=1&limit=15 HTTP/1.1" 200 78 "http://localhost/" "Mozilla/5.0 (Windows NT 10.0; Win64; x64) AppleWebKit/537.36 (KHTML, like Gecko) Chrome/145.0.0.0 Safari/537.36"
172.20.0.1 - - [23/Feb/2026:23:55:11 +0530] "GET /api/auth/admin/operators/ HTTP/1.1" 200 318 "http://localhost/" "Mozilla/5.0 (Windows NT 10.0; Win64; x64) AppleWebKit/537.36 (KHTML, like Gecko) Chrome/145.0.0.0 Safari/537.36"
127.0.0.1 - - [23/Feb/2026:23:55:25 +0530] "GET /api/health/ HTTP/1.1" 200 99 "-" "curl/8.14.1"
172.20.0.1 - - [23/Feb/2026:23:55:30 +0530] "POST /api/auth/admin/create-operator/ HTTP/1.1" 201 353 "http://localhost/" "Mozilla/5.0 (Windows NT 10.0; Win64; x64) AppleWebKit/537.36 (KHTML, like Gecko) Chrome/145.0.0.0 Safari/537.36"
172.20.0.1 - - [23/Feb/2026:23:55:30 +0530] "GET /api/auth/admin/operators/ HTTP/1.1" 200 661 "http://localhost/" "Mozilla/5.0 (Windows NT 10.0; Win64; x64) AppleWebKit/537.36 (KHTML, like Gecko) Chrome/145.0.0.0 Safari/537.36"
172.20.0.1 - - [23/Feb/2026:23:55:34 +0530] "GET /api/auth/admin/notifications/unread-count/ HTTP/1.1" 200 18 "http://localhost/" "Mozilla/5.0 (Windows NT 10.0; Win64; x64) AppleWebKit/537.36 (KHTML, like Gecko) Chrome/145.0.0.0 Safari/537.36"
172.20.0.1 - - [23/Feb/2026:23:55:51 +0530] "GET /api/auth/admin/audit-logs/?page=1&limit=15 HTTP/1.1" 200 412 "http://localhost/" "Mozilla/5.0 (Windows NT 10.0; Win64; x64) AppleWebKit/537.36 (KHTML, like Gecko) Chrome/145.0.0.0 Safari/537.36"
127.0.0.1 - - [23/Feb/2026:23:55:55 +0530] "GET /api/health/ HTTP/1.1" 200 99 "-" "curl/8.14.1"
172.20.0.1 - - [23/Feb/2026:23:56:04 +0530] "GET /api/auth/admin/notifications/unread-count/ HTTP/1.1" 200 18 "http://localhost/" "Mozilla/5.0 (Windows NT 10.0; Win64; x64) AppleWebKit/537.36 (KHTML, like Gecko) Chrome/145.0.0.0 Safari/537.36"
127.0.0.1 - - [23/Feb/2026:23:56:26 +0530] "GET /api/health/ HTTP/1.1" 200 99 "-" "curl/8.14.1"
172.20.0.1 - - [23/Feb/2026:23:56:35 +0530] "GET /api/auth/admin/notifications/unread-count/ HTTP/1.1" 200 18 "http://localhost/" "Mozilla/5.0 (Windows NT 10.0; Win64; x64) AppleWebKit/537.36 (KHTML, like Gecko) Chrome/145.0.0.0 Safari/537.36"
172.20.0.1 - - [23/Feb/2026:23:56:43 +0530] "GET /api/auth/admin/audit-logs/?page=1&limit=15 HTTP/1.1" 200 412 "http://localhost/" "Mozilla/5.0 (Windows NT 10.0; Win64; x64) AppleWebKit/537.36 (KHTML, like Gecko) Chrome/145.0.0.0 Safari/537.36"
172.20.0.1 - - [23/Feb/2026:23:56:43 +0530] "GET /api/auth/admin/fraud-logs/?page=1&limit=10 HTTP/1.1" 200 78 "http://localhost/" "Mozilla/5.0 (Windows NT 10.0; Win64; x64) AppleWebKit/537.36 (KHTML, like Gecko) Chrome/145.0.0.0 Safari/537.36"
172.20.0.1 - - [23/Feb/2026:23:56:44 +0530] "GET /api/auth/admin/fraud-logs/?page=1&limit=10 HTTP/1.1" 200 78 "http://localhost/" "Mozilla/5.0 (Windows NT 10.0; Win64; x64) AppleWebKit/537.36 (KHTML, like Gecko) Chrome/145.0.0.0 Safari/537.36"
172.20.0.1 - - [23/Feb/2026:23:56:45 +0530] "GET /api/auth/admin/fraud-logs/ HTTP/1.1" 200 78 "http://localhost/" "Mozilla/5.0 (Windows NT 10.0; Win64; x64) AppleWebKit/537.36 (KHTML, like Gecko) Chrome/145.0.0.0 Safari/537.36"
172.20.0.1 - - [23/Feb/2026:23:56:45 +0530] "GET /api/auth/admin/operators/ HTTP/1.1" 200 661 "http://localhost/" "Mozilla/5.0 (Windows NT 10.0; Win64; x64) AppleWebKit/537.36 (KHTML, like Gecko) Chrome/145.0.0.0 Safari/537.36"
172.20.0.1 - - [23/Feb/2026:23:56:45 +0530] "GET /api/auth/admin/stats/ HTTP/1.1" 200 169 "http://localhost/" "Mozilla/5.0 (Windows NT 10.0; Win64; x64) AppleWebKit/537.36 (KHTML, like Gecko) Chrome/145.0.0.0 Safari/537.36"
172.20.0.1 - - [23/Feb/2026:23:56:45 +0530] "GET /api/auth/admin/voter-stats-chart/?period=24h HTTP/1.1" 200 336 "http://localhost/" "Mozilla/5.0 (Windows NT 10.0; Win64; x64) AppleWebKit/537.36 (KHTML, like Gecko) Chrome/145.0.0.0 Safari/537.36"
172.20.0.1 - - [23/Feb/2026:23:56:46 +0530] "GET /api/auth/current-user/ HTTP/1.1" 200 302 "http://localhost/" "Mozilla/5.0 (Windows NT 10.0; Win64; x64) AppleWebKit/537.36 (KHTML, like Gecko) Chrome/145.0.0.0 Safari/537.36"
172.20.0.1 - - [23/Feb/2026:23:56:46 +0530] "GET /api/auth/admin/fraud-logs/ HTTP/1.1" 200 78 "http://localhost/" "Mozilla/5.0 (Windows NT 10.0; Win64; x64) AppleWebKit/537.36 (KHTML, like Gecko) Chrome/145.0.0.0 Safari/537.36"
172.20.0.1 - - [23/Feb/2026:23:56:46 +0530] "GET /api/auth/admin/operators/ HTTP/1.1" 200 661 "http://localhost/" "Mozilla/5.0 (Windows NT 10.0; Win64; x64) AppleWebKit/537.36 (KHTML, like Gecko) Chrome/145.0.0.0 Safari/537.36"
172.20.0.1 - - [23/Feb/2026:23:56:46 +0530] "GET /api/auth/admin/stats/ HTTP/1.1" 200 169 "http://localhost/" "Mozilla/5.0 (Windows NT 10.0; Win64; x64) AppleWebKit/537.36 (KHTML, like Gecko) Chrome/145.0.0.0 Safari/537.36"
172.20.0.1 - - [23/Feb/2026:23:56:46 +0530] "GET /api/auth/admin/voter-stats-chart/?period=24h HTTP/1.1" 200 336 "http://localhost/" "Mozilla/5.0 (Windows NT 10.0; Win64; x64) AppleWebKit/537.36 (KHTML, like Gecko) Chrome/145.0.0.0 Safari/537.36"
172.20.0.1 - - [23/Feb/2026:23:56:46 +0530] "GET /api/auth/admin/notifications/unread-count/ HTTP/1.1" 200 18 "http://localhost/" "Mozilla/5.0 (Windows NT 10.0; Win64; x64) AppleWebKit/537.36 (KHTML, like Gecko) Chrome/145.0.0.0 Safari/537.36"
172.20.0.1 - - [23/Feb/2026:23:56:50 +0530] "GET /api/auth/current-user/ HTTP/1.1" 200 302 "http://localhost/" "Mozilla/5.0 (Linux; Android 6.0; Nexus 5 Build/MRA58N) AppleWebKit/537.36 (KHTML, like Gecko) Chrome/145.0.0.0 Mobile Safari/537.36"
172.20.0.1 - - [23/Feb/2026:23:56:50 +0530] "GET /api/auth/admin/fraud-logs/ HTTP/1.1" 200 78 "http://localhost/" "Mozilla/5.0 (Linux; Android 6.0; Nexus 5 Build/MRA58N) AppleWebKit/537.36 (KHTML, like Gecko) Chrome/145.0.0.0 Mobile Safari/537.36"
172.20.0.1 - - [23/Feb/2026:23:56:50 +0530] "GET /api/auth/admin/operators/ HTTP/1.1" 200 661 "http://localhost/" "Mozilla/5.0 (Linux; Android 6.0; Nexus 5 Build/MRA58N) AppleWebKit/537.36 (KHTML, like Gecko) Chrome/145.0.0.0 Mobile Safari/537.36"
172.20.0.1 - - [23/Feb/2026:23:56:50 +0530] "GET /api/auth/admin/stats/ HTTP/1.1" 200 169 "http://localhost/" "Mozilla/5.0 (Linux; Android 6.0; Nexus 5 Build/MRA58N) AppleWebKit/537.36 (KHTML, like Gecko) Chrome/145.0.0.0 Mobile Safari/537.36"
172.20.0.1 - - [23/Feb/2026:23:56:50 +0530] "GET /api/auth/admin/voter-stats-chart/?period=24h HTTP/1.1" 200 336 "http://localhost/" "Mozilla/5.0 (Linux; Android 6.0; Nexus 5 Build/MRA58N) AppleWebKit/537.36 (KHTML, like Gecko) Chrome/145.0.0.0 Mobile Safari/537.36"
172.20.0.1 - - [23/Feb/2026:23:56:50 +0530] "GET /api/auth/admin/notifications/unread-count/ HTTP/1.1" 200 18 "http://localhost/" "Mozilla/5.0 (Linux; Android 6.0; Nexus 5 Build/MRA58N) AppleWebKit/537.36 (KHTML, like Gecko) Chrome/145.0.0.0 Mobile Safari/537.36"
127.0.0.1 - - [23/Feb/2026:23:56:56 +0530] "GET /api/health/ HTTP/1.1" 200 99 "-" "curl/8.14.1"
172.20.0.1 - - [23/Feb/2026:23:56:58 +0530] "OPTIONS /api/auth/admin/export-report/?limit=10000 HTTP/1.1" 200 0 "http://localhost/" "Mozilla/5.0 (Linux; Android 6.0; Nexus 5 Build/MRA58N) AppleWebKit/537.36 (KHTML, like Gecko) Chrome/145.0.0.0 Mobile Safari/537.36"
172.20.0.1 - - [23/Feb/2026:23:56:59 +0530] "GET /api/auth/admin/export-report/?limit=10000 HTTP/1.1" 200 539063 "http://localhost/" "Mozilla/5.0 (Linux; Android 6.0; Nexus 5 Build/MRA58N) AppleWebKit/537.36 (KHTML, like Gecko) Chrome/145.0.0.0 Mobile Safari/537.36"
172.20.0.1 - - [23/Feb/2026:23:57:00 +0530] "GET /api/auth/admin/fraud-logs/ HTTP/1.1" 200 78 "http://localhost/" "Mozilla/5.0 (Linux; Android 6.0; Nexus 5 Build/MRA58N) AppleWebKit/537.36 (KHTML, like Gecko) Chrome/145.0.0.0 Mobile Safari/537.36"
172.20.0.1 - - [23/Feb/2026:23:57:00 +0530] "GET /api/auth/admin/operators/ HTTP/1.1" 200 661 "http://localhost/" "Mozilla/5.0 (Linux; Android 6.0; Nexus 5 Build/MRA58N) AppleWebKit/537.36 (KHTML, like Gecko) Chrome/145.0.0.0 Mobile Safari/537.36"
172.20.0.1 - - [23/Feb/2026:23:57:00 +0530] "GET /api/auth/admin/stats/ HTTP/1.1" 200 169 "http://localhost/" "Mozilla/5.0 (Linux; Android 6.0; Nexus 5 Build/MRA58N) AppleWebKit/537.36 (KHTML, like Gecko) Chrome/145.0.0.0 Mobile Safari/537.36"
172.20.0.1 - - [23/Feb/2026:23:57:00 +0530] "GET /api/auth/admin/voter-stats-chart/?period=24h HTTP/1.1" 200 336 "http://localhost/" "Mozilla/5.0 (Linux; Android 6.0; Nexus 5 Build/MRA58N) AppleWebKit/537.36 (KHTML, like Gecko) Chrome/145.0.0.0 Mobile Safari/537.36"
172.20.0.1 - - [23/Feb/2026:23:57:09 +0530] "GET /api/auth/admin/operators/ HTTP/1.1" 200 661 "http://localhost/" "Mozilla/5.0 (Linux; Android 6.0; Nexus 5 Build/MRA58N) AppleWebKit/537.36 (KHTML, like Gecko) Chrome/145.0.0.0 Mobile Safari/537.36"
172.20.0.1 - - [23/Feb/2026:23:57:16 +0530] "GET /api/auth/admin/fraud-logs/?page=1&limit=10 HTTP/1.1" 200 78 "http://localhost/" "Mozilla/5.0 (Linux; Android 6.0; Nexus 5 Build/MRA58N) AppleWebKit/537.36 (KHTML, like Gecko) Chrome/145.0.0.0 Mobile Safari/537.36"
172.20.0.1 - - [23/Feb/2026:23:57:16 +0530] "GET /api/auth/admin/fraud-logs/?page=1&limit=10 HTTP/1.1" 200 78 "http://localhost/" "Mozilla/5.0 (Linux; Android 6.0; Nexus 5 Build/MRA58N) AppleWebKit/537.36 (KHTML, like Gecko) Chrome/145.0.0.0 Mobile Safari/537.36"
172.20.0.1 - - [23/Feb/2026:23:57:20 +0530] "GET /api/auth/admin/audit-logs/?page=1&limit=15 HTTP/1.1" 200 412 "http://localhost/" "Mozilla/5.0 (Linux; Android 6.0; Nexus 5 Build/MRA58N) AppleWebKit/537.36 (KHTML, like Gecko) Chrome/145.0.0.0 Mobile Safari/537.36"
172.20.0.1 - - [23/Feb/2026:23:57:20 +0530] "GET /api/auth/admin/notifications/unread-count/ HTTP/1.1" 200 18 "http://localhost/" "Mozilla/5.0 (Linux; Android 6.0; Nexus 5 Build/MRA58N) AppleWebKit/537.36 (KHTML, like Gecko) Chrome/145.0.0.0 Mobile Safari/537.36"
127.0.0.1 - - [23/Feb/2026:23:57:26 +0530] "GET /api/health/ HTTP/1.1" 200 99 "-" "curl/8.14.1"
172.20.0.1 - - [23/Feb/2026:23:57:50 +0530] "GET /api/auth/admin/notifications/unread-count/ HTTP/1.1" 200 18 "http://localhost/" "Mozilla/5.0 (Windows NT 10.0; Win64; x64) AppleWebKit/537.36 (KHTML, like Gecko) Chrome/145.0.0.0 Safari/537.36"
127.0.0.1 - - [23/Feb/2026:23:57:56 +0530] "GET /api/health/ HTTP/1.1" 200 99 "-" "curl/8.14.1"
172.20.0.1 - - [23/Feb/2026:23:58:13 +0530] "OPTIONS /api/auth/operator/login/ HTTP/1.1" 200 0 "http://localhost/" "Mozilla/5.0 (Windows NT 10.0; Win64; x64) AppleWebKit/537.36 (KHTML, like Gecko) Chrome/145.0.0.0 Safari/537.36"
172.20.0.1 - - [23/Feb/2026:23:58:13 +0530] "POST /api/auth/operator/login/ HTTP/1.1" 200 1375 "http://localhost/" "Mozilla/5.0 (Windows NT 10.0; Win64; x64) AppleWebKit/537.36 (KHTML, like Gecko) Chrome/145.0.0.0 Safari/537.36"
127.0.0.1 - - [23/Feb/2026:23:58:26 +0530] "GET /api/health/ HTTP/1.1" 200 99 "-" "curl/8.14.1"
172.20.0.1 - - [23/Feb/2026:23:58:34 +0530] "POST /api/auth/setup-password/ HTTP/1.1" 200 1348 "http://localhost/" "Mozilla/5.0 (Windows NT 10.0; Win64; x64) AppleWebKit/537.36 (KHTML, like Gecko) Chrome/145.0.0.0 Safari/537.36"
172.20.0.1 - - [23/Feb/2026:23:58:34 +0530] "GET /api/auth/current-user/ HTTP/1.1" 200 378 "http://localhost/" "Mozilla/5.0 (Windows NT 10.0; Win64; x64) AppleWebKit/537.36 (KHTML, like Gecko) Chrome/145.0.0.0 Safari/537.36"
172.20.0.1 - - [23/Feb/2026:23:58:34 +0530] "OPTIONS /api/auth/operator/stats/ HTTP/1.1" 200 0 "http://localhost/" "Mozilla/5.0 (Windows NT 10.0; Win64; x64) AppleWebKit/537.36 (KHTML, like Gecko) Chrome/145.0.0.0 Safari/537.36"
172.20.0.1 - - [23/Feb/2026:23:58:34 +0530] "GET /api/auth/operator/stats/ HTTP/1.1" 200 148 "http://localhost/" "Mozilla/5.0 (Windows NT 10.0; Win64; x64) AppleWebKit/537.36 (KHTML, like Gecko) Chrome/145.0.0.0 Safari/537.36"
172.20.0.1 - - [23/Feb/2026:23:58:43 +0530] "OPTIONS /api/verification/send-otp/ HTTP/1.1" 200 0 "http://localhost/" "Mozilla/5.0 (Windows NT 10.0; Win64; x64) AppleWebKit/537.36 (KHTML, like Gecko) Chrome/145.0.0.0 Safari/537.36"
172.20.0.1 - - [23/Feb/2026:23:58:43 +0530] "POST /api/verification/send-otp/ HTTP/1.1" 500 49 "http://localhost/" "Mozilla/5.0 (Windows NT 10.0; Win64; x64) AppleWebKit/537.36 (KHTML, like Gecko) Chrome/145.0.0.0 Safari/537.36"
127.0.0.1 - - [23/Feb/2026:23:58:56 +0530] "GET /api/health/ HTTP/1.1" 200 99 "-" "curl/8.14.1"
127.0.0.1 - - [23/Feb/2026:23:59:26 +0530] "GET /api/health/ HTTP/1.1" 200 99 "-" "curl/8.14.1"
127.0.0.1 - - [23/Feb/2026:23:59:56 +0530] "GET /api/health/ HTTP/1.1" 200 99 "-" "curl/8.14.1"
127.0.0.1 - - [24/Feb/2026:00:00:26 +0530] "GET /api/health/ HTTP/1.1" 200 99 "-" "curl/8.14.1"
127.0.0.1 - - [24/Feb/2026:00:00:56 +0530] "GET /api/health/ HTTP/1.1" 200 99 "-" "curl/8.14.1"
127.0.0.1 - - [24/Feb/2026:00:01:26 +0530] "GET /api/health/ HTTP/1.1" 200 99 "-" "curl/8.14.1"
172.20.0.1 - - [24/Feb/2026:00:01:40 +0530] "POST /api/auth/operator/login/ HTTP/1.1" 200 1409 "http://localhost/" "Mozilla/5.0 (Windows NT 10.0; Win64; x64) AppleWebKit/537.36 (KHTML, like Gecko) Chrome/145.0.0.0 Safari/537.36"
127.0.0.1 - - [24/Feb/2026:00:01:56 +0530] "GET /api/health/ HTTP/1.1" 200 99 "-" "curl/8.14.1"
172.20.0.1 - - [24/Feb/2026:00:02:13 +0530] "POST /api/auth/setup-password/ HTTP/1.1" 401 31 "http://localhost/" "Mozilla/5.0 (Windows NT 10.0; Win64; x64) AppleWebKit/537.36 (KHTML, like Gecko) Chrome/145.0.0.0 Safari/537.36"
127.0.0.1 - - [24/Feb/2026:00:02:26 +0530] "GET /api/health/ HTTP/1.1" 200 99 "-" "curl/8.14.1"
172.20.0.1 - - [24/Feb/2026:00:02:28 +0530] "POST /api/auth/operator/login/ HTTP/1.1" 401 31 "http://localhost/" "Mozilla/5.0 (Windows NT 10.0; Win64; x64) AppleWebKit/537.36 (KHTML, like Gecko) Chrome/145.0.0.0 Safari/537.36"
127.0.0.1 - - [24/Feb/2026:00:02:56 +0530] "GET /api/health/ HTTP/1.1" 200 99 "-" "curl/8.14.1"
172.20.0.1 - - [24/Feb/2026:00:02:57 +0530] "POST /api/auth/operator/login/ HTTP/1.1" 200 1409 "http://localhost/" "Mozilla/5.0 (Windows NT 10.0; Win64; x64) AppleWebKit/537.36 (KHTML, like Gecko) Chrome/145.0.0.0 Safari/537.36"
127.0.0.1 - - [24/Feb/2026:00:03:26 +0530] "GET /api/health/ HTTP/1.1" 200 99 "-" "curl/8.14.1"
127.0.0.1 - - [24/Feb/2026:00:03:56 +0530] "GET /api/health/ HTTP/1.1" 200 99 "-" "curl/8.14.1"
172.20.0.1 - - [24/Feb/2026:00:04:14 +0530] "POST /api/auth/setup-password/ HTTP/1.1" 200 1382 "http://localhost/" "Mozilla/5.0 (Linux; Android 6.0; Nexus 5 Build/MRA58N) AppleWebKit/537.36 (KHTML, like Gecko) Chrome/145.0.0.0 Mobile Safari/537.36"
172.20.0.1 - - [24/Feb/2026:00:04:14 +0530] "GET /api/auth/current-user/ HTTP/1.1" 200 404 "http://localhost/" "Mozilla/5.0 (Linux; Android 6.0; Nexus 5 Build/MRA58N) AppleWebKit/537.36 (KHTML, like Gecko) Chrome/145.0.0.0 Mobile Safari/537.36"
172.20.0.1 - - [24/Feb/2026:00:04:14 +0530] "GET /api/auth/operator/stats/ HTTP/1.1" 200 149 "http://localhost/" "Mozilla/5.0 (Linux; Android 6.0; Nexus 5 Build/MRA58N) AppleWebKit/537.36 (KHTML, like Gecko) Chrome/145.0.0.0 Mobile Safari/537.36"
172.20.0.1 - - [24/Feb/2026:00:04:24 +0530] "GET /api/auth/current-user/ HTTP/1.1" 200 404 "http://localhost/" "Mozilla/5.0 (Linux; Android 6.0; Nexus 5 Build/MRA58N) AppleWebKit/537.36 (KHTML, like Gecko) Chrome/145.0.0.0 Mobile Safari/537.36"
127.0.0.1 - - [24/Feb/2026:00:04:26 +0530] "GET /api/health/ HTTP/1.1" 200 99 "-" "curl/8.14.1"
172.20.0.1 - - [24/Feb/2026:00:04:30 +0530] "POST /api/verification/send-otp/ HTTP/1.1" 500 49 "http://localhost/" "Mozilla/5.0 (Linux; Android 6.0; Nexus 5 Build/MRA58N) AppleWebKit/537.36 (KHTML, like Gecko) Chrome/145.0.0.0 Mobile Safari/537.36"
127.0.0.1 - - [24/Feb/2026:00:04:56 +0530] "GET /api/health/ HTTP/1.1" 200 99 "-" "curl/8.14.1"
